 PhysXCooking_64

 Timestamp is 692954ad (Fri Nov 28 16:52:13 2025)

 Preferred load address is 0000000180000000

 Start         Length     Name                   Class
 0001:00000000 000003c0H .text$di                CODE
 0001:000003c0 00028e50H .text$mn                CODE
 0001:00029210 00000036H .text$mn$00             CODE
 0001:00029246 00000092H .text$x                 CODE
 0002:00000000 00000180H .idata$5                DATA
 0002:00000180 00000028H .00cfg                  DATA
 0002:000001a8 00000008H .CRT$XCA                DATA
 0002:000001b0 000001e0H .CRT$XCU                DATA
 0002:00000390 00000008H .CRT$XCZ                DATA
 0002:00000398 00000008H .CRT$XIA                DATA
 0002:000003a0 00000008H .CRT$XIZ                DATA
 0002:000003a8 00000008H .CRT$XPA                DATA
 0002:000003b0 00000008H .CRT$XPZ                DATA
 0002:000003b8 00000008H .CRT$XTA                DATA
 0002:000003c0 00000010H .CRT$XTZ                DATA
 0002:000003c8 00000000H .gehcont$y              DATA
 0002:000003c8 00000000H .gfids$y                DATA
 0002:000003d0 00002030H .rdata                  DATA
 0002:00002400 00000000H .rdata$CastGuardVftablesA DATA
 0002:00002400 00000000H .rdata$CastGuardVftablesC DATA
 0002:00002400 00000074H .rdata$r                DATA
 0002:00002474 00000024H .rdata$voltmd           DATA
 0002:00002498 000003e0H .rdata$zzzdbg           DATA
 0002:00002878 00000008H .rtc$IAA                DATA
 0002:00002880 00000008H .rtc$IZZ                DATA
 0002:00002888 00000008H .rtc$TAA                DATA
 0002:00002890 00000008H .rtc$TZZ                DATA
 0002:00002898 00002d08H .xdata                  DATA
 0002:000055a0 00000040H .didat$2                DATA
 0002:000055e0 00000020H .didat$3                DATA
 0002:00005600 00000188H .didat$4                DATA
 0002:00005788 00000950H .didat$6                DATA
 0002:000060d8 00000188H .didat$7                DATA
 0002:00006260 00001d00H .edata                  DATA
 0002:00007f60 00000078H .idata$2                DATA
 0002:00007fd8 00000018H .idata$3                DATA
 0002:00007ff0 00000180H .idata$4                DATA
 0002:00008170 000003d4H .idata$6                DATA
 0003:00000000 00000070H .data                   DATA
 0003:00000070 00000598H .data$r                 DATA
 0003:00000608 00000020H .data$rs                DATA
 0003:00000628 00000188H .didat$5                DATA
 0003:000007b0 000004a0H .bss                    DATA
 0004:00000000 00001e6cH .pdata                  DATA
 0005:00000000 00002208H _RDATA                  DATA
 0006:00000000 000000a0H .rsrc$01                DATA
 0006:000000a0 000004b0H .rsrc$02                DATA

  Address         Publics by Value              Rva+Base               Lib:Object

 0000:00000000       ___safe_se_handler_table   0000000000000000     <absolute>
 0000:00000000       __arm64x_redirection_metadata 0000000000000000     <absolute>
 0000:00000000       __guard_iat_table          0000000000000000     <absolute>
 0000:00000000       __guard_longjmp_table      0000000000000000     <absolute>
 0000:00000000       __x64_code_ranges_to_entry_points 0000000000000000     <absolute>
 0000:00000000       __guard_iat_count          0000000000000000     <absolute>
 0000:00000000       __guard_fids_count         0000000000000000     <absolute>
 0000:00000000       __guard_longjmp_count      0000000000000000     <absolute>
 0000:00000000       __dynamic_value_reloc_table 0000000000000000     <absolute>
 0000:00000000       __arm64x_extra_rfe_table   0000000000000000     <absolute>
 0000:00000000       __hybrid_auxiliary_iat     0000000000000000     <absolute>
 0000:00000000       __x64_code_ranges_to_entry_points_count 0000000000000000     <absolute>
 0000:00000000       __hybrid_auxiliary_iat_copy 0000000000000000     <absolute>
 0000:00000000       __hybrid_code_map          0000000000000000     <absolute>
 0000:00000000       __arm64x_extra_rfe_table_size 0000000000000000     <absolute>
 0000:00000000       ___safe_se_handler_count   0000000000000000     <absolute>
 0000:00000000       __AbsoluteZero             0000000000000000     <absolute>
 0000:00000000       __guard_check_icall_a64n_fptr 0000000000000000     <absolute>
 0000:00000000       __guard_fids_table         0000000000000000     <absolute>
 0000:00000000       __guard_eh_cont_count      0000000000000000     <absolute>
 0000:00000000       __arm64x_redirection_metadata_count 0000000000000000     <absolute>
 0000:00000000       __enclave_config           0000000000000000     <absolute>
 0000:00000000       __guard_eh_cont_table      0000000000000000     <absolute>
 0000:00000000       __arm64x_native_entrypoint 0000000000000000     <absolute>
 0000:00000000       __hybrid_code_map_count    0000000000000000     <absolute>
 0000:00000100       __guard_flags              0000000000000100     <absolute>
 0000:00000000       __ImageBase                0000000180000000     <linker-defined>
 0001:000003c0       ??$?_UI@@YAPEAX_KV?$ReflectionAllocator@I@shdfnd@physx@@PEBDH@Z 00000001800013c0 f i Adjacencies.obj
 0001:00000460       ??$?_UV?$ReflectionAllocator@VAdjTriangle@physx@@@shdfnd@physx@@@UserAllocated@shdfnd@physx@@SAPEAX_KV?$ReflectionAllocator@VAdjTriangle@physx@@@12@PEBDH@Z 0000000180001460 f i Adjacencies.obj
 0001:00000500       ??0AdjacenciesBuilder@physx@@QEAA@XZ 0000000180001500 f   Adjacencies.obj
 0001:00000510       ?getPaddedBounds@HeightFieldData@Gu@physx@@QEBAAEBVCenterExtentsPadded@23@XZ 0000000180001510 f i Cooking.obj
 0001:00000510       ?getAABB@AABBTreeBuildNode@Gu@physx@@QEBAAEBVPxBounds3@3@XZ 0000000180001510 f i BVHStructureBuilder.obj
 0001:00000510       ??0HeightFieldData@Gu@physx@@QEAA@W4PxEMPTY@2@@Z 0000000180001510 f i Cooking.obj
 0001:00000510       ??4Allocator@shdfnd@physx@@QEAAAEAV012@$$QEAV012@@Z 0000000180001510 f i Adjacencies.obj
 0001:00000510       ??0AABBTreeBuildNode@Gu@physx@@QEAA@XZ 0000000180001510 f i BVHStructureBuilder.obj
 0001:00000510       ??4MutexImpl@shdfnd@physx@@QEAAAEAV012@AEBV012@@Z 0000000180001510 f i Adjacencies.obj
 0001:00000510       ??0BigConvexData@physx@@QEAA@W4PxEMPTY@1@@Z 0000000180001510 f i BigConvexDataBuilder.obj
 0001:00000510       ??0Box@Gu@physx@@QEAA@XZ   0000000180001510 f i ConvexHullUtils.obj
 0001:00000510       ??0Allocator@shdfnd@physx@@QEAA@PEBD@Z 0000000180001510 f i Adjacencies.obj
 0001:00000510       ??4Allocator@shdfnd@physx@@QEAAAEAV012@AEBV012@@Z 0000000180001510 f i Adjacencies.obj
 0001:00000510       ??4PxFoundation@physx@@QEAAAEAV01@AEBV01@@Z 0000000180001510 f i Adjacencies.obj
 0001:00000520       ??0PxFoundation@physx@@QEAA@XZ 0000000180001520 f i Adjacencies.obj
 0001:00000520       ??0PxFoundation@physx@@QEAA@AEBV01@@Z 0000000180001520 f i Adjacencies.obj
 0001:00000530       ??1Adjacencies@physx@@QEAA@XZ 0000000180001530 f   Adjacencies.obj
 0001:000005a0       ??1AdjacenciesBuilder@physx@@QEAA@XZ 00000001800015a0 f   Adjacencies.obj
 0001:000005b0       ??1PxFoundation@physx@@MEAA@XZ 00000001800015b0 f i Adjacencies.obj
 0001:000005c0       ??_EPxFoundation@physx@@MEAAPEAXI@Z 00000001800015c0 f i Adjacencies.obj
 0001:00000650       ??1AABBTreeBuildNode@Gu@physx@@QEAA@XZ 0000000180001650 f i BVHStructureBuilder.obj
 0001:00000650       ??_FAllocator@shdfnd@physx@@QEAAXXZ 0000000180001650 f i Adjacencies.obj
 0001:00000650       ?onMeshIndexFormatChange@TriangleMeshBuilder@physx@@UEAAXXZ 0000000180001650 f i TriangleMeshBuilder.obj
 0001:00000650       _guard_check_icall_nop     0000000180001650 f i MSVCRT:guard_support.obj
 0001:00000650       ??1BigConvexDataBuilder@physx@@QEAA@XZ 0000000180001650 f i BigConvexDataBuilder.obj
 0001:00000650       ??1HeightFieldData@Gu@physx@@QEAA@XZ 0000000180001650 f i Cooking.obj
 0001:00000650       ??1Box@Gu@physx@@QEAA@XZ   0000000180001650 f i ConvexHullUtils.obj
 0001:00000660       ?ComputeNbBoundaryEdges@Adjacencies@physx@@QEBAIXZ 0000000180001660 f   Adjacencies.obj
 0001:00000940       ?GetNbHits@RadixSort@Cm@physx@@QEBAIXZ 0000000180001940 f i Adjacencies.obj
 0001:00000950       ?GetNbTotalCalls@RadixSort@Cm@physx@@QEBAIXZ 0000000180001950 f i Adjacencies.obj
 0001:00000960       ?GetRanks@RadixSort@Cm@physx@@QEBAPEBIXZ 0000000180001960 f i Adjacencies.obj
 0001:00000960       ?getErrorCallback@Foundation@shdfnd@physx@@UEAAAEAVPxErrorCallback@3@XZ 0000000180001960 f i Adjacencies.obj
 0001:00000970       ?GetRecyclable@RadixSort@Cm@physx@@QEBAPEAIXZ 0000000180001970 f i Adjacencies.obj
 0001:00000970       ?GetValencies@BigConvexData@physx@@QEBAPEBUValency@Gu@2@XZ 0000000180001970 f i BigConvexDataBuilder.obj
 0001:00000970       ?getPos@AABBTreeBuildNode@Gu@physx@@QEBAPEBV123@XZ 0000000180001970 f i BVHStructureBuilder.obj
 0001:00000980       ?Init@AdjacenciesBuilder@physx@@QEAA_NAEBUADJACENCIESCREATE@2@@Z 0000000180001980 f   Adjacencies.obj
 0001:00000f30       ?allocate@?$ReflectionAllocator@I@shdfnd@physx@@QEAAPEAX_KPEBDH@Z 0000000180001f30 f i Adjacencies.obj
 0001:00000fd0       ?getAllocator@Foundation@shdfnd@physx@@QEAAAEAVPxAllocatorCallback@3@XZ 0000000180001fd0 f i Adjacencies.obj
 0001:00000fe0       ?getAllocatorCallback@Foundation@shdfnd@physx@@UEAAAEAVPxAllocatorCallback@3@XZ 0000000180001fe0 f i Adjacencies.obj
 0001:00000ff0       ?getErrorLevel@Foundation@shdfnd@physx@@UEBA?AW4Enum@PxErrorCode@3@XZ 0000000180001ff0 f i Adjacencies.obj
 0001:00001000       ?getInternalErrorCallback@Foundation@shdfnd@physx@@QEAAAEAVPxErrorCallback@3@XZ 0000000180002000 f i Adjacencies.obj
 0001:00001010       ?getNamedAllocMap@Foundation@shdfnd@physx@@QEAAAEAV?$HashMap@PEBVNamedAllocator@shdfnd@physx@@PEBDU?$Hash@PEBVNamedAllocator@shdfnd@physx@@@23@VNonTrackingAllocator@23@@23@XZ 0000000180002010 f i Adjacencies.obj
 0001:00001020       ?getNamedAllocMutex@Foundation@shdfnd@physx@@QEAAAEAV?$MutexT@VAllocator@shdfnd@physx@@@23@XZ 0000000180002020 f i Adjacencies.obj
 0001:00001030       ?getReportAllocationNames@Foundation@shdfnd@physx@@UEBA_NXZ 0000000180002030 f i Adjacencies.obj
 0001:00001040       ?getTempAllocFreeTable@Foundation@shdfnd@physx@@QEAAAEAV?$Array@PEATTempAllocatorChunk@shdfnd@physx@@VAllocator@23@@23@XZ 0000000180002040 f i Adjacencies.obj
 0001:00001050       ?getTempAllocMutex@Foundation@shdfnd@physx@@QEAAAEAV?$MutexT@VAllocator@shdfnd@physx@@@23@XZ 0000000180002050 f i Adjacencies.obj
 0001:00001060       ?invalidateRanks@RadixSort@Cm@physx@@QEAAXXZ 0000000180002060 f i Adjacencies.obj
 0001:00001070       ?setErrorLevel@Foundation@shdfnd@physx@@UEAAXW4Enum@PxErrorCode@3@@Z 0000000180002070 f i Adjacencies.obj
 0001:00001080       ?setReportAllocationNames@Foundation@shdfnd@physx@@UEAAX_N@Z 0000000180002080 f i Adjacencies.obj
 0001:00001090       ??0DebugText@Cm@physx@@QEAA@$$QEAU012@@Z 0000000180002090 f i Cooking.obj
 0001:00001090       ??0DebugText@Cm@physx@@QEAA@AEBU012@@Z 0000000180002090 f i Cooking.obj
 0001:00001170       ??4HeightFieldData@Gu@physx@@QEAAAEAU012@AEBU012@@Z 0000000180002170 f i Cooking.obj
 0001:00001170       ??0HeightFieldData@Gu@physx@@QEAA@AEBU012@@Z 0000000180002170 f i Cooking.obj
 0001:00001170       ??4HeightFieldData@Gu@physx@@QEAAAEAU012@$$QEAU012@@Z 0000000180002170 f i Cooking.obj
 0001:00001170       ??0HeightFieldData@Gu@physx@@QEAA@$$QEAU012@@Z 0000000180002170 f i Cooking.obj
 0001:000011d0       ??0HeightFieldData@Gu@physx@@QEAA@XZ 00000001800021d0 f i Cooking.obj
 0001:000011e0       ??0RenderOutput@Cm@physx@@QEAA@AEAVRenderBuffer@12@@Z 00000001800021e0 f i Cooking.obj
 0001:00001230       ??0RenderOutput@Cm@physx@@QEAA@AEBV012@@Z 0000000180002230 f i Cooking.obj
 0001:000012d0       ??1PxConvexMesh@physx@@MEAA@XZ 00000001800022d0 f i Cooking.obj
 0001:000012d0       ??1PxHeightField@physx@@MEAA@XZ 00000001800022d0 f i Cooking.obj
 0001:000012e0       ??4DebugText@Cm@physx@@QEAAAEAU012@AEBU012@@Z 00000001800022e0 f i Cooking.obj
 0001:000012e0       ??4DebugText@Cm@physx@@QEAAAEAU012@$$QEAU012@@Z 00000001800022e0 f i Cooking.obj
 0001:00001410       ??4FPUGuard@shdfnd@physx@@QEAAAEAV012@AEBV012@@Z 0000000180002410 f i Cooking.obj
 0001:00001430       ??_ECooking@physx@@UEAAPEAXI@Z 0000000180002430 f i Cooking.obj
 0001:00001430       ??_GCooking@physx@@UEAAPEAXI@Z 0000000180002430 f i Cooking.obj
 0001:00001480       ??_EPxBase@physx@@MEAAPEAXI@Z 0000000180002480 f i Cooking.obj
 0001:00001480       ??_GPxBase@physx@@MEAAPEAXI@Z 0000000180002480 f i Cooking.obj
 0001:000014b0       ??_EPxCooking@physx@@MEAAPEAXI@Z 00000001800024b0 f i Cooking.obj
 0001:000014b0       ??_GPxCooking@physx@@MEAAPEAXI@Z 00000001800024b0 f i Cooking.obj
 0001:000014e0       ?allocate@?$Array@UPxDebugLine@physx@@V?$ReflectionAllocator@UPxDebugLine@physx@@@shdfnd@2@@shdfnd@physx@@IEAAPEAUPxDebugLine@3@I@Z 00000001800024e0 f i Cooking.obj
 0001:00001580       ?computeHullPolygons@Cooking@physx@@UEBA_NAEBVPxSimpleTriangleMesh@2@AEAVPxAllocatorCallback@2@AEAIAEAPEAVPxVec3@2@2AEAPEAI2AEAPEAUPxHullPolygon@2@@Z 0000000180002580 f   Cooking.obj
 0001:00001760       ?cookBVHStructure@Cooking@physx@@UEBA_NAEBVPxBVHStructureDesc@2@AEAVPxOutputStream@2@@Z 0000000180002760 f   Cooking.obj
 0001:00001810       ?cookConvexMesh@Cooking@physx@@UEBA_NAEBVPxConvexMeshDesc@2@AEAVPxOutputStream@2@PEAW4Enum@PxConvexMeshCookingResult@2@@Z 0000000180002810 f   Cooking.obj
 0001:000019f0       ?cookConvexMeshInternal@Cooking@physx@@AEBA_NAEBVPxConvexMeshDesc@2@AEAVConvexMeshBuilder@2@PEAVConvexHullLib@2@PEAW4Enum@PxConvexMeshCookingResult@2@@Z 00000001800029f0 f   Cooking.obj
 0001:00001c60       ?cookHeightField@Cooking@physx@@UEBA_NAEBVPxHeightFieldDesc@2@AEAVPxOutputStream@2@@Z 0000000180002c60 f   Cooking.obj
 0001:00001d30       ?cookTriangleMesh@Cooking@physx@@UEBA_NAEBVPxTriangleMeshDesc@2@AEAVPxOutputStream@2@PEAW4Enum@PxTriangleMeshCookingResult@2@@Z 0000000180002d30 f   Cooking.obj
 0001:00001e70       ?copy@?$Array@UPxDebugLine@physx@@V?$ReflectionAllocator@UPxDebugLine@physx@@@shdfnd@2@@shdfnd@physx@@KAXPEAUPxDebugLine@3@0PEBU43@@Z 0000000180002e70 f i Cooking.obj
 0001:00002020       ?createBVHStructure@Cooking@physx@@UEBAPEAVPxBVHStructure@2@AEBVPxBVHStructureDesc@2@AEAVPxPhysicsInsertionCallback@2@@Z 0000000180003020 f   Cooking.obj
 0001:000020d0       ?createConvexMesh@Cooking@physx@@UEBAPEAVPxConvexMesh@2@AEBVPxConvexMeshDesc@2@AEAVPxPhysicsInsertionCallback@2@PEAW4Enum@PxConvexMeshCookingResult@2@@Z 00000001800030d0 f   Cooking.obj
 0001:000022d0       ?createHeightField@Cooking@physx@@UEBAPEAVPxHeightField@2@AEBVPxHeightFieldDesc@2@AEAVPxPhysicsInsertionCallback@2@@Z 00000001800032d0 f   Cooking.obj
 0001:00002430       ?createTriangleMesh@Cooking@physx@@UEBAPEAVPxTriangleMesh@2@AEBVPxTriangleMeshDesc@2@AEAVPxPhysicsInsertionCallback@2@PEAW4Enum@PxTriangleMeshCookingResult@2@@Z 0000000180003430 f   Cooking.obj
 0001:00002580       ?getConcreteTypeName@PxConvexMesh@physx@@UEBAPEBDXZ 0000000180003580 f i Cooking.obj
 0001:00002590       ?getConcreteTypeName@PxHeightField@physx@@UEBAPEBDXZ 0000000180003590 f i Cooking.obj
 0001:000025a0       ?getConvexEdgeThreshold@HeightField@Gu@physx@@UEBAMXZ 00000001800035a0 f i Cooking.obj
 0001:000025b0       ?getFlags@HeightField@Gu@physx@@UEBA?AV?$PxFlags@W4Enum@PxHeightFieldFlag@physx@@G@3@XZ 00000001800035b0 f i Cooking.obj
 0001:000025c0       ?getFormat@HeightField@Gu@physx@@UEBA?AW4Enum@PxHeightFieldFormat@3@XZ 00000001800035c0 f i Cooking.obj
 0001:000025d0       ?getHeight@HeightField@Gu@physx@@UEBAMMM@Z 00000001800035d0 f i Cooking.obj
 0001:00002610       ?getHeightInternal2@HeightField@Gu@physx@@QEBAMIMM@Z 0000000180003610 f i Cooking.obj
 0001:00002780       ?getIndexBuffer@ConvexMesh@Gu@physx@@UEBAPEBEXZ 0000000180003780 f i Cooking.obj
 0001:000027c0       ?getNbColumns@HeightField@Gu@physx@@UEBAIXZ 00000001800037c0 f i Cooking.obj
 0001:000027d0       ?getNbPolygons@ConvexMesh@Gu@physx@@UEBAIXZ 00000001800037d0 f i Cooking.obj
 0001:000027e0       ?getNbRows@HeightField@Gu@physx@@UEBAIXZ 00000001800037e0 f i Cooking.obj
 0001:000027f0       ?getNbVertices@ConvexMesh@Gu@physx@@UEBAIXZ 00000001800037f0 f i Cooking.obj
 0001:00002800       ?getDenormalizeScale@QuantizerImpl@@UEBAAEBVPxVec3@physx@@XZ 0000000180003800 f   Quantizer.obj
 0001:00002800       ?getParams@Cooking@physx@@UEBAAEBUPxCookingParams@2@XZ 0000000180003800 f   Cooking.obj
 0001:00002810       ?getSample@HeightField@Gu@physx@@UEBAAEBUPxHeightFieldSample@3@II@Z 0000000180003810 f i Cooking.obj
 0001:00002820       ?getSampleStride@HeightField@Gu@physx@@UEBAIXZ 0000000180003820 f i Cooking.obj
 0001:00002830       ?getTimestamp@HeightField@Gu@physx@@UEBAIXZ 0000000180003830 f i Cooking.obj
 0001:00002840       ?getTriangleMaterialIndex@HeightField@Gu@physx@@UEBAGI@Z 0000000180003840 f i Cooking.obj
 0001:00002870       ?getTriangleNormal@HeightField@Gu@physx@@UEBA?AVPxVec3@3@I@Z 0000000180003870 f i Cooking.obj
 0001:00002970       ?getVertices@ConvexMesh@Gu@physx@@UEBAPEBVPxVec3@3@XZ 0000000180003970 f i Cooking.obj
 0001:00002990       ?isKindOf@PxBase@physx@@MEBA_NPEBD@Z 0000000180003990 f i Cooking.obj
 0001:000029c0       ?isKindOf@PxConvexMesh@physx@@MEBA_NPEBD@Z 00000001800039c0 f i Cooking.obj
 0001:00002a10       ?isKindOf@PxHeightField@physx@@MEBA_NPEBD@Z 0000000180003a10 f i Cooking.obj
 0001:00002a60       ?isReleasable@PxBase@physx@@UEBA_NXZ 0000000180003a60 f i Cooking.obj
 0001:00002a70       ?outputSegment@RenderOutput@Cm@physx@@QEAAXAEBVPxVec3@3@0@Z 0000000180003a70 f i Cooking.obj
 0001:00002b30       ?platformMismatch@Cooking@physx@@UEBA_NXZ 0000000180003b30 f   Cooking.obj
 0001:00002b40       ?preExportDataReset@HeightField@Gu@physx@@QEAAXXZ 0000000180003b40 f i Cooking.obj
 0001:00002b40       ?preExportDataReset@ConvexMesh@Gu@physx@@QEAAXXZ 0000000180003b40 f i Cooking.obj
 0001:00002b50       ?recreate@?$Array@UPxDebugLine@physx@@V?$ReflectionAllocator@UPxDebugLine@physx@@@shdfnd@2@@shdfnd@physx@@IEAAXI@Z 0000000180003b50 f i Cooking.obj
 0001:00002be0       ?release@Cooking@physx@@UEAAXXZ 0000000180003be0 f   Cooking.obj
 0001:00002c00       ?reserveSegments@RenderOutput@Cm@physx@@QEAAPEAUPxDebugLine@3@I@Z 0000000180003c00 f i Cooking.obj
 0001:00002c70       ?setParams@Cooking@physx@@UEAAXAEBUPxCookingParams@2@@Z 0000000180003c70 f   Cooking.obj
 0001:00002cd0       ?validateConvexMesh@Cooking@physx@@UEBA_NAEBVPxConvexMeshDesc@2@@Z 0000000180003cd0 f   Cooking.obj
 0001:00002d30       ?validateTriangleMesh@Cooking@physx@@UEBA_NAEBVPxTriangleMeshDesc@2@@Z 0000000180003d30 f   Cooking.obj
 0001:00002e40       PxCreateCooking            0000000180003e40 f   Cooking.obj
 0001:00002f30       ??0ReducedVertexCloud@physx@@QEAA@PEBVPxVec3@1@I@Z 0000000180003f30 f   CookingUtils.obj
 0001:00002f50       ??1ReducedVertexCloud@physx@@QEAA@XZ 0000000180003f50 f   CookingUtils.obj
 0001:00002f60       ?Clean@ReducedVertexCloud@physx@@QEAAAEAV12@XZ 0000000180003f60 f   CookingUtils.obj
 0001:00002fd0       ?Reduce@ReducedVertexCloud@physx@@QEAA_NPEAUREDUCEDCLOUD@2@@Z 0000000180003fd0 f   CookingUtils.obj
 0001:000032f0       ??0EdgeListBuilder@Gu@physx@@QEAA@XZ 00000001800042f0 f   EdgeList.obj
 0001:00003310       ??1EdgeList@Gu@physx@@QEAA@XZ 0000000180004310 f   EdgeList.obj
 0001:000033b0       ??1EdgeListBuilder@Gu@physx@@QEAA@XZ 00000001800043b0 f   EdgeList.obj
 0001:000033c0       ?computeActiveEdges@EdgeListBuilder@Gu@physx@@AEAA_NIPEBIPEBGPEBVPxVec3@3@M@Z 00000001800043c0 f   EdgeList.obj
 0001:00004a00       ?createEdgesToFaces@EdgeListBuilder@Gu@physx@@AEAA_NIPEBIPEBG@Z 0000000180005a00 f   EdgeList.obj
 0001:00004c60       ?createFacesToEdges@EdgeListBuilder@Gu@physx@@AEAA_NIPEBIPEBG@Z 0000000180005c60 f   EdgeList.obj
 0001:000050d0       ?init@EdgeListBuilder@Gu@physx@@QEAA_NAEBUEDGELISTCREATE@23@@Z 00000001800060d0 f   EdgeList.obj
 0001:00005200       ??0MeshCleaner@physx@@QEAA@IPEBVPxVec3@1@IPEBIM@Z 0000000180006200 f   MeshCleaner.obj
 0001:00005ba0       ??1MeshCleaner@physx@@QEAA@XZ 0000000180006ba0 f   MeshCleaner.obj
 0001:00005c30       ??$kmeans_cluster@VPxVec3@physx@@M@@YAIPEBVPxVec3@physx@@IIPEAV01@PEAIMM@Z 0000000180006c30 f i Quantizer.obj
 0001:00006570       ??_EQuantizer@physx@@MEAAPEAXI@Z 0000000180007570 f i Quantizer.obj
 0001:00006570       ??_GQuantizer@physx@@MEAAPEAXI@Z 0000000180007570 f i Quantizer.obj
 0001:000065a0       ??_GQuantizerImpl@@EEAAPEAXI@Z 00000001800075a0 f i Quantizer.obj
 0001:000065a0       ??_EQuantizerImpl@@EEAAPEAXI@Z 00000001800075a0 f i Quantizer.obj
 0001:00006670       ?allocate@?$Array@VPxVec3@physx@@V?$ReflectionAllocator@VPxVec3@physx@@@shdfnd@2@@shdfnd@physx@@IEAAPEAVPxVec3@3@I@Z 0000000180007670 f i Quantizer.obj
 0001:00006710       ?copy@?$Array@VPxVec3@physx@@V?$ReflectionAllocator@VPxVec3@physx@@@shdfnd@2@@shdfnd@physx@@KAXPEAVPxVec3@3@0PEBV43@@Z 0000000180007710 f i Quantizer.obj
 0001:000067e0       ?createQuantizer@physx@@YAPEAVQuantizer@1@XZ 00000001800077e0 f   Quantizer.obj
 0001:00006890       ?getDenormalizeCenter@QuantizerImpl@@UEBAAEBVPxVec3@physx@@XZ 0000000180007890 f i Quantizer.obj
 0001:000068a0       ?growAndPushBack@?$Array@VPxVec3@physx@@V?$ReflectionAllocator@VPxVec3@physx@@@shdfnd@2@@shdfnd@physx@@IEAAAEAVPxVec3@3@AEBV43@@Z 00000001800078a0 f i Quantizer.obj
 0001:00006a70       ?kmeansQuantize3D@QuantizerImpl@@UEAAPEBVPxVec3@physx@@IPEBV23@I_NIAEAI@Z 0000000180007a70 f i Quantizer.obj
 0001:00006cd0       ?normalizeInput@QuantizerImpl@@AEAAXIPEBVPxVec3@physx@@I@Z 0000000180007cd0 f i Quantizer.obj
 0001:00007100       ?release@QuantizerImpl@@UEAAXXZ 0000000180008100 f i Quantizer.obj
 0001:00007120       ??$copy@V?$ReflectionAllocator@USlab@NodeAllocator@Gu@physx@@@shdfnd@physx@@@?$Array@USlab@NodeAllocator@Gu@physx@@V?$ReflectionAllocator@USlab@NodeAllocator@Gu@physx@@@shdfnd@4@@shdfnd@physx@@IEAAXAEBV012@@Z 0000000180008120 f i BVHStructureBuilder.obj
 0001:000071a0       ??4AABBTreeBuildNode@Gu@physx@@QEAAAEAV012@AEBV012@@Z 00000001800081a0 f i BVHStructureBuilder.obj
 0001:000071a0       ??0AABBTreeBuildNode@Gu@physx@@QEAA@AEBV012@@Z 00000001800081a0 f i BVHStructureBuilder.obj
 0001:000071e0       ??0AABBTreeBuildParams@Gu@physx@@QEAA@IIPEBVPxBounds3@2@@Z 00000001800081e0 f i BVHStructureBuilder.obj
 0001:00007200       ??0BVHStructureBuilder@physx@@QEAA@XZ 0000000180008200 f   BVHStructureBuilder.obj
 0001:00007220       ??0BuildStats@Gu@physx@@QEAA@XZ 0000000180008220 f i BVHStructureBuilder.obj
 0001:00007230       ??0NodeAllocator@Gu@physx@@QEAA@AEBV012@@Z 0000000180008230 f i BVHStructureBuilder.obj
 0001:00007270       ??1AABBTreeBuildParams@Gu@physx@@QEAA@XZ 0000000180008270 f i BVHStructureBuilder.obj
 0001:00007270       ?reset@AABBTreeBuildParams@Gu@physx@@QEAAXXZ 0000000180008270 f i BVHStructureBuilder.obj
 0001:000072d0       ??1BVHStructureBuilder@physx@@QEAA@XZ 00000001800082d0 f   BVHStructureBuilder.obj
 0001:00007350       ??4AABBTreeBuildParams@Gu@physx@@QEAAAEAV012@AEBV012@@Z 0000000180008350 f i BVHStructureBuilder.obj
 0001:00007370       ??4BuildStats@Gu@physx@@QEAAAEAU012@$$QEAU012@@Z 0000000180008370 f i BVHStructureBuilder.obj
 0001:00007380       ??4BuildStats@Gu@physx@@QEAAAEAU012@AEBU012@@Z 0000000180008380 f i BVHStructureBuilder.obj
 0001:00007390       ??4NodeAllocator@Gu@physx@@QEAAAEAV012@AEBV012@@Z 0000000180008390 f i BVHStructureBuilder.obj
 0001:00007440       ??_FAABBTreeBuildParams@Gu@physx@@QEAAXXZ 0000000180008440 f i BVHStructureBuilder.obj
 0001:00007460       ??_V@YAXPEAX_K@Z           0000000180008460 f i MSVCRT:delete_array_size.obj
 0001:00007460       ?__global_delete@@YAXPEAX_K@Z 0000000180008460 f i BVHStructureBuilder.obj
 0001:00007470       ?allocate@?$Array@USlab@NodeAllocator@Gu@physx@@V?$ReflectionAllocator@USlab@NodeAllocator@Gu@physx@@@shdfnd@4@@shdfnd@physx@@IEAAPEAUSlab@NodeAllocator@Gu@3@I@Z 0000000180008470 f i BVHStructureBuilder.obj
 0001:00007510       ?getCount@BuildStats@Gu@physx@@QEBAIXZ 0000000180008510 f i BVHStructureBuilder.obj
 0001:00007520       ?getNbRuntimePrimitives@AABBTreeBuildNode@Gu@physx@@QEBAIXZ 0000000180008520 f i BVHStructureBuilder.obj
 0001:00007520       ?getNbPrimitives@AABBTreeBuildNode@Gu@physx@@QEBAIXZ 0000000180008520 f i BVHStructureBuilder.obj
 0001:00007530       ?getNeg@AABBTreeBuildNode@Gu@physx@@QEBAPEBV123@XZ 0000000180008530 f i BVHStructureBuilder.obj
 0001:00007550       ?getPrimitives@AABBTreeBuildNode@Gu@physx@@QEBAPEBIPEBI@Z 0000000180008550 f i BVHStructureBuilder.obj
 0001:00007550       ?getPrimitives@AABBTreeBuildNode@Gu@physx@@QEAAPEAIPEAI@Z 0000000180008550 f i BVHStructureBuilder.obj
 0001:00007560       ?increaseCount@BuildStats@Gu@physx@@QEAAXI@Z 0000000180008560 f i BVHStructureBuilder.obj
 0001:00007570       ?isLeaf@AABBTreeBuildNode@Gu@physx@@QEBA_NXZ 0000000180008570 f i BVHStructureBuilder.obj
 0001:00007580       ?loadFromDesc@BVHStructureBuilder@physx@@QEAA_NAEBVPxBVHStructureDesc@2@@Z 0000000180008580 f   BVHStructureBuilder.obj
 0001:00007a50       ?moveData@BVHStructureBuilder@physx@@QEAAXAEAUBVHStructureData@Gu@2@@Z 0000000180008a50 f   BVHStructureBuilder.obj
 0001:00007a90       ?recreate@?$Array@USlab@NodeAllocator@Gu@physx@@V?$ReflectionAllocator@USlab@NodeAllocator@Gu@physx@@@shdfnd@4@@shdfnd@physx@@IEAAXI@Z 0000000180008a90 f i BVHStructureBuilder.obj
 0001:00007b40       ?reset@BuildStats@Gu@physx@@QEAAXXZ 0000000180008b40 f i BVHStructureBuilder.obj
 0001:00007b50       ?save@BVHStructureBuilder@physx@@QEBA_NAEAVPxOutputStream@2@_N@Z 0000000180008b50 f   BVHStructureBuilder.obj
 0001:00007cd0       ?setCount@BuildStats@Gu@physx@@QEAAXI@Z 0000000180008cd0 f i BVHStructureBuilder.obj
 0001:00007ce0       ?setNbRunTimePrimitives@AABBTreeBuildNode@Gu@physx@@QEAAXI@Z 0000000180008ce0 f i BVHStructureBuilder.obj
 0001:00007cf0       ?saveHeightField@physx@@YA_NAEBVHeightField@Gu@1@AEAVPxOutputStream@1@_N@Z 0000000180008cf0 f   HeightFieldCooking.obj
 0001:00007f30       ??$quickSelectFirstK@UBoundsLTE@physx@@@quickSelect@physx@@YAXPEIAIIIIAEBUBoundsLTE@1@@Z 0000000180008f30 f i RTreeCooking.obj
 0001:00008110       ??$smallSort@I$$CBUSortBoundsPredicate@physx@@@internal@shdfnd@physx@@YAXPEAIHHAEBUSortBoundsPredicate@2@@Z 0000000180009110 f i RTreeCooking.obj
 0001:000083e0       ??$sort@IU?$Less@I@shdfnd@physx@@V?$ReflectionAllocator@I@23@@shdfnd@physx@@YAXPEAIIAEBU?$Less@I@01@AEBV?$ReflectionAllocator@I@01@I@Z 00000001800093e0 f i RTreeCooking.obj
 0001:00008830       ??$sort@IUSortBoundsPredicate@physx@@V?$ReflectionAllocator@I@shdfnd@2@@shdfnd@physx@@YAXPEAIIAEBUSortBoundsPredicate@1@AEBV?$ReflectionAllocator@I@01@I@Z 0000000180009830 f i RTreeCooking.obj
 0001:00008d30       ?allocate@?$Array@UInterval@physx@@V?$InlineAllocator@$0CAAA@V?$ReflectionAllocator@UInterval@physx@@@shdfnd@physx@@@shdfnd@2@@shdfnd@physx@@IEAAPEAUInterval@3@I@Z 0000000180009d30 f i RTreeCooking.obj
 0001:00008df0       ?allocate@?$Array@UPxBounds3V@physx@@V?$ReflectionAllocator@UPxBounds3V@physx@@@shdfnd@2@@shdfnd@physx@@IEAAPEAUPxBounds3V@3@I@Z 0000000180009df0 f i RTreeCooking.obj
 0001:00008e90       ?allocate@?$Array@URTreeNodeNQ@physx@@V?$ReflectionAllocator@URTreeNodeNQ@physx@@@shdfnd@2@@shdfnd@physx@@IEAAPEAURTreeNodeNQ@3@I@Z 0000000180009e90 f i RTreeCooking.obj
 0001:00008f30       ?allocate@?$Array@URTreeNodeQ@Gu@physx@@V?$ReflectionAllocator@URTreeNodeQ@Gu@physx@@@shdfnd@3@@shdfnd@physx@@IEAAPEAURTreeNodeQ@Gu@3@I@Z 0000000180009f30 f i RTreeCooking.obj
 0001:00009c00       ?buildFromTriangles@RTreeCooker@physx@@SAXAEAURTree@Gu@2@PEBVPxVec3@2@IPEBGPEBIIAEAV?$Array@IV?$ReflectionAllocator@I@shdfnd@physx@@@shdfnd@2@PEAURemapCallback@12@MW4Enum@PxMeshCookingHint@2@@Z 000000018000ac00 f   RTreeCooking.obj
 0001:00009ea0       ?copy@?$Array@URTreeNodeNQ@physx@@V?$ReflectionAllocator@URTreeNodeNQ@physx@@@shdfnd@2@@shdfnd@physx@@KAXPEAURTreeNodeNQ@3@0PEBU43@@Z 000000018000aea0 f i RTreeCooking.obj
 0001:0000a060       ?growAndPushBack@?$Array@IV?$ReflectionAllocator@I@shdfnd@physx@@@shdfnd@physx@@IEAAAEAIAEBI@Z 000000018000b060 f i RTreeCooking.obj
 0001:0000a130       ?growAndPushBack@?$Array@UInterval@physx@@V?$InlineAllocator@$0CAAA@V?$ReflectionAllocator@UInterval@physx@@@shdfnd@physx@@@shdfnd@2@@shdfnd@physx@@IEAAAEAUInterval@3@AEBU43@@Z 000000018000b130 f i RTreeCooking.obj
 0001:0000a210       ?growAndPushBack@?$Array@UPxBounds3V@physx@@V?$ReflectionAllocator@UPxBounds3V@physx@@@shdfnd@2@@shdfnd@physx@@IEAAAEAUPxBounds3V@3@AEBU43@@Z 000000018000b210 f i RTreeCooking.obj
 0001:0000a2e0       ?growAndPushBack@?$Array@URTreeNodeNQ@physx@@V?$ReflectionAllocator@URTreeNodeNQ@physx@@@shdfnd@2@@shdfnd@physx@@IEAAAEAURTreeNodeNQ@3@AEBU43@@Z 000000018000b2e0 f i RTreeCooking.obj
 0001:0000a3b0       ?growAndPushBack@?$Array@URTreeNodeQ@Gu@physx@@V?$ReflectionAllocator@URTreeNodeQ@Gu@physx@@@shdfnd@3@@shdfnd@physx@@IEAAAEAURTreeNodeQ@Gu@3@AEBU453@@Z 000000018000b3b0 f i RTreeCooking.obj
 0001:0000a490       ?recreate@?$Array@IV?$ReflectionAllocator@I@shdfnd@physx@@@shdfnd@physx@@IEAAXI@Z 000000018000b490 f i RTreeCooking.obj
 0001:0000a550       ?recreate@?$Array@UPxBounds3V@physx@@V?$ReflectionAllocator@UPxBounds3V@physx@@@shdfnd@2@@shdfnd@physx@@IEAAXI@Z 000000018000b550 f i RTreeCooking.obj
 0001:0000a600       ?recreate@?$Array@URTreeNodeNQ@physx@@V?$ReflectionAllocator@URTreeNodeNQ@physx@@@shdfnd@2@@shdfnd@physx@@IEAAXI@Z 000000018000b600 f i RTreeCooking.obj
 0001:0000a690       ?recreate@?$Array@URTreeNodeQ@Gu@physx@@V?$ReflectionAllocator@URTreeNodeQ@Gu@physx@@@shdfnd@3@@shdfnd@physx@@IEAAXI@Z 000000018000b690 f i RTreeCooking.obj
 0001:0000a750       ?recreate@?$Array@VPxVec3@physx@@V?$ReflectionAllocator@VPxVec3@physx@@@shdfnd@2@@shdfnd@physx@@IEAAXI@Z 000000018000b750 f i RTreeCooking.obj
 0001:0000a7e0       ?resize@?$Array@IV?$ReflectionAllocator@I@shdfnd@physx@@@shdfnd@physx@@QEAAXIAEBI@Z 000000018000b7e0 f i RTreeCooking.obj
 0001:0000a8a0       ?resizeUninitialized@?$Array@URTreeNodeNQ@physx@@V?$ReflectionAllocator@URTreeNodeNQ@physx@@@shdfnd@2@@shdfnd@physx@@QEAAXI@Z 000000018000b8a0 f i RTreeCooking.obj
 0001:0000a8e0       ?sort4@SubSortQuick@physx@@QEAAXPEIAIIAEAV?$Array@URTreeNodeNQ@physx@@V?$ReflectionAllocator@URTreeNodeNQ@physx@@@shdfnd@2@@shdfnd@2@AEAIAEAUPxBounds3V@2@I@Z 000000018000b8e0 f i RTreeCooking.obj
 0001:0000ac70       ?sort4@SubSortSAH@physx@@QEAAXPEAIIAEAV?$Array@URTreeNodeNQ@physx@@V?$ReflectionAllocator@URTreeNodeNQ@physx@@@shdfnd@2@@shdfnd@2@AEAIIPEAURTreeNodeNQ@2@@Z 000000018000bc70 f i RTreeCooking.obj
 0001:0000b4c0       ?split@SubSortSAH@physx@@QEAAIPEAII@Z 000000018000c4c0 f i RTreeCooking.obj
 0001:0000bec0       ?computeLocalBounds@MeshBulider@physx@@IEAAXAEAVMeshDataBase@Gu@2@@Z 000000018000cec0 f   MeshBuilder.obj
 0001:0000bf50       ??$?_UE@@YAPEAX_KV?$ReflectionAllocator@E@shdfnd@physx@@PEBDH@Z 000000018000cf50 f i TriangleMeshBuilder.obj
 0001:0000bff0       ??$?_UG@@YAPEAX_KV?$ReflectionAllocator@G@shdfnd@physx@@PEBDH@Z 000000018000cff0 f i TriangleMeshBuilder.obj
 0001:0000c090       ??$sort@UEdgeTriLookup@physx@@U?$Less@UEdgeTriLookup@physx@@@shdfnd@2@V?$ReflectionAllocator@UEdgeTriLookup@physx@@@42@@shdfnd@physx@@YAXPEAUEdgeTriLookup@1@IAEBU?$Less@UEdgeTriLookup@physx@@@01@AEBV?$ReflectionAllocator@UEdgeTriLookup@physx@@@01@I@Z 000000018000d090 f i TriangleMeshBuilder.obj
 0001:0000c610       ??0BV4TriangleMeshBuilder@physx@@QEAA@AEBUPxCookingParams@1@@Z 000000018000d610 f   TriangleMeshBuilder.obj
 0001:0000c6e0       ??0RTreeTriangleMeshBuilder@physx@@QEAA@AEBUPxCookingParams@1@@Z 000000018000d6e0 f   TriangleMeshBuilder.obj
 0001:0000c7a0       ??1BV4TriangleMeshBuilder@physx@@UEAA@XZ 000000018000d7a0 f   TriangleMeshBuilder.obj
 0001:0000c800       ??1MeshDataBase@Gu@physx@@UEAA@XZ 000000018000d800 f i TriangleMeshBuilder.obj
 0001:0000c8e0       ??1RTreeTriangleData@Gu@physx@@UEAA@XZ 000000018000d8e0 f i TriangleMeshBuilder.obj
 0001:0000c950       ??1RTreeTriangleMeshBuilder@physx@@UEAA@XZ 000000018000d950 f   TriangleMeshBuilder.obj
 0001:0000c980       ??1TriangleMeshBuilder@physx@@UEAA@XZ 000000018000d980 f   TriangleMeshBuilder.obj
 0001:0000c9e0       ??1TriangleMeshData@Gu@physx@@UEAA@XZ 000000018000d9e0 f i TriangleMeshBuilder.obj
 0001:0000cab0       ??_GBV4TriangleData@Gu@physx@@UEAAPEAXI@Z 000000018000dab0 f i TriangleMeshBuilder.obj
 0001:0000cab0       ??_EBV4TriangleData@Gu@physx@@UEAAPEAXI@Z 000000018000dab0 f i TriangleMeshBuilder.obj
 0001:0000cb30       ??_GBV4TriangleMeshBuilder@physx@@UEAAPEAXI@Z 000000018000db30 f i TriangleMeshBuilder.obj
 0001:0000cb30       ??_EBV4TriangleMeshBuilder@physx@@UEAAPEAXI@Z 000000018000db30 f i TriangleMeshBuilder.obj
 0001:0000cbb0       ??_EMeshDataBase@Gu@physx@@UEAAPEAXI@Z 000000018000dbb0 f i TriangleMeshBuilder.obj
 0001:0000cbb0       ??_GMeshDataBase@Gu@physx@@UEAAPEAXI@Z 000000018000dbb0 f i TriangleMeshBuilder.obj
 0001:0000cc10       ??_GRTreeCookerRemap@physx@@UEAAPEAXI@Z 000000018000dc10 f i TriangleMeshBuilder.obj
 0001:0000cc10       ??_ERTreeCookerRemap@physx@@UEAAPEAXI@Z 000000018000dc10 f i TriangleMeshBuilder.obj
 0001:0000cc40       ??_GRTreeTriangleData@Gu@physx@@UEAAPEAXI@Z 000000018000dc40 f i TriangleMeshBuilder.obj
 0001:0000cc40       ??_ERTreeTriangleData@Gu@physx@@UEAAPEAXI@Z 000000018000dc40 f i TriangleMeshBuilder.obj
 0001:0000cca0       ??_GRTreeTriangleMeshBuilder@physx@@UEAAPEAXI@Z 000000018000dca0 f i TriangleMeshBuilder.obj
 0001:0000cca0       ??_ERTreeTriangleMeshBuilder@physx@@UEAAPEAXI@Z 000000018000dca0 f i TriangleMeshBuilder.obj
 0001:0000ccf0       ??_ERemapCallback@RTreeCooker@physx@@UEAAPEAXI@Z 000000018000dcf0 f i TriangleMeshBuilder.obj
 0001:0000ccf0       ??_GRemapCallback@RTreeCooker@physx@@UEAAPEAXI@Z 000000018000dcf0 f i TriangleMeshBuilder.obj
 0001:0000cd20       ??_GTriangleMeshBuilder@physx@@UEAAPEAXI@Z 000000018000dd20 f i TriangleMeshBuilder.obj
 0001:0000cd20       ??_ETriangleMeshBuilder@physx@@UEAAPEAXI@Z 000000018000dd20 f i TriangleMeshBuilder.obj
 0001:0000cd60       ??_GTriangleMeshData@Gu@physx@@UEAAPEAXI@Z 000000018000dd60 f i TriangleMeshBuilder.obj
 0001:0000cd60       ??_ETriangleMeshData@Gu@physx@@UEAAPEAXI@Z 000000018000dd60 f i TriangleMeshBuilder.obj
 0001:0000cdc0       ?allocateTriangles@TriangleMeshData@Gu@physx@@QEAAPEAXI_NI@Z 000000018000ddc0 f i TriangleMeshBuilder.obj
 0001:0000cea0       ?allocateVertices@MeshDataBase@Gu@physx@@QEAAPEAVPxVec3@3@I@Z 000000018000dea0 f i TriangleMeshBuilder.obj
 0001:0000d3e0       ?checkMeshIndicesSize@TriangleMeshBuilder@physx@@QEAAXXZ 000000018000e3e0 f   TriangleMeshBuilder.obj
 0001:0000d4f0       ?cleanMesh@TriangleMeshBuilder@physx@@QEAA_N_NPEAW4Enum@PxTriangleMeshCookingResult@2@@Z 000000018000e4f0 f   TriangleMeshBuilder.obj
 0001:0000d9e0       ?createGRBMidPhaseAndData@TriangleMeshBuilder@physx@@QEAAXI@Z 000000018000e9e0 f   TriangleMeshBuilder.obj
 0001:0000dc60       ?createMidPhaseStructure@BV32TriangleMeshBuilder@physx@@SAXAEBUPxCookingParams@2@AEAVTriangleMeshData@Gu@2@AEAVBV32Tree@52@@Z 000000018000ec60 f   TriangleMeshBuilder.obj
 0001:0000de30       ?createMidPhaseStructure@BV4TriangleMeshBuilder@physx@@UEAAXXZ 000000018000ee30 f   TriangleMeshBuilder.obj
 0001:0000e0f0       ?createMidPhaseStructure@RTreeTriangleMeshBuilder@physx@@UEAAXXZ 000000018000f0f0 f   TriangleMeshBuilder.obj
 0001:0000e1d0       ?createSharedEdgeData@TriangleMeshBuilder@physx@@QEAAX_N0@Z 000000018000f1d0 f   TriangleMeshBuilder.obj
 0001:0000e880       ?getMidphaseID@BV4TriangleMeshBuilder@physx@@UEBA?AW4Enum@PxMeshMidPhase@2@XZ 000000018000f880 f i TriangleMeshBuilder.obj
 0001:0000e880       _get_startup_argv_mode     000000018000f880 f i MSVCRT:argv_mode.obj
 0001:0000e890       ?getMidphaseID@RTreeTriangleMeshBuilder@physx@@UEBA?AW4Enum@PxMeshMidPhase@2@XZ 000000018000f890 f i TriangleMeshBuilder.obj
 0001:0000e890       __scrt_stub_for_is_c_termination_complete 000000018000f890 f i MSVCRT:ucrt_stubs.obj
 0001:0000e890       _is_c_termination_complete 000000018000f890 f i MSVCRT:ucrt_stubs.obj
 0001:0000e8a0       ?importMesh@TriangleMeshBuilder@physx@@IEAA_NAEBVPxTriangleMeshDesc@2@AEBUPxCookingParams@2@PEAW4Enum@PxTriangleMeshCookingResult@2@_N@Z 000000018000f8a0 f   TriangleMeshBuilder.obj
 0001:0000ec20       ?loadFromDesc@TriangleMeshBuilder@physx@@QEAA_NAEBVPxTriangleMeshDesc@2@PEAW4Enum@PxTriangleMeshCookingResult@2@_N@Z 000000018000fc20 f   TriangleMeshBuilder.obj
 0001:0000f0a0       ?onMeshIndexFormatChange@BV4TriangleMeshBuilder@physx@@UEAAXXZ 00000001800100a0 f   TriangleMeshBuilder.obj
 0001:0000f0e0       ?remap@RTreeCookerRemap@physx@@UEAAXPEAIII@Z 00000001800100e0 f i TriangleMeshBuilder.obj
 0001:0000f100       ?remapTopology@TriangleMeshBuilder@physx@@QEAAXPEBI@Z 0000000180010100 f   TriangleMeshBuilder.obj
 0001:0000f400       ?save@TriangleMeshBuilder@physx@@QEBA_NAEAVPxOutputStream@2@_NAEBUPxCookingParams@2@@Z 0000000180010400 f   TriangleMeshBuilder.obj
 0001:0000f9d0       ?saveMidPhaseStructure@BV4TriangleMeshBuilder@physx@@UEBAXAEAVPxOutputStream@2@_N@Z 00000001800109d0 f   TriangleMeshBuilder.obj
 0001:0000fb70       ?saveMidPhaseStructure@RTreeTriangleMeshBuilder@physx@@UEBAXAEAVPxOutputStream@2@_N@Z 0000000180010b70 f   TriangleMeshBuilder.obj
 0001:0000fdb0       ??0BigConvexDataBuilder@physx@@QEAA@PEBUConvexHullData@Gu@1@PEAVBigConvexData@1@PEBVPxVec3@1@@Z 0000000180010db0 f   BigConvexDataBuilder.obj
 0001:0000fdc0       ??4BigConvexData@physx@@QEAAAEAV01@AEBV01@@Z 0000000180010dc0 f i BigConvexDataBuilder.obj
 0001:0000fde0       ?GetAdjacentVerts@BigConvexData@physx@@QEBAPEBEXZ 0000000180010de0 f i BigConvexDataBuilder.obj
 0001:0000fdf0       ?GetValency@BigConvexData@physx@@QEBAGI@Z 0000000180010df0 f i BigConvexDataBuilder.obj
 0001:0000fdf0       ?GetNbNeighbors@BigConvexData@physx@@QEBAGI@Z 0000000180010df0 f i BigConvexDataBuilder.obj
 0001:0000fe00       ?GetNbSamples@BigConvexData@physx@@QEBAIXZ 0000000180010e00 f i BigConvexDataBuilder.obj
 0001:0000fe10       ?GetNbVerts@BigConvexData@physx@@QEBAIXZ 0000000180010e10 f i BigConvexDataBuilder.obj
 0001:0000fe20       ?GetNeighbors@BigConvexData@physx@@QEBAPEBEI@Z 0000000180010e20 f i BigConvexDataBuilder.obj
 0001:0000fe30       ?GetOffset@BigConvexData@physx@@QEBAGI@Z 0000000180010e30 f i BigConvexDataBuilder.obj
 0001:0000fe40       ?GetSubdiv@BigConvexData@physx@@QEBAIXZ 0000000180010e40 f i BigConvexDataBuilder.obj
 0001:0000fe50       ?computeValencies@BigConvexDataBuilder@physx@@QEAA_NAEBVConvexHullBuilder@2@@Z 0000000180010e50 f   BigConvexDataBuilder.obj
 0001:00010240       ?precompute@BigConvexDataBuilder@physx@@QEAA_NI@Z 0000000180011240 f   BigConvexDataBuilder.obj
 0001:00010e80       ?save@BigConvexDataBuilder@physx@@QEBA_NAEAVPxOutputStream@2@_N@Z 0000000180011e80 f   BigConvexDataBuilder.obj
 0001:000110c0       ??0ConvexHullBuilder@physx@@QEAA@PEAUConvexHullData@Gu@1@_N@Z 00000001800120c0 f   ConvexHullBuilder.obj
 0001:000110f0       ??1ConvexHullBuilder@physx@@QEAA@XZ 00000001800120f0 f   ConvexHullBuilder.obj
 0001:000111f0       ?calculateVertexMapTable@ConvexHullBuilder@physx@@QEAA_NI_N@Z 00000001800121f0 f   ConvexHullBuilder.obj
 0001:00011400       ?checkHullPolygons@ConvexHullBuilder@physx@@QEBA_NXZ 0000000180012400 f   ConvexHullBuilder.obj
 0001:000119e0       ?computeGeomCenter@ConvexHullBuilder@physx@@IEBA_NAEAVPxVec3@2@IPEAUHullTriangleData@2@@Z 00000001800129e0 f   ConvexHullBuilder.obj
 0001:00011ca0       ?copy@ConvexHullBuilder@physx@@QEAA_NAEAUConvexHullData@Gu@2@AEAI@Z 0000000180012ca0 f   ConvexHullBuilder.obj
 0001:00011f20       ?createEdgeList@ConvexHullBuilder@physx@@QEAA_N_NI@Z 0000000180012f20 f   ConvexHullBuilder.obj
 0001:00012790       ?init@ConvexHullBuilder@physx@@QEAA_NIPEBVPxVec3@2@PEBIIIPEBUPxHullPolygon@2@_NPEAVConvexHullLib@2@@Z 0000000180013790 f   ConvexHullBuilder.obj
 0001:000130f0       ?save@ConvexHullBuilder@physx@@QEBA_NAEAVPxOutputStream@2@_N@Z 00000001800140f0 f   ConvexHullBuilder.obj
 0001:00013410       ??1ConvexHullLib@physx@@UEAA@XZ 0000000180014410 f   ConvexHullLib.obj
 0001:00013470       ??_GConvexHullLib@physx@@UEAAPEAXI@Z 0000000180014470 f i ConvexHullLib.obj
 0001:00013470       ??_EConvexHullLib@physx@@UEAAPEAXI@Z 0000000180014470 f i ConvexHullLib.obj
 0001:000139e0       ?cleanupVertices@ConvexHullLib@physx@@IEAA_NIPEBVPxVec3@2@IAEAIPEAV32@AEAV32@3@Z 00000001800149e0 f   ConvexHullLib.obj
 0001:00013e60       ?shiftAndcleanupVertices@ConvexHullLib@physx@@IEAA_NIPEBVPxVec3@2@IAEAIPEAV32@AEAV32@3@Z 0000000180014e60 f   ConvexHullLib.obj
 0001:00014340       ?shiftConvexMeshDesc@ConvexHullLib@physx@@IEAAXAEAVPxConvexMeshDesc@2@@Z 0000000180015340 f   ConvexHullLib.obj
 0001:00014400       ?swapLargestFace@ConvexHullLib@physx@@IEAAXAEAVPxConvexMeshDesc@2@@Z 0000000180015400 f   ConvexHullLib.obj
 0001:000145f0       ??0Box@Gu@physx@@QEAA@AEBV012@@Z 00000001800155f0 f i ConvexHullUtils.obj
 0001:000145f0       ??4Box@Gu@physx@@QEAAAEBV012@AEBV012@@Z 00000001800155f0 f i ConvexHullUtils.obj
 0001:00014650       ??0Box@Gu@physx@@QEAA@AEBVPxVec3@2@0AEBVPxMat33@2@@Z 0000000180015650 f i ConvexHullUtils.obj
 0001:000146c0       ??0ConvexHull@physx@@QEAA@AEBVPxVec3@1@AEBVPxTransform@1@AEBV?$Array@VPxPlane@physx@@V?$ReflectionAllocator@VPxPlane@physx@@@shdfnd@2@@shdfnd@1@@Z 00000001800156c0 f   ConvexHullUtils.obj
 0001:00015820       ??0PxQuat@physx@@QEAA@AEBVPxMat33@1@@Z 0000000180016820 f i ConvexHullUtils.obj
 0001:00015a00       ?allocate@?$Array@VHalfEdge@ConvexHull@physx@@V?$ReflectionAllocator@VHalfEdge@ConvexHull@physx@@@shdfnd@3@@shdfnd@physx@@IEAAPEAVHalfEdge@ConvexHull@3@I@Z 0000000180016a00 f i ConvexHullUtils.obj
 0001:00015aa0       ?allocate@?$Array@VPxPlane@physx@@V?$ReflectionAllocator@VPxPlane@physx@@@shdfnd@2@@shdfnd@physx@@IEAAPEAVPxPlane@3@I@Z 0000000180016aa0 f i ConvexHullUtils.obj
 0001:00015b40       ?assertIntact@ConvexHull@physx@@QEBA_NM@Z 0000000180016b40 f   ConvexHullUtils.obj
 0001:00015e50       ?computeAABBExtent@Box@Gu@physx@@QEBA?AVPxVec3@3@XZ 0000000180016e50 f i ConvexHullUtils.obj
 0001:00015f10       ?computeBoxPoints@Box@Gu@physx@@QEBAXPEIAVPxVec3@3@@Z 0000000180016f10 f i ConvexHullUtils.obj
 0001:00015f50       ?computeOBBFromConvex@physx@@YA_NAEBVPxConvexMeshDesc@1@AEAVPxVec3@1@AEAVPxTransform@1@@Z 0000000180016f50 f   ConvexHullUtils.obj
 0001:00016660       ?computeOBBSIMD@local@@YAXIPEBT__m128@@AEAT2@AEBT2@1@Z 0000000180017660 f   ConvexHullUtils.obj
 0001:00016a70       ?convexHullCrop@physx@@YAPEAVConvexHull@1@AEBV21@AEBVPxPlane@1@M@Z 0000000180017a70 f   ConvexHullUtils.obj
 0001:00017820       ?copy@?$Array@VPxPlane@physx@@V?$ReflectionAllocator@VPxPlane@physx@@@shdfnd@2@@shdfnd@physx@@KAXPEAVPxPlane@3@0PEBV43@@Z 0000000180018820 f i ConvexHullUtils.obj
 0001:00017920       ?findCandidatePlane@ConvexHull@physx@@QEBAHMM@Z 0000000180018920 f   ConvexHullUtils.obj
 0001:00017d90       ?getInverse@PxMat33@physx@@QEBA?BV12@XZ 0000000180018d90 f i ConvexHullUtils.obj
 0001:00017fe0       ?getTransform@Box@Gu@physx@@QEBA?AVPxTransform@3@XZ 0000000180018fe0 f i ConvexHullUtils.obj
 0001:00018040       ?growAndPushBack@?$Array@VHalfEdge@ConvexHull@physx@@V?$ReflectionAllocator@VHalfEdge@ConvexHull@physx@@@shdfnd@3@@shdfnd@physx@@IEAAAEAVHalfEdge@ConvexHull@3@AEBV453@@Z 0000000180019040 f i ConvexHullUtils.obj
 0001:00018100       ?growAndPushBack@?$Array@VPxPlane@physx@@V?$ReflectionAllocator@VPxPlane@physx@@@shdfnd@2@@shdfnd@physx@@IEAAAEAVPxPlane@3@AEBV43@@Z 0000000180019100 f i ConvexHullUtils.obj
 0001:000181c0       ?isValid@Box@Gu@physx@@QEBA_NXZ 00000001800191c0 f i ConvexHullUtils.obj
 0001:000181e0       ?maxNumVertsPerFace@ConvexHull@physx@@QEBAIXZ 00000001800191e0 f   ConvexHullUtils.obj
 0001:00018250       ?recreate@?$Array@VHalfEdge@ConvexHull@physx@@V?$ReflectionAllocator@VHalfEdge@ConvexHull@physx@@@shdfnd@3@@shdfnd@physx@@IEAAXI@Z 0000000180019250 f i ConvexHullUtils.obj
 0001:000182f0       ?recreate@?$Array@VPxPlane@physx@@V?$ReflectionAllocator@VPxPlane@physx@@@shdfnd@2@@shdfnd@physx@@IEAAXI@Z 00000001800192f0 f i ConvexHullUtils.obj
 0001:00018380       ?resize@?$Array@VHalfEdge@ConvexHull@physx@@V?$ReflectionAllocator@VHalfEdge@ConvexHull@physx@@@shdfnd@3@@shdfnd@physx@@QEAAXIAEBVHalfEdge@ConvexHull@3@@Z 0000000180019380 f i ConvexHullUtils.obj
 0001:00018440       ?resize@?$Array@VPxPlane@physx@@V?$ReflectionAllocator@VPxPlane@physx@@@shdfnd@2@@shdfnd@physx@@QEAAXIAEBVPxPlane@3@@Z 0000000180019440 f i ConvexHullUtils.obj
 0001:00018560       ?resize@?$Array@VPxVec3@physx@@V?$ReflectionAllocator@VPxVec3@physx@@@shdfnd@2@@shdfnd@physx@@QEAAXIAEBVPxVec3@3@@Z 0000000180019560 f i ConvexHullUtils.obj
 0001:00018650       ?rotate@Box@Gu@physx@@QEBA?AVPxVec3@3@AEBV43@@Z 0000000180019650 f i ConvexHullUtils.obj
 0001:000186e0       ?rotateInv@Box@Gu@physx@@QEBA?AVPxVec3@3@AEBV43@@Z 00000001800196e0 f i ConvexHullUtils.obj
 0001:00018770       ?setAxes@Box@Gu@physx@@QEAAXAEBVPxVec3@3@00@Z 0000000180019770 f i ConvexHullUtils.obj
 0001:000187b0       ?setEmpty@Box@Gu@physx@@QEAAXXZ 00000001800197b0 f i ConvexHullUtils.obj
 0001:000187f0       ?transform@Box@Gu@physx@@QEBA?AVPxVec3@3@AEBV43@@Z 00000001800197f0 f i ConvexHullUtils.obj
 0001:00018890       ??0ConvexMeshBuilder@physx@@QEAA@_N@Z 0000000180019890 f   ConvexMeshBuilder.obj
 0001:000188f0       ??1ConvexMeshBuilder@physx@@QEAA@XZ 00000001800198f0 f   ConvexMeshBuilder.obj
 0001:00018d40       ?build@ConvexMeshBuilder@physx@@QEAA_NAEBVPxConvexMeshDesc@2@I_NPEAVConvexHullLib@2@@Z 0000000180019d40 f   ConvexMeshBuilder.obj
 0001:00019060       ?computeHullPolygons@ConvexMeshBuilder@physx@@QEAA_NAEBIPEBVPxVec3@2@0PEBIAEAVPxAllocatorCallback@2@AEAIAEAPEAV32@4AEAPEAI4AEAPEAUPxHullPolygon@2@@Z 000000018001a060 f   ConvexMeshBuilder.obj
 0001:00019280       ?computeMassInfo@ConvexMeshBuilder@physx@@QEAAX_N@Z 000000018001a280 f   ConvexMeshBuilder.obj
 0001:00019650       ?copy@ConvexMeshBuilder@physx@@QEAA_NAEAUConvexHullInitData@Gu@2@@Z 000000018001a650 f   ConvexMeshBuilder.obj
 0001:00019770       ?isFinite@PxVec3@physx@@QEBA_NXZ 000000018001a770 f i ConvexMeshBuilder.obj
 0001:000197d0       ?loadConvexHull@ConvexMeshBuilder@physx@@QEAA_NAEBVPxConvexMeshDesc@2@PEAVConvexHullLib@2@@Z 000000018001a7d0 f   ConvexMeshBuilder.obj
 0001:00019a50       ?save@ConvexMeshBuilder@physx@@QEBA_NAEAVPxOutputStream@2@_N@Z 000000018001aa50 f   ConvexMeshBuilder.obj
 0001:00019c60       ??$copy@V?$ReflectionAllocator@VPair@@@shdfnd@physx@@@?$Array@VPair@@V?$ReflectionAllocator@VPair@@@shdfnd@physx@@@shdfnd@physx@@IEAAXAEBV012@@Z 000000018001ac60 f i ConvexPolygonsBuilder.obj
 0001:00019ce0       ??0ConvexPolygonsBuilder@physx@@QEAA@PEAUConvexHullData@Gu@1@_N@Z 000000018001ace0 f   ConvexPolygonsBuilder.obj
 0001:00019d00       ??1ConvexPolygonsBuilder@physx@@QEAA@XZ 000000018001ad00 f   ConvexPolygonsBuilder.obj
 0001:0001a550       ?allocate@?$Array@VPair@@V?$ReflectionAllocator@VPair@@@shdfnd@physx@@@shdfnd@physx@@IEAAPEAVPair@@I@Z 000000018001b550 f i ConvexPolygonsBuilder.obj
 0001:0001ad70       ?computeHullPolygons@ConvexPolygonsBuilder@physx@@QEAA_NAEBIPEBVPxVec3@2@0PEBI@Z 000000018001bd70 f   ConvexPolygonsBuilder.obj
 0001:0001be10       ?createPolygonData@ConvexPolygonsBuilder@physx@@AEAA_NXZ 000000018001ce10 f   ConvexPolygonsBuilder.obj
 0001:0001c9f0       ?createTrianglesFromPolygons@ConvexPolygonsBuilder@physx@@AEAA_NXZ 000000018001d9f0 f   ConvexPolygonsBuilder.obj
 0001:0001e070       ?growAndPushBack@?$Array@VPair@@V?$ReflectionAllocator@VPair@@@shdfnd@physx@@@shdfnd@physx@@IEAAAEAVPair@@AEBV4@@Z 000000018001f070 f i ConvexPolygonsBuilder.obj
 0001:0001e130       ??0QuickHull@local@@QEAA@AEBUPxCookingParams@physx@@AEBVPxConvexMeshDesc@3@@Z 000000018001f130 f   QuickHullConvexHullLib.obj
 0001:0001e1e0       ??0QuickHullConvexHullLib@physx@@QEAA@AEBVPxConvexMeshDesc@1@AEBUPxCookingParams@1@@Z 000000018001f1e0 f   QuickHullConvexHullLib.obj
 0001:0001e2d0       ??1?$MemBlock@UQuickHullFace@local@@$00@local@@QEAA@XZ 000000018001f2d0 f i QuickHullConvexHullLib.obj
 0001:0001e2d0       ??1?$MemBlock@UQuickHullHalfEdge@local@@$0A@@local@@QEAA@XZ 000000018001f2d0 f i QuickHullConvexHullLib.obj
 0001:0001e360       ??1QuickHull@local@@QEAA@XZ 000000018001f360 f   QuickHullConvexHullLib.obj
 0001:0001e4a0       ??_GConvexHull@physx@@QEAAPEAXI@Z 000000018001f4a0 f i QuickHullConvexHullLib.obj
 0001:0001e580       ??_GQuickHullConvexHullLib@physx@@UEAAPEAXI@Z 000000018001f580 f i QuickHullConvexHullLib.obj
 0001:0001e580       ??_EQuickHullConvexHullLib@physx@@UEAAPEAXI@Z 000000018001f580 f i QuickHullConvexHullLib.obj
 0001:0001e680       ?addPointToHull@QuickHull@local@@IEAA_NPEBUQuickHullVertex@2@AEAUQuickHullFace@2@AEA_N@Z 000000018001f680 f   QuickHullConvexHullLib.obj
 0001:0001e950       ?addSimplex@QuickHull@local@@IEAAXPEAUQuickHullVertex@2@_N@Z 000000018001f950 f   QuickHullConvexHullLib.obj
 0001:0001ee20       ?allocate@?$Array@PEAUQuickHullFace@local@@V?$ReflectionAllocator@PEAUQuickHullFace@local@@@shdfnd@physx@@@shdfnd@physx@@IEAAPEAPEAUQuickHullFace@local@@I@Z 000000018001fe20 f i QuickHullConvexHullLib.obj
 0001:0001eec0       ?allocate@?$Array@PEAUQuickHullHalfEdge@local@@V?$ReflectionAllocator@PEAUQuickHullHalfEdge@local@@@shdfnd@physx@@@shdfnd@physx@@IEAAPEAPEAUQuickHullHalfEdge@local@@I@Z 000000018001fec0 f i QuickHullConvexHullLib.obj
 0001:0001ef60       ?allocate@?$Array@PEAUQuickHullVertex@local@@V?$ReflectionAllocator@PEAUQuickHullVertex@local@@@shdfnd@physx@@@shdfnd@physx@@IEAAPEAPEAUQuickHullVertex@local@@I@Z 000000018001ff60 f i QuickHullConvexHullLib.obj
 0001:0001f000       ?allocate@?$Array@UExpandPoint@local@@V?$ReflectionAllocator@UExpandPoint@local@@@shdfnd@physx@@@shdfnd@physx@@IEAAPEAUExpandPoint@local@@I@Z 0000000180020000 f i QuickHullConvexHullLib.obj
 0001:0001f0a0       ?buildHull@QuickHull@local@@QEAA?AW4Enum@QuickHullResult@2@XZ 00000001800200a0 f   QuickHullConvexHullLib.obj
 0001:0001f2b0       ?calculateHorizon@QuickHull@local@@IEAAXAEBVPxVec3@physx@@PEAUQuickHullHalfEdge@2@AEAUQuickHullFace@2@AEAV?$Array@PEAUQuickHullHalfEdge@local@@V?$ReflectionAllocator@PEAUQuickHullHalfEdge@local@@@shdfnd@physx@@@shdfnd@4@AEAV?$Array@PEAUQuickHullFace@local@@V?$ReflectionAllocator@PEAUQuickHullFace@local@@@shdfnd@physx@@@84@@Z 00000001800202b0 f   QuickHullConvexHullLib.obj
 0001:0001f460       ?canMergeFaces@QuickHull@local@@IEAA_NAEBUQuickHullHalfEdge@2@@Z 0000000180020460 f   QuickHullConvexHullLib.obj
 0001:0001fc90       ?cleanupForSimplex@QuickHullConvexHullLib@physx@@IEAA_NPEAVPxVec3@2@IPEAUQuickHullVertex@local@@1AEAM2@Z 0000000180020c90 f   QuickHullConvexHullLib.obj
 0001:00020860       ?computeMinMaxVerts@QuickHull@local@@IEAAXXZ 0000000180021860 f   QuickHullConvexHullLib.obj
 0001:00020c30       ?connectHalfEdges@QuickHullFace@local@@AEAAPEAU12@PEAUQuickHullHalfEdge@2@0@Z 0000000180021c30 f   QuickHullConvexHullLib.obj
 0001:00020f90       ?copy@?$Array@UExpandPoint@local@@V?$ReflectionAllocator@UExpandPoint@local@@@shdfnd@physx@@@shdfnd@physx@@KAXPEAUExpandPoint@local@@0PEBU45@@Z 0000000180021f90 f i QuickHullConvexHullLib.obj
 0001:00021040       ?createConvexHull@QuickHullConvexHullLib@physx@@UEAA?AW4Enum@PxConvexMeshCookingResult@2@XZ 0000000180022040 f   QuickHullConvexHullLib.obj
 0001:00021440       ?createEdgeList@QuickHullConvexHullLib@physx@@UEAA_NIPEBEPEAPEAEPEAPEAG2@Z 0000000180022440 f   QuickHullConvexHullLib.obj
 0001:00021670       ?createTriangle@QuickHull@local@@IEAAPEAUQuickHullFace@2@AEBUQuickHullVertex@2@00@Z 0000000180022670 f   QuickHullConvexHullLib.obj
 0001:00021a00       ?doAdjacentMerge@QuickHull@local@@IEAA_NAEAUQuickHullFace@2@_NAEA_N@Z 0000000180022a00 f   QuickHullConvexHullLib.obj
 0001:00021d40       ?expandHull@QuickHullConvexHullLib@physx@@IEAA?AW4Enum@PxConvexMeshCookingResult@2@XZ 0000000180022d40 f   QuickHullConvexHullLib.obj
 0001:00022a20       ?expandHullOBB@QuickHullConvexHullLib@physx@@IEAA?AW4Enum@PxConvexMeshCookingResult@2@XZ 0000000180023a20 f   QuickHullConvexHullLib.obj
 0001:00022e40       ?fillConvexMeshDesc@QuickHullConvexHullLib@physx@@UEAAXAEAVPxConvexMeshDesc@2@@Z 0000000180023e40 f   QuickHullConvexHullLib.obj
 0001:00022e90       ?fillConvexMeshDescFromCroppedHull@QuickHullConvexHullLib@physx@@IEAAXAEAVPxConvexMeshDesc@2@@Z 0000000180023e90 f   QuickHullConvexHullLib.obj
 0001:00023090       ?fillConvexMeshDescFromQuickHull@QuickHullConvexHullLib@physx@@IEAAXAEAVPxConvexMeshDesc@2@@Z 0000000180024090 f   QuickHullConvexHullLib.obj
 0001:00023420       ?findSimplex@QuickHull@local@@IEAA_NXZ 0000000180024420 f   QuickHullConvexHullLib.obj
 0001:000240d0       ?getFreeItem@?$MemBlock@UQuickHullFace@local@@$00@local@@QEAAPEAUQuickHullFace@2@XZ 00000001800250d0 f i QuickHullConvexHullLib.obj
 0001:00024200       ?getFreeItem@?$MemBlock@UQuickHullHalfEdge@local@@$0A@@local@@QEAAPEAUQuickHullHalfEdge@2@XZ 0000000180025200 f i QuickHullConvexHullLib.obj
 0001:000242d0       ?growAndPushBack@?$Array@PEAUQuickHullFace@local@@V?$ReflectionAllocator@PEAUQuickHullFace@local@@@shdfnd@physx@@@shdfnd@physx@@IEAAAEAPEAUQuickHullFace@local@@AEBQEAU45@@Z 00000001800252d0 f i QuickHullConvexHullLib.obj
 0001:00024390       ?growAndPushBack@?$Array@PEAUQuickHullHalfEdge@local@@V?$ReflectionAllocator@PEAUQuickHullHalfEdge@local@@@shdfnd@physx@@@shdfnd@physx@@IEAAAEAPEAUQuickHullHalfEdge@local@@AEBQEAU45@@Z 0000000180025390 f i QuickHullConvexHullLib.obj
 0001:00024450       ?growAndPushBack@?$Array@PEAUQuickHullVertex@local@@V?$ReflectionAllocator@PEAUQuickHullVertex@local@@@shdfnd@physx@@@shdfnd@physx@@IEAAAEAPEAUQuickHullVertex@local@@AEBQEAU45@@Z 0000000180025450 f i QuickHullConvexHullLib.obj
 0001:00024510       ?growAndPushBack@?$Array@UExpandPoint@local@@V?$ReflectionAllocator@UExpandPoint@local@@@shdfnd@physx@@@shdfnd@physx@@IEAAAEAUExpandPoint@local@@AEBU45@@Z 0000000180025510 f i QuickHullConvexHullLib.obj
 0001:00024610       ?init@?$MemBlock@UQuickHullFace@local@@$00@local@@QEAAXI@Z 0000000180025610 f i QuickHullConvexHullLib.obj
 0001:00024710       ?init@?$MemBlock@UQuickHullHalfEdge@local@@$0A@@local@@QEAAXI@Z 0000000180025710 f i QuickHullConvexHullLib.obj
 0001:000247b0       ?mergeAdjacentFace@QuickHullFace@local@@QEAA_NPEAUQuickHullHalfEdge@2@AEAV?$Array@PEAUQuickHullFace@local@@V?$ReflectionAllocator@PEAUQuickHullFace@local@@@shdfnd@physx@@@shdfnd@physx@@@Z 00000001800257b0 f   QuickHullConvexHullLib.obj
 0001:00024c00       ?nextPointToAdd@QuickHull@local@@IEAAPEAUQuickHullVertex@2@AEAPEAUQuickHullFace@2@@Z 0000000180025c00 f   QuickHullConvexHullLib.obj
 0001:00024d80       ?parseInputVertices@QuickHull@local@@QEAAXPEBVPxVec3@physx@@I@Z 0000000180025d80 f   QuickHullConvexHullLib.obj
 0001:00024f10       ?postMergeHull@QuickHull@local@@IEAAXXZ 0000000180025f10 f   QuickHullConvexHullLib.obj
 0001:00025160       ?preallocate@QuickHull@local@@QEAAXI@Z 0000000180026160 f   QuickHullConvexHullLib.obj
 0001:000252a0       ?recreate@?$Array@PEAUQuickHullFace@local@@V?$ReflectionAllocator@PEAUQuickHullFace@local@@@shdfnd@physx@@@shdfnd@physx@@IEAAXI@Z 00000001800262a0 f i QuickHullConvexHullLib.obj
 0001:00025340       ?recreate@?$Array@PEAUQuickHullHalfEdge@local@@V?$ReflectionAllocator@PEAUQuickHullHalfEdge@local@@@shdfnd@physx@@@shdfnd@physx@@IEAAXI@Z 0000000180026340 f i QuickHullConvexHullLib.obj
 0001:000253e0       ?recreate@?$Array@PEAUQuickHullVertex@local@@V?$ReflectionAllocator@PEAUQuickHullVertex@local@@@shdfnd@physx@@@shdfnd@physx@@IEAAXI@Z 00000001800263e0 f i QuickHullConvexHullLib.obj
 0001:00025480       ?recreate@?$Array@UExpandPoint@local@@V?$ReflectionAllocator@UExpandPoint@local@@@shdfnd@physx@@@shdfnd@physx@@IEAAXI@Z 0000000180026480 f i QuickHullConvexHullLib.obj
 0001:00025510       ?resolveUnclaimedPoints@QuickHull@local@@IEAAXAEBV?$Array@PEAUQuickHullFace@local@@V?$ReflectionAllocator@PEAUQuickHullFace@local@@@shdfnd@physx@@@shdfnd@physx@@@Z 0000000180026510 f   QuickHullConvexHullLib.obj
 0001:00026210       ?computeVolumeIntegralsEberly@physx@@YA_NAEBVPxConvexMeshDesc@1@MAEAUPxIntegrals@1@AEBVPxVec3@1@@Z 0000000180027210 f   VolumeIntegration.obj
 0001:00026250       ?computeVolumeIntegralsEberlySIMD@physx@@YA_NAEBVPxConvexMeshDesc@1@MAEAUPxIntegrals@1@AEBVPxVec3@1@@Z 0000000180027250 f   VolumeIntegration.obj
 0001:00026890       ?cookingDelayHook@@YAP6A_JXZIPEAUDelayLoadInfo@@@Z 0000000180027890 f   WindowsCookingDelayLoadHook.obj
 0001:00026970       PxSetPhysXCookingDelayLoadHook 0000000180027970 f   WindowsCookingDelayLoadHook.obj
 0001:00026978       __imp_load_??0RadixSortBuffered@Cm@physx@@QEAA@XZ 0000000180027978 f   PhysXCommon_64:PhysXCommon_64.dll
 0001:00026984       ??0RadixSortBuffered@Cm@physx@@QEAA@XZ 0000000180027984 f   PhysXCommon_64:PhysXCommon_64.dll
 0001:0002698a       __tailMerge_physxcommon_64_dll 000000018002798a     PhysXCommon_64:PhysXCommon_64.dll
 0001:00026a03       __imp_load_??1RadixSortBuffered@Cm@physx@@UEAA@XZ 0000000180027a03 f   PhysXCommon_64:PhysXCommon_64.dll
 0001:00026a0f       ??1RadixSortBuffered@Cm@physx@@UEAA@XZ 0000000180027a0f f   PhysXCommon_64:PhysXCommon_64.dll
 0001:00026a15       __imp_load_?Sort@RadixSortBuffered@Cm@physx@@QEAAAEAV123@PEBIIW4RadixHint@23@@Z 0000000180027a15 f   PhysXCommon_64:PhysXCommon_64.dll
 0001:00026a21       ?Sort@RadixSortBuffered@Cm@physx@@QEAAAEAV123@PEBIIW4RadixHint@23@@Z 0000000180027a21 f   PhysXCommon_64:PhysXCommon_64.dll
 0001:00026a27       __imp_load_??0HeightField@Gu@physx@@QEAA@PEAVGuMeshFactory@2@@Z 0000000180027a27 f   PhysXCommon_64:PhysXCommon_64.dll
 0001:00026a33       ??0HeightField@Gu@physx@@QEAA@PEAVGuMeshFactory@2@@Z 0000000180027a33 f   PhysXCommon_64:PhysXCommon_64.dll
 0001:00026a39       __imp_load_?loadFromDesc@HeightField@Gu@physx@@QEAA_NAEBVPxHeightFieldDesc@3@@Z 0000000180027a39 f   PhysXCommon_64:PhysXCommon_64.dll
 0001:00026a45       ?loadFromDesc@HeightField@Gu@physx@@QEAA_NAEBVPxHeightFieldDesc@3@@Z 0000000180027a45 f   PhysXCommon_64:PhysXCommon_64.dll
 0001:00026a4b       __imp_load_?computeCellCoordinates@HeightField@Gu@physx@@QEBAIMMAEAM0@Z 0000000180027a4b f   PhysXCommon_64:PhysXCommon_64.dll
 0001:00026a57       ?computeCellCoordinates@HeightField@Gu@physx@@QEBAIMMAEAM0@Z 0000000180027a57 f   PhysXCommon_64:PhysXCommon_64.dll
 0001:00026a5d       __imp_load_?releaseMemory@HeightField@Gu@physx@@QEAAXXZ 0000000180027a5d f   PhysXCommon_64:PhysXCommon_64.dll
 0001:00026a69       ?releaseMemory@HeightField@Gu@physx@@QEAAXXZ 0000000180027a69 f   PhysXCommon_64:PhysXCommon_64.dll
 0001:00026a6f       __imp_load_??1HeightField@Gu@physx@@UEAA@XZ 0000000180027a6f f   PhysXCommon_64:PhysXCommon_64.dll
 0001:00026a7b       ??1HeightField@Gu@physx@@UEAA@XZ 0000000180027a7b f   PhysXCommon_64:PhysXCommon_64.dll
 0001:00026a81       __imp_load_??0NodeAllocator@Gu@physx@@QEAA@XZ 0000000180027a81 f   PhysXCommon_64:PhysXCommon_64.dll
 0001:00026a8d       ??0NodeAllocator@Gu@physx@@QEAA@XZ 0000000180027a8d f   PhysXCommon_64:PhysXCommon_64.dll
 0001:00026a93       __imp_load_??1NodeAllocator@Gu@physx@@QEAA@XZ 0000000180027a93 f   PhysXCommon_64:PhysXCommon_64.dll
 0001:00026a9f       ??1NodeAllocator@Gu@physx@@QEAA@XZ 0000000180027a9f f   PhysXCommon_64:PhysXCommon_64.dll
 0001:00026aa5       __imp_load_?release@NodeAllocator@Gu@physx@@QEAAXXZ 0000000180027aa5 f   PhysXCommon_64:PhysXCommon_64.dll
 0001:00026ab1       ?release@NodeAllocator@Gu@physx@@QEAAXXZ 0000000180027ab1 f   PhysXCommon_64:PhysXCommon_64.dll
 0001:00026ab7       __imp_load_?buildAABBTree@Gu@physx@@YA_NAEAVAABBTreeBuildParams@12@AEAVNodeAllocator@12@AEAUBuildStats@12@AEAPEAI@Z 0000000180027ab7 f   PhysXCommon_64:PhysXCommon_64.dll
 0001:00026ac3       ?buildAABBTree@Gu@physx@@YA_NAEAVAABBTreeBuildParams@12@AEAVNodeAllocator@12@AEAUBuildStats@12@AEAPEAI@Z 0000000180027ac3 f   PhysXCommon_64:PhysXCommon_64.dll
 0001:00026ac9       __imp_load_?writeDword@physx@@YAXI_NAEAVPxOutputStream@1@@Z 0000000180027ac9 f   PhysXCommon_64:PhysXCommon_64.dll
 0001:00026ad5       ?writeDword@physx@@YAXI_NAEAVPxOutputStream@1@@Z 0000000180027ad5 f   PhysXCommon_64:PhysXCommon_64.dll
 0001:00026adb       __imp_load_?writeFloatBuffer@physx@@YAXPEBMI_NAEAVPxOutputStream@1@@Z 0000000180027adb f   PhysXCommon_64:PhysXCommon_64.dll
 0001:00026ae7       ?writeFloatBuffer@physx@@YAXPEBMI_NAEAVPxOutputStream@1@@Z 0000000180027ae7 f   PhysXCommon_64:PhysXCommon_64.dll
 0001:00026aed       __imp_load_?writeHeader@physx@@YA_NCCCCI_NAEAVPxOutputStream@1@@Z 0000000180027aed f   PhysXCommon_64:PhysXCommon_64.dll
 0001:00026af9       ?writeHeader@physx@@YA_NCCCCI_NAEAVPxOutputStream@1@@Z 0000000180027af9 f   PhysXCommon_64:PhysXCommon_64.dll
 0001:00026aff       __imp_load_?writeWord@physx@@YAXG_NAEAVPxOutputStream@1@@Z 0000000180027aff f   PhysXCommon_64:PhysXCommon_64.dll
 0001:00026b0b       ?writeWord@physx@@YAXG_NAEAVPxOutputStream@1@@Z 0000000180027b0b f   PhysXCommon_64:PhysXCommon_64.dll
 0001:00026b11       __imp_load_?writeFloat@physx@@YAXM_NAEAVPxOutputStream@1@@Z 0000000180027b11 f   PhysXCommon_64:PhysXCommon_64.dll
 0001:00026b1d       ?writeFloat@physx@@YAXM_NAEAVPxOutputStream@1@@Z 0000000180027b1d f   PhysXCommon_64:PhysXCommon_64.dll
 0001:00026b23       __imp_load_?computeBoundsAroundVertices@Gu@physx@@YAXAEAVPxBounds3@2@IPEIBVPxVec3@2@@Z 0000000180027b23 f   PhysXCommon_64:PhysXCommon_64.dll
 0001:00026b2f       ?computeBoundsAroundVertices@Gu@physx@@YAXAEAVPxBounds3@2@IPEIBVPxVec3@2@@Z 0000000180027b2f f   PhysXCommon_64:PhysXCommon_64.dll
 0001:00026b35       __imp_load_??0SourceMesh@Gu@physx@@QEAA@XZ 0000000180027b35 f   PhysXCommon_64:PhysXCommon_64.dll
 0001:00026b41       ??0SourceMesh@Gu@physx@@QEAA@XZ 0000000180027b41 f   PhysXCommon_64:PhysXCommon_64.dll
 0001:00026b47       __imp_load_??1SourceMesh@Gu@physx@@QEAA@XZ 0000000180027b47 f   PhysXCommon_64:PhysXCommon_64.dll
 0001:00026b53       ??1SourceMesh@Gu@physx@@QEAA@XZ 0000000180027b53 f   PhysXCommon_64:PhysXCommon_64.dll
 0001:00026b59       __imp_load_??0BV4Tree@Gu@physx@@QEAA@XZ 0000000180027b59 f   PhysXCommon_64:PhysXCommon_64.dll
 0001:00026b65       ??0BV4Tree@Gu@physx@@QEAA@XZ 0000000180027b65 f   PhysXCommon_64:PhysXCommon_64.dll
 0001:00026b6b       __imp_load_??1BV4Tree@Gu@physx@@QEAA@XZ 0000000180027b6b f   PhysXCommon_64:PhysXCommon_64.dll
 0001:00026b77       ??1BV4Tree@Gu@physx@@QEAA@XZ 0000000180027b77 f   PhysXCommon_64:PhysXCommon_64.dll
 0001:00026b7d       __imp_load_??0BV32Tree@Gu@physx@@QEAA@XZ 0000000180027b7d f   PhysXCommon_64:PhysXCommon_64.dll
 0001:00026b89       ??0BV32Tree@Gu@physx@@QEAA@XZ 0000000180027b89 f   PhysXCommon_64:PhysXCommon_64.dll
 0001:00026b8f       __imp_load_??1BV32Tree@Gu@physx@@QEAA@XZ 0000000180027b8f f   PhysXCommon_64:PhysXCommon_64.dll
 0001:00026b9b       ??1BV32Tree@Gu@physx@@QEAA@XZ 0000000180027b9b f   PhysXCommon_64:PhysXCommon_64.dll
 0001:00026ba1       __imp_load_?writeWordBuffer@physx@@YAXPEBGI_NAEAVPxOutputStream@1@@Z 0000000180027ba1 f   PhysXCommon_64:PhysXCommon_64.dll
 0001:00026bad       ?writeWordBuffer@physx@@YAXPEBGI_NAEAVPxOutputStream@1@@Z 0000000180027bad f   PhysXCommon_64:PhysXCommon_64.dll
 0001:00026bb3       __imp_load_?computeMaxIndex@physx@@YAIPEBII@Z 0000000180027bb3 f   PhysXCommon_64:PhysXCommon_64.dll
 0001:00026bbf       ?computeMaxIndex@physx@@YAIPEBII@Z 0000000180027bbf f   PhysXCommon_64:PhysXCommon_64.dll
 0001:00026bc5       __imp_load_?storeIndices@physx@@YAXIIPEBIAEAVPxOutputStream@1@_N@Z 0000000180027bc5 f   PhysXCommon_64:PhysXCommon_64.dll
 0001:00026bd1       ?storeIndices@physx@@YAXIIPEBIAEAVPxOutputStream@1@_N@Z 0000000180027bd1 f   PhysXCommon_64:PhysXCommon_64.dll
 0001:00026bd7       __imp_load_?BuildBV4Ex@Gu@physx@@YA_NAEAVBV4Tree@12@AEAVSourceMesh@12@MI@Z 0000000180027bd7 f   PhysXCommon_64:PhysXCommon_64.dll
 0001:00026be3       ?BuildBV4Ex@Gu@physx@@YA_NAEAVBV4Tree@12@AEAVSourceMesh@12@MI@Z 0000000180027be3 f   PhysXCommon_64:PhysXCommon_64.dll
 0001:00026be9       __imp_load_?BuildBV32Ex@Gu@physx@@YA_NAEAVBV32Tree@12@AEAVSourceMesh@12@MI@Z 0000000180027be9 f   PhysXCommon_64:PhysXCommon_64.dll
 0001:00026bf5       ?BuildBV32Ex@Gu@physx@@YA_NAEAVBV32Tree@12@AEAVSourceMesh@12@MI@Z 0000000180027bf5 f   PhysXCommon_64:PhysXCommon_64.dll
 0001:00026bfb       __imp_load_?computeMaxIndex@physx@@YAGPEBGI@Z 0000000180027bfb f   PhysXCommon_64:PhysXCommon_64.dll
 0001:00026c07       ?computeMaxIndex@physx@@YAGPEBGI@Z 0000000180027c07 f   PhysXCommon_64:PhysXCommon_64.dll
 0001:00026c0d       __imp_load_?WriteHeader@Gu@physx@@YA_NEEEEI_NAEAVPxOutputStream@2@@Z 0000000180027c0d f   PhysXCommon_64:PhysXCommon_64.dll
 0001:00026c19       ?WriteHeader@Gu@physx@@YA_NEEEEI_NAEAVPxOutputStream@2@@Z 0000000180027c19 f   PhysXCommon_64:PhysXCommon_64.dll
 0001:00026c1f       __imp_load_?StoreIndices@Gu@physx@@YAXGIPEBGAEAVPxOutputStream@2@_N@Z 0000000180027c1f f   PhysXCommon_64:PhysXCommon_64.dll
 0001:00026c2b       ?StoreIndices@Gu@physx@@YAXGIPEBGAEAVPxOutputStream@2@_N@Z 0000000180027c2b f   PhysXCommon_64:PhysXCommon_64.dll
 0001:00026c31       __imp_load_?CreateOffsets@BigConvexData@physx@@IEAAXXZ 0000000180027c31 f   PhysXCommon_64:PhysXCommon_64.dll
 0001:00026c3d       ?CreateOffsets@BigConvexData@physx@@IEAAXXZ 0000000180027c3d f   PhysXCommon_64:PhysXCommon_64.dll
 0001:00026c43       __imp_load_?computeOBBPoints@Gu@physx@@YAXPEIAVPxVec3@2@AEBV32@1111@Z 0000000180027c43 f   PhysXCommon_64:PhysXCommon_64.dll
 0001:00026c4f       ?computeOBBPoints@Gu@physx@@YAXPEIAVPxVec3@2@AEBV32@1111@Z 0000000180027c4f f   PhysXCommon_64:PhysXCommon_64.dll
 0001:00026c55       __imp_load_??0BigConvexData@physx@@QEAA@XZ 0000000180027c55 f   PhysXCommon_64:PhysXCommon_64.dll
 0001:00026c61       ??0BigConvexData@physx@@QEAA@XZ 0000000180027c61 f   PhysXCommon_64:PhysXCommon_64.dll
 0001:00026c67       __imp_load_??1BigConvexData@physx@@QEAA@XZ 0000000180027c67 f   PhysXCommon_64:PhysXCommon_64.dll
 0001:00026c73       ??1BigConvexData@physx@@QEAA@XZ 0000000180027c73 f   PhysXCommon_64:PhysXCommon_64.dll
 0001:00026c79       __imp_load_PxGetFoundation 0000000180027c79 f   PhysXFoundation_64:PhysXFoundation_64.dll
 0001:00026c85       PxGetFoundation            0000000180027c85 f   PhysXFoundation_64:PhysXFoundation_64.dll
 0001:00026c8b       __tailMerge_physxfoundation_64_dll 0000000180027c8b     PhysXFoundation_64:PhysXFoundation_64.dll
 0001:00026d04       __imp_load_?getAllocator@shdfnd@physx@@YAAEAVPxAllocatorCallback@2@XZ 0000000180027d04 f   PhysXFoundation_64:PhysXFoundation_64.dll
 0001:00026d10       ?getAllocator@shdfnd@physx@@YAAEAVPxAllocatorCallback@2@XZ 0000000180027d10 f   PhysXFoundation_64:PhysXFoundation_64.dll
 0001:00026d16       __imp_load_?getInstance@Foundation@shdfnd@physx@@SAAEAV123@XZ 0000000180027d16 f   PhysXFoundation_64:PhysXFoundation_64.dll
 0001:00026d22       ?getInstance@Foundation@shdfnd@physx@@SAAEAV123@XZ 0000000180027d22 f   PhysXFoundation_64:PhysXFoundation_64.dll
 0001:00026d28       __imp_load_?error@Foundation@shdfnd@physx@@QEAAXW4Enum@PxErrorCode@3@PEBDH1ZZ 0000000180027d28 f   PhysXFoundation_64:PhysXFoundation_64.dll
 0001:00026d34       ?error@Foundation@shdfnd@physx@@QEAAXW4Enum@PxErrorCode@3@PEBDH1ZZ 0000000180027d34 f   PhysXFoundation_64:PhysXFoundation_64.dll
 0001:00026d3a       __imp_load_?incRefCount@Foundation@shdfnd@physx@@SAXXZ 0000000180027d3a f   PhysXFoundation_64:PhysXFoundation_64.dll
 0001:00026d46       ?incRefCount@Foundation@shdfnd@physx@@SAXXZ 0000000180027d46 f   PhysXFoundation_64:PhysXFoundation_64.dll
 0001:00026d4c       __imp_load_?decRefCount@Foundation@shdfnd@physx@@SAXXZ 0000000180027d4c f   PhysXFoundation_64:PhysXFoundation_64.dll
 0001:00026d58       ?decRefCount@Foundation@shdfnd@physx@@SAXXZ 0000000180027d58 f   PhysXFoundation_64:PhysXFoundation_64.dll
 0001:00026d5e       __imp_load_??0FPUGuard@shdfnd@physx@@QEAA@XZ 0000000180027d5e f   PhysXFoundation_64:PhysXFoundation_64.dll
 0001:00026d6a       ??0FPUGuard@shdfnd@physx@@QEAA@XZ 0000000180027d6a f   PhysXFoundation_64:PhysXFoundation_64.dll
 0001:00026d70       __imp_load_??1FPUGuard@shdfnd@physx@@QEAA@XZ 0000000180027d70 f   PhysXFoundation_64:PhysXFoundation_64.dll
 0001:00026d7c       ??1FPUGuard@shdfnd@physx@@QEAA@XZ 0000000180027d7c f   PhysXFoundation_64:PhysXFoundation_64.dll
 0001:00026d82       __imp_load_?allocate@TempAllocator@shdfnd@physx@@QEAAPEAX_KPEBDH@Z 0000000180027d82 f   PhysXFoundation_64:PhysXFoundation_64.dll
 0001:00026d8e       ?allocate@TempAllocator@shdfnd@physx@@QEAAPEAX_KPEBDH@Z 0000000180027d8e f   PhysXFoundation_64:PhysXFoundation_64.dll
 0001:00026d94       __imp_load_?deallocate@TempAllocator@shdfnd@physx@@QEAAXPEAX@Z 0000000180027d94 f   PhysXFoundation_64:PhysXFoundation_64.dll
 0001:00026da0       ?deallocate@TempAllocator@shdfnd@physx@@QEAAXPEAX@Z 0000000180027da0 f   PhysXFoundation_64:PhysXFoundation_64.dll
 0001:00026da6       __imp_load_?PxDiagonalize@physx@@YA?AVPxVec3@1@AEBVPxMat33@1@AEAVPxQuat@1@@Z 0000000180027da6 f   PhysXFoundation_64:PhysXFoundation_64.dll
 0001:00026db2       ?PxDiagonalize@physx@@YA?AVPxVec3@1@AEBVPxMat33@1@AEAVPxQuat@1@@Z 0000000180027db2 f   PhysXFoundation_64:PhysXFoundation_64.dll
 0001:00026db8       ?DloadAcquireSectionWriteAccess@@YAXXZ 0000000180027db8 f i Delayimp:delayhlp.obj
 0001:00026e64       ?DloadGetSRWLockFunctionPointers@@YAEXZ 0000000180027e64 f i Delayimp:delayhlp.obj
 0001:00026f00       ?DloadMakePermanentImageCommit@@YAXPEAX_K@Z 0000000180027f00 f i Delayimp:delayhlp.obj
 0001:00026f98       ?DloadObtainSection@@YAPEAXPEAK0@Z 0000000180027f98 f i Delayimp:delayhlp.obj
 0001:00027034       ?DloadProtectSection@@YAXKPEAK@Z 0000000180028034 f i Delayimp:delayhlp.obj
 0001:000270c4       ?DloadReleaseSectionWriteAccess@@YAXXZ 00000001800280c4 f i Delayimp:delayhlp.obj
 0001:00027158       __delayLoadHelper2         0000000180028158 f   Delayimp:delayhlp.obj
 0001:0002742c       ??3@YAXPEAX_K@Z            000000018002842c f   MSVCRT:delete_scalar_size.obj
 0001:0002742c       ??_V@YAXPEAX@Z             000000018002842c f   MSVCRT:delete_array.obj
 0001:00027434       ??_Gtype_info@@UEAAPEAXI@Z 0000000180028434 f i MSVCRT:std_type_info_static.obj
 0001:00027434       ??_Etype_info@@UEAAPEAXI@Z 0000000180028434 f i MSVCRT:std_type_info_static.obj
 0001:00027460       ?__scrt_initialize_type_info@@YAXXZ 0000000180028460 f   MSVCRT:tncleanup.obj
 0001:00027470       ?__scrt_uninitialize_type_info@@YAXXZ 0000000180028470 f   MSVCRT:tncleanup.obj
 0001:00027490       __chkstk                   0000000180028490 f   MSVCRT:chkstk.obj
 0001:00027490       _alloca_probe              0000000180028490 f   MSVCRT:chkstk.obj
 0001:000274e0       ??3@YAXPEAX@Z              00000001800284e0 f   MSVCRT:delete_scalar.obj
 0001:000274f0       __vdecl_sinf4              00000001800284f0 f   MSVCRT:svml_ssinf4_dispatch.obj
 0001:00027510       __libm_sse2_sincosf_       0000000180028510 f   MSVCRT:svml_ssinf4_dispatch.obj
 0001:00027553       __libm_sse2_sincosf4_      0000000180028553 f   MSVCRT:svml_ssinf4_dispatch.obj
 0001:00027880       _DllMainCRTStartup         0000000180028880 f   MSVCRT:dll_dllmain.obj
 0001:000278c0       __isa_available_init       00000001800288c0 f   MSVCRT:cpu_disp.obj
 0001:00027a70       __sse2_sinf4@@16           0000000180028a70 f   MSVCRT:svml_ssinf4_sse2.obj
 0001:000283b0       __sse4_sinf4@@16           00000001800293b0 f   MSVCRT:svml_ssinf4_sse4.obj
 0001:00028b24       __security_init_cookie     0000000180029b24 f   MSVCRT:gs_support.obj
 0001:00028bd0       DllMain                    0000000180029bd0 f   MSVCRT:dll_dllmain_stub.obj
 0001:00028bf4       __local_stdio_printf_options 0000000180029bf4 f i MSVCRT:default_local_stdio_options.obj
 0001:00028bfc       __local_stdio_scanf_options 0000000180029bfc f i MSVCRT:default_local_stdio_options.obj
 0001:00028c04       __scrt_initialize_default_local_stdio_options 0000000180029c04 f   MSVCRT:default_local_stdio_options.obj
 0001:00028c20       __scrt_acquire_startup_lock 0000000180029c20 f   MSVCRT:utility.obj
 0001:00028c5c       __scrt_dllmain_after_initialize_c 0000000180029c5c f   MSVCRT:utility.obj
 0001:00028c90       __scrt_dllmain_before_initialize_c 0000000180029c90 f   MSVCRT:utility.obj
 0001:00028ca8       __scrt_dllmain_crt_thread_attach 0000000180029ca8 f   MSVCRT:utility.obj
 0001:00028cd0       __scrt_dllmain_crt_thread_detach 0000000180029cd0 f   MSVCRT:utility.obj
 0001:00028ce8       __scrt_dllmain_exception_filter 0000000180029ce8 f   MSVCRT:utility.obj
 0001:00028d48       __scrt_dllmain_uninitialize_c 0000000180029d48 f   MSVCRT:utility.obj
 0001:00028d78       __scrt_dllmain_uninitialize_critical 0000000180029d78 f   MSVCRT:utility.obj
 0001:00028d8c       __scrt_initialize_crt      0000000180029d8c f   MSVCRT:utility.obj
 0001:00028dd8       __scrt_initialize_onexit_tables 0000000180029dd8 f   MSVCRT:utility.obj
 0001:00028e64       __scrt_is_nonwritable_in_current_image 0000000180029e64 f   MSVCRT:utility.obj
 0001:00028efc       __scrt_release_startup_lock 0000000180029efc f   MSVCRT:utility.obj
 0001:00028f20       __scrt_uninitialize_crt    0000000180029f20 f   MSVCRT:utility.obj
 0001:00028f4c       __scrt_get_dyn_tls_init_callback 0000000180029f4c f   MSVCRT:dyn_tls_init.obj
 0001:00028f54       __crt_debugger_hook        0000000180029f54 f   MSVCRT:utility_desktop.obj
 0001:00028f5c       __scrt_fastfail            0000000180029f5c f   MSVCRT:utility_desktop.obj
 0001:000290a8       _RTC_Initialize            000000018002a0a8 f   MSVCRT:initsect.obj
 0001:000290e4       _RTC_Terminate             000000018002a0e4 f   MSVCRT:initsect.obj
 0001:00029120       __common_ssin_cout_rare    000000018002a120 f   MSVCRT:svml_s_sin_cout.obj
 0001:00029190       __scrt_is_ucrt_dll_in_use  000000018002a190 f   MSVCRT:ucrt_detection.obj
 0001:0002919c       _purecall                  000000018002a19c f   vcruntime:VCRUNTIME140.dll
 0001:000291a2       __std_type_info_name       000000018002a1a2 f   vcruntime:VCRUNTIME140.dll
 0001:000291a8       memset                     000000018002a1a8 f   vcruntime:VCRUNTIME140.dll
 0001:000291ae       memcpy                     000000018002a1ae f   vcruntime:VCRUNTIME140.dll
 0001:000291b4       strstr                     000000018002a1b4 f   vcruntime:VCRUNTIME140.dll
 0001:000291ba       __std_type_info_destroy_list 000000018002a1ba f   vcruntime:VCRUNTIME140.dll
 0001:000291c0       __C_specific_handler       000000018002a1c0 f   vcruntime:VCRUNTIME140.dll
 0001:000291c6       strcmp                     000000018002a1c6 f   ucrt:api-ms-win-crt-string-l1-1-0.dll
 0001:000291cc       atan2f                     000000018002a1cc f   ucrt:api-ms-win-crt-math-l1-1-0.dll
 0001:000291d2       free                       000000018002a1d2 f   ucrt:api-ms-win-crt-heap-l1-1-0.dll
 0001:000291d8       _initterm                  000000018002a1d8 f   ucrt:api-ms-win-crt-runtime-l1-1-0.dll
 0001:000291de       _initterm_e                000000018002a1de f   ucrt:api-ms-win-crt-runtime-l1-1-0.dll
 0001:000291e4       _seh_filter_dll            000000018002a1e4 f   ucrt:api-ms-win-crt-runtime-l1-1-0.dll
 0001:000291ea       _configure_narrow_argv     000000018002a1ea f   ucrt:api-ms-win-crt-runtime-l1-1-0.dll
 0001:000291f0       _initialize_narrow_environment 000000018002a1f0 f   ucrt:api-ms-win-crt-runtime-l1-1-0.dll
 0001:000291f6       _initialize_onexit_table   000000018002a1f6 f   ucrt:api-ms-win-crt-runtime-l1-1-0.dll
 0001:000291fc       _execute_onexit_table      000000018002a1fc f   ucrt:api-ms-win-crt-runtime-l1-1-0.dll
 0001:00029202       _cexit                     000000018002a202 f   ucrt:api-ms-win-crt-runtime-l1-1-0.dll
 0001:00029208       __vcrt_thread_detach       000000018002a208 f   MSVCRT:ucrt_stubs.obj
 0001:00029208       __scrt_stub_for_acrt_thread_detach 000000018002a208 f   MSVCRT:ucrt_stubs.obj
 0001:00029208       __vcrt_uninitialize        000000018002a208 f   MSVCRT:ucrt_stubs.obj
 0001:00029208       __acrt_uninitialize_critical 000000018002a208 f   MSVCRT:ucrt_stubs.obj
 0001:00029208       __vcrt_initialize          000000018002a208 f   MSVCRT:ucrt_stubs.obj
 0001:00029208       __scrt_stub_for_acrt_thread_attach 000000018002a208 f   MSVCRT:ucrt_stubs.obj
 0001:00029208       __scrt_stub_for_acrt_uninitialize 000000018002a208 f   MSVCRT:ucrt_stubs.obj
 0001:00029208       __vcrt_uninitialize_critical 000000018002a208 f   MSVCRT:ucrt_stubs.obj
 0001:00029208       __acrt_uninitialize        000000018002a208 f   MSVCRT:ucrt_stubs.obj
 0001:00029208       __scrt_stub_for_acrt_uninitialize_critical 000000018002a208 f   MSVCRT:ucrt_stubs.obj
 0001:00029208       __acrt_thread_attach       000000018002a208 f   MSVCRT:ucrt_stubs.obj
 0001:00029208       __acrt_thread_detach       000000018002a208 f   MSVCRT:ucrt_stubs.obj
 0001:00029208       __vcrt_thread_attach       000000018002a208 f   MSVCRT:ucrt_stubs.obj
 0001:00029208       __acrt_initialize          000000018002a208 f   MSVCRT:ucrt_stubs.obj
 0001:00029208       __scrt_stub_for_acrt_initialize 000000018002a208 f   MSVCRT:ucrt_stubs.obj
 0001:00029220       _guard_dispatch_icall_nop  000000018002a220 f   MSVCRT:guard_dispatch.obj
 0001:00029240       _guard_xfg_dispatch_icall_nop 000000018002a240 f   MSVCRT:guard_xfg_dispatch.obj
 0002:00000000       __imp_LoadLibraryA         000000018002b000     kernel32:KERNEL32.dll
 0002:00000008       __imp_SetUnhandledExceptionFilter 000000018002b008     kernel32:KERNEL32.dll
 0002:00000010       __imp_UnhandledExceptionFilter 000000018002b010     kernel32:KERNEL32.dll
 0002:00000018       __imp_IsDebuggerPresent    000000018002b018     kernel32:KERNEL32.dll
 0002:00000020       __imp_RtlVirtualUnwind     000000018002b020     kernel32:KERNEL32.dll
 0002:00000028       __imp_RtlLookupFunctionEntry 000000018002b028     kernel32:KERNEL32.dll
 0002:00000030       __imp_RtlCaptureContext    000000018002b030     kernel32:KERNEL32.dll
 0002:00000038       __imp_DisableThreadLibraryCalls 000000018002b038     kernel32:KERNEL32.dll
 0002:00000040       __imp_GetSystemTimeAsFileTime 000000018002b040     kernel32:KERNEL32.dll
 0002:00000048       __imp_GetCurrentThreadId   000000018002b048     kernel32:KERNEL32.dll
 0002:00000050       __imp_GetCurrentProcessId  000000018002b050     kernel32:KERNEL32.dll
 0002:00000058       __imp_QueryPerformanceCounter 000000018002b058     kernel32:KERNEL32.dll
 0002:00000060       __imp_InitializeSListHead  000000018002b060     kernel32:KERNEL32.dll
 0002:00000068       __imp_LoadLibraryExA       000000018002b068     kernel32:KERNEL32.dll
 0002:00000070       __imp_GetProcAddress       000000018002b070     kernel32:KERNEL32.dll
 0002:00000078       __imp_GetModuleHandleW     000000018002b078     kernel32:KERNEL32.dll
 0002:00000080       __imp_FreeLibrary          000000018002b080     kernel32:KERNEL32.dll
 0002:00000088       __imp_VirtualQuery         000000018002b088     kernel32:KERNEL32.dll
 0002:00000090       __imp_VirtualProtect       000000018002b090     kernel32:KERNEL32.dll
 0002:00000098       __imp_GetSystemInfo        000000018002b098     kernel32:KERNEL32.dll
 0002:000000a0       __imp_GetLastError         000000018002b0a0     kernel32:KERNEL32.dll
 0002:000000a8       __imp_RaiseException       000000018002b0a8     kernel32:KERNEL32.dll
 0002:000000b0       __imp_IsProcessorFeaturePresent 000000018002b0b0     kernel32:KERNEL32.dll
 0002:000000b8       \177KERNEL32_NULL_THUNK_DATA 000000018002b0b8     kernel32:KERNEL32.dll
 0002:000000c0       __imp_memcpy               000000018002b0c0     vcruntime:VCRUNTIME140.dll
 0002:000000c8       __imp_strstr               000000018002b0c8     vcruntime:VCRUNTIME140.dll
 0002:000000d0       __imp___std_type_info_destroy_list 000000018002b0d0     vcruntime:VCRUNTIME140.dll
 0002:000000d8       __imp___C_specific_handler 000000018002b0d8     vcruntime:VCRUNTIME140.dll
 0002:000000e0       __imp_memset               000000018002b0e0     vcruntime:VCRUNTIME140.dll
 0002:000000e8       __imp__purecall            000000018002b0e8     vcruntime:VCRUNTIME140.dll
 0002:000000f0       __imp___std_type_info_name 000000018002b0f0     vcruntime:VCRUNTIME140.dll
 0002:000000f8       \177VCRUNTIME140_NULL_THUNK_DATA 000000018002b0f8     vcruntime:VCRUNTIME140.dll
[...]
 0002:00006658       rgwOrd                     0000000180031658     PhysXCooking_64.exp
 0002:0000674c       szName                     000000018003174c     PhysXCooking_64.exp
 0002:00006760       $N00001                    0000000180031760     PhysXCooking_64.exp
 0002:0000678f       $N00002                    000000018003178f     PhysXCooking_64.exp
 0002:000067b6       $N00003                    00000001800317b6     PhysXCooking_64.exp
 0002:000067f1       $N00004                    00000001800317f1     PhysXCooking_64.exp
 0002:00006818       $N00005                    0000000180031818     PhysXCooking_64.exp
 0002:00006844       $N00006                    0000000180031844     PhysXCooking_64.exp
 0002:00006865       $N00007                    0000000180031865     PhysXCooking_64.exp
 0002:0000689a       $N00008                    000000018003189a     PhysXCooking_64.exp
 0002:000068b3       $N00009                    00000001800318b3     PhysXCooking_64.exp
 0002:000068d3       $N00010                    00000001800318d3     PhysXCooking_64.exp
 0002:000068fc       $N00011                    00000001800318fc     PhysXCooking_64.exp
 0002:00006923       $N00012                    0000000180031923     PhysXCooking_64.exp
 0002:00006952       $N00013                    0000000180031952     PhysXCooking_64.exp
 0002:0000697f       $N00014                    000000018003197f     PhysXCooking_64.exp
 0002:000069b0       $N00015                    00000001800319b0     PhysXCooking_64.exp
 0002:000069d5       $N00016                    00000001800319d5     PhysXCooking_64.exp
 0002:00006a00       $N00017                    0000000180031a00     PhysXCooking_64.exp
 0002:00006a26       $N00018                    0000000180031a26     PhysXCooking_64.exp
 0002:00006a45       $N00019                    0000000180031a45     PhysXCooking_64.exp
 0002:00006a7b       $N00020                    0000000180031a7b     PhysXCooking_64.exp
 0002:00006aa5       $N00021                    0000000180031aa5     PhysXCooking_64.exp
 0002:00006acc       $N00022                    0000000180031acc     PhysXCooking_64.exp
 0002:00006af5       $N00023                    0000000180031af5     PhysXCooking_64.exp
 0002:00006b0e       $N00024                    0000000180031b0e     PhysXCooking_64.exp
 0002:00006b33       $N00025                    0000000180031b33     PhysXCooking_64.exp
 0002:00006b52       $N00026                    0000000180031b52     PhysXCooking_64.exp
 0002:00006b71       $N00027                    0000000180031b71     PhysXCooking_64.exp
 0002:00006b91       $N00028                    0000000180031b91     PhysXCooking_64.exp
 0002:00006bc7       $N00029                    0000000180031bc7     PhysXCooking_64.exp
 0002:00006bff       $N00030                    0000000180031bff     PhysXCooking_64.exp
 0002:00006c33       $N00031                    0000000180031c33     PhysXCooking_64.exp
 0002:00006c65       $N00032                    0000000180031c65     PhysXCooking_64.exp
 0002:00006c92       $N00033                    0000000180031c92     PhysXCooking_64.exp
 0002:00006cba       $N00034                    0000000180031cba     PhysXCooking_64.exp
 0002:00006ceb       $N00035                    0000000180031ceb     PhysXCooking_64.exp
 0002:00006d1a       $N00036                    0000000180031d1a     PhysXCooking_64.exp
 0002:00006d4a       $N00037                    0000000180031d4a     PhysXCooking_64.exp
 0002:00006d78       $N00038                    0000000180031d78     PhysXCooking_64.exp
 0002:00006da9       $N00039                    0000000180031da9     PhysXCooking_64.exp
 0002:00006ddf       $N00040                    0000000180031ddf     PhysXCooking_64.exp
 0002:00006e13       $N00041                    0000000180031e13     PhysXCooking_64.exp
 0002:00006e45       $N00042                    0000000180031e45     PhysXCooking_64.exp
 0002:00006e77       $N00043                    0000000180031e77     PhysXCooking_64.exp
 0002:00006ea3       $N00044                    0000000180031ea3     PhysXCooking_64.exp
 0002:00006ebf       $N00045                    0000000180031ebf     PhysXCooking_64.exp
 0002:00006ee9       $N00046                    0000000180031ee9     PhysXCooking_64.exp
 0002:00006f0d       $N00047                    0000000180031f0d     PhysXCooking_64.exp
 0002:00006f3f       $N00048                    0000000180031f3f     PhysXCooking_64.exp
 0002:00006f66       $N00049                    0000000180031f66     PhysXCooking_64.exp
 0002:00006f94       $N00050                    0000000180031f94     PhysXCooking_64.exp
 0002:00006fbf       $N00051                    0000000180031fbf     PhysXCooking_64.exp
 0002:00006fec       $N00052                    0000000180031fec     PhysXCooking_64.exp
 0002:00007015       $N00053                    0000000180032015     PhysXCooking_64.exp
 0002:00007044       $N00054                    0000000180032044     PhysXCooking_64.exp
 0002:0000706d       $N00055                    000000018003206d     PhysXCooking_64.exp
 0002:00007096       $N00056                    0000000180032096     PhysXCooking_64.exp
 0002:000070c4       $N00057                    00000001800320c4     PhysXCooking_64.exp
 0002:000070ec       $N00058                    00000001800320ec     PhysXCooking_64.exp
 0002:00007127       $N00059                    0000000180032127     PhysXCooking_64.exp
 0002:00007151       $N00060                    0000000180032151     PhysXCooking_64.exp
 0002:00007185       $N00061                    0000000180032185     PhysXCooking_64.exp
 0002:000071bb       $N00062                    00000001800321bb     PhysXCooking_64.exp
 0002:000071f7       $N00063                    00000001800321f7     PhysXCooking_64.exp
 0002:0000723f       $N00064                    000000018003223f     PhysXCooking_64.exp
 0002:0000728f       $N00065                    000000018003228f     PhysXCooking_64.exp
 0002:000072c3       $N00066                    00000001800322c3     PhysXCooking_64.exp
 0002:000072f8       $N00067                    00000001800322f8     PhysXCooking_64.exp
 0002:0000732e       $N00068                    000000018003232e     PhysXCooking_64.exp
 0002:00007355       $N00069                    0000000180032355     PhysXCooking_64.exp
 0002:0000739d       $N00070                    000000018003239d     PhysXCooking_64.exp
 0002:000073e3       $N00071                    00000001800323e3     PhysXCooking_64.exp
 0002:0000743b       $N00072                    000000018003243b     PhysXCooking_64.exp
 0002:00007482       $N00073                    0000000180032482     PhysXCooking_64.exp
 0002:000074ad       $N00074                    00000001800324ad     PhysXCooking_64.exp
 0002:000074dd       $N00075                    00000001800324dd     PhysXCooking_64.exp
 0002:0000752d       $N00076                    000000018003252d     PhysXCooking_64.exp
 0002:000075dc       $N00077                    00000001800325dc     PhysXCooking_64.exp
 0002:0000763a       $N00078                    000000018003263a     PhysXCooking_64.exp
 0002:00007666       $N00079                    0000000180032666     PhysXCooking_64.exp
 0002:00007692       $N00080                    0000000180032692     PhysXCooking_64.exp
 0002:000076c7       $N00081                    00000001800326c7     PhysXCooking_64.exp
 0002:000076f0       $N00082                    00000001800326f0     PhysXCooking_64.exp
 0002:0000772c       $N00083                    000000018003272c     PhysXCooking_64.exp
 0002:00007758       $N00084                    0000000180032758     PhysXCooking_64.exp
 0002:0000778b       $N00085                    000000018003278b     PhysXCooking_64.exp
 0002:000077d8       $N00086                    00000001800327d8     PhysXCooking_64.exp
 0002:0000780b       $N00087                    000000018003280b     PhysXCooking_64.exp
 0002:00007845       $N00088                    0000000180032845     PhysXCooking_64.exp
 0002:0000787f       $N00089                    000000018003287f     PhysXCooking_64.exp
 0002:000078bb       $N00090                    00000001800328bb     PhysXCooking_64.exp
 0002:000078ff       $N00091                    00000001800328ff     PhysXCooking_64.exp
 0002:0000792e       $N00092                    000000018003292e     PhysXCooking_64.exp
 0002:000079a8       $N00093                    00000001800329a8     PhysXCooking_64.exp
 0002:00007a05       $N00094                    0000000180032a05     PhysXCooking_64.exp
 0002:00007a31       $N00095                    0000000180032a31     PhysXCooking_64.exp
 0002:00007a65       $N00096                    0000000180032a65     PhysXCooking_64.exp
 0002:00007a9e       $N00097                    0000000180032a9e     PhysXCooking_64.exp
 0002:00007adb       $N00098                    0000000180032adb     PhysXCooking_64.exp
 0002:00007b11       $N00099                    0000000180032b11     PhysXCooking_64.exp
 0002:00007b3e       $N00100                    0000000180032b3e     PhysXCooking_64.exp
 0002:00007b6b       $N00101                    0000000180032b6b     PhysXCooking_64.exp
 0002:00007b96       $N00102                    0000000180032b96     PhysXCooking_64.exp
 0002:00007bc2       $N00103                    0000000180032bc2     PhysXCooking_64.exp
 0002:00007bef       $N00104                    0000000180032bef     PhysXCooking_64.exp
 0002:00007c0f       $N00105                    0000000180032c0f     PhysXCooking_64.exp
 0002:00007c4b       $N00106                    0000000180032c4b     PhysXCooking_64.exp
 0002:00007c7c       $N00107                    0000000180032c7c     PhysXCooking_64.exp
 0002:00007cae       $N00108                    0000000180032cae     PhysXCooking_64.exp
 0002:00007cf0       $N00109                    0000000180032cf0     PhysXCooking_64.exp
 0002:00007d1d       $N00110                    0000000180032d1d     PhysXCooking_64.exp
 0002:00007d41       $N00111                    0000000180032d41     PhysXCooking_64.exp
 0002:00007d71       $N00112                    0000000180032d71     PhysXCooking_64.exp
 0002:00007da4       $N00113                    0000000180032da4     PhysXCooking_64.exp
 0002:00007dc9       $N00114                    0000000180032dc9     PhysXCooking_64.exp
 0002:00007df7       $N00115                    0000000180032df7     PhysXCooking_64.exp
 0002:00007e1f       $N00116                    0000000180032e1f     PhysXCooking_64.exp
 0002:00007e3f       $N00117                    0000000180032e3f     PhysXCooking_64.exp
 0002:00007e84       $N00118                    0000000180032e84     PhysXCooking_64.exp
 0002:00007ec1       $N00119                    0000000180032ec1     PhysXCooking_64.exp
 0002:00007efe       $N00120                    0000000180032efe     PhysXCooking_64.exp
 0002:00007f31       $N00121                    0000000180032f31     PhysXCooking_64.exp
 0002:00007f41       $N00122                    0000000180032f41     PhysXCooking_64.exp
 0002:00008180       .idata$6                   0000000180033180     kernel32:KERNEL32.dll
 0002:00008208       .idata$6                   0000000180033208     vcruntime:VCRUNTIME140.dll
 0002:000082e8       .idata$6                   00000001800332e8     ucrt:api-ms-win-crt-string-l1-1-0.dll
 0002:0000830a       .idata$6                   000000018003330a     ucrt:api-ms-win-crt-math-l1-1-0.dll
 0002:0000832a       .idata$6                   000000018003332a     ucrt:api-ms-win-crt-heap-l1-1-0.dll
 0002:0000834a       .idata$6                   000000018003334a     ucrt:api-ms-win-crt-runtime-l1-1-0.dll
 0003:00000000       ?MAXDOT_MINANG@local@@3MB  0000000180034000     ConvexHullUtils.obj
 0003:00000004       ?MAXDOT_MINANG@local@@3MB  0000000180034004     QuickHullConvexHullLib.obj
 0003:000007b0       ?maxV3Error@_VecMathTests@aos@shdfnd@physx@@3T__m128@@B 00000001800347b0     Cooking.obj
 0003:000007c0       ?minFError@_VecMathTests@aos@shdfnd@physx@@3T__m128@@B 00000001800347c0     Cooking.obj
 0003:000007d0       ?maxV4Error@_VecMathTests@aos@shdfnd@physx@@3T__m128@@B 00000001800347d0     Cooking.obj
 0003:000007e0       ?minV4Error@_VecMathTests@aos@shdfnd@physx@@3T__m128@@B 00000001800347e0     Cooking.obj
 0003:000007f0       ?minV3Error@_VecMathTests@aos@shdfnd@physx@@3T__m128@@B 00000001800347f0     Cooking.obj
 0003:00000800       ?maxFError@_VecMathTests@aos@shdfnd@physx@@3T__m128@@B 0000000180034800     Cooking.obj
 0003:00000810       ?maxV3Error@_VecMathTests@aos@shdfnd@physx@@3T__m128@@B 0000000180034810     BVHStructureBuilder.obj
 0003:00000820       ?minFError@_VecMathTests@aos@shdfnd@physx@@3T__m128@@B 0000000180034820     BVHStructureBuilder.obj
 0003:00000830       ?maxV4Error@_VecMathTests@aos@shdfnd@physx@@3T__m128@@B 0000000180034830     BVHStructureBuilder.obj
 0003:00000840       ?minV4Error@_VecMathTests@aos@shdfnd@physx@@3T__m128@@B 0000000180034840     BVHStructureBuilder.obj
 0003:00000850       ?minV3Error@_VecMathTests@aos@shdfnd@physx@@3T__m128@@B 0000000180034850     BVHStructureBuilder.obj
 0003:00000860       ?maxFError@_VecMathTests@aos@shdfnd@physx@@3T__m128@@B 0000000180034860     BVHStructureBuilder.obj
 0003:00000870       ?maxV3Error@_VecMathTests@aos@shdfnd@physx@@3T__m128@@B 0000000180034870     RTreeCooking.obj
 0003:00000880       ?minFError@_VecMathTests@aos@shdfnd@physx@@3T__m128@@B 0000000180034880     RTreeCooking.obj
 0003:00000890       ?maxV4Error@_VecMathTests@aos@shdfnd@physx@@3T__m128@@B 0000000180034890     RTreeCooking.obj
 0003:000008a0       ?minV4Error@_VecMathTests@aos@shdfnd@physx@@3T__m128@@B 00000001800348a0     RTreeCooking.obj
 0003:000008b0       ?minV3Error@_VecMathTests@aos@shdfnd@physx@@3T__m128@@B 00000001800348b0     RTreeCooking.obj
 0003:000008c0       ?maxFError@_VecMathTests@aos@shdfnd@physx@@3T__m128@@B 00000001800348c0     RTreeCooking.obj
 0003:000008d0       ?maxV3Error@_VecMathTests@aos@shdfnd@physx@@3T__m128@@B 00000001800348d0     MeshBuilder.obj
 0003:000008e0       ?minFError@_VecMathTests@aos@shdfnd@physx@@3T__m128@@B 00000001800348e0     MeshBuilder.obj
 0003:000008f0       ?maxV4Error@_VecMathTests@aos@shdfnd@physx@@3T__m128@@B 00000001800348f0     MeshBuilder.obj
 0003:00000900       ?minV4Error@_VecMathTests@aos@shdfnd@physx@@3T__m128@@B 0000000180034900     MeshBuilder.obj
 0003:00000910       ?minV3Error@_VecMathTests@aos@shdfnd@physx@@3T__m128@@B 0000000180034910     MeshBuilder.obj
 0003:00000920       ?maxFError@_VecMathTests@aos@shdfnd@physx@@3T__m128@@B 0000000180034920     MeshBuilder.obj
 0003:00000930       ?maxV3Error@_VecMathTests@aos@shdfnd@physx@@3T__m128@@B 0000000180034930     TriangleMeshBuilder.obj
 0003:00000940       ?minFError@_VecMathTests@aos@shdfnd@physx@@3T__m128@@B 0000000180034940     TriangleMeshBuilder.obj
 0003:00000950       ?maxV4Error@_VecMathTests@aos@shdfnd@physx@@3T__m128@@B 0000000180034950     TriangleMeshBuilder.obj
 0003:00000960       ?minV4Error@_VecMathTests@aos@shdfnd@physx@@3T__m128@@B 0000000180034960     TriangleMeshBuilder.obj
 0003:00000970       ?minV3Error@_VecMathTests@aos@shdfnd@physx@@3T__m128@@B 0000000180034970     TriangleMeshBuilder.obj
 0003:00000980       ?maxFError@_VecMathTests@aos@shdfnd@physx@@3T__m128@@B 0000000180034980     TriangleMeshBuilder.obj
 0003:00000990       ?maxV3Error@_VecMathTests@aos@shdfnd@physx@@3T__m128@@B 0000000180034990     BigConvexDataBuilder.obj
 0003:000009a0       ?minFError@_VecMathTests@aos@shdfnd@physx@@3T__m128@@B 00000001800349a0     BigConvexDataBuilder.obj
 0003:000009b0       ?maxV4Error@_VecMathTests@aos@shdfnd@physx@@3T__m128@@B 00000001800349b0     BigConvexDataBuilder.obj
 0003:000009c0       ?minV4Error@_VecMathTests@aos@shdfnd@physx@@3T__m128@@B 00000001800349c0     BigConvexDataBuilder.obj
 0003:000009d0       ?minV3Error@_VecMathTests@aos@shdfnd@physx@@3T__m128@@B 00000001800349d0     BigConvexDataBuilder.obj
 0003:000009e0       ?maxFError@_VecMathTests@aos@shdfnd@physx@@3T__m128@@B 00000001800349e0     BigConvexDataBuilder.obj
 0003:000009f0       ?maxV3Error@_VecMathTests@aos@shdfnd@physx@@3T__m128@@B 00000001800349f0     ConvexHullBuilder.obj
 0003:00000a00       ?minFError@_VecMathTests@aos@shdfnd@physx@@3T__m128@@B 0000000180034a00     ConvexHullBuilder.obj
 0003:00000a10       ?maxV4Error@_VecMathTests@aos@shdfnd@physx@@3T__m128@@B 0000000180034a10     ConvexHullBuilder.obj
 0003:00000a20       ?minV4Error@_VecMathTests@aos@shdfnd@physx@@3T__m128@@B 0000000180034a20     ConvexHullBuilder.obj
 0003:00000a30       ?minV3Error@_VecMathTests@aos@shdfnd@physx@@3T__m128@@B 0000000180034a30     ConvexHullBuilder.obj
 0003:00000a40       ?maxFError@_VecMathTests@aos@shdfnd@physx@@3T__m128@@B 0000000180034a40     ConvexHullBuilder.obj
 0003:00000a50       ?maxV3Error@_VecMathTests@aos@shdfnd@physx@@3T__m128@@B 0000000180034a50     ConvexHullUtils.obj
 0003:00000a60       ?minFError@_VecMathTests@aos@shdfnd@physx@@3T__m128@@B 0000000180034a60     ConvexHullUtils.obj
 0003:00000a70       ?maxV4Error@_VecMathTests@aos@shdfnd@physx@@3T__m128@@B 0000000180034a70     ConvexHullUtils.obj
 0003:00000a80       ?minV4Error@_VecMathTests@aos@shdfnd@physx@@3T__m128@@B 0000000180034a80     ConvexHullUtils.obj
 0003:00000a90       ?minV3Error@_VecMathTests@aos@shdfnd@physx@@3T__m128@@B 0000000180034a90     ConvexHullUtils.obj
 0003:00000aa0       ?maxFError@_VecMathTests@aos@shdfnd@physx@@3T__m128@@B 0000000180034aa0     ConvexHullUtils.obj
 0003:00000ab0       ?maxV3Error@_VecMathTests@aos@shdfnd@physx@@3T__m128@@B 0000000180034ab0     ConvexMeshBuilder.obj
 0003:00000ac0       ?minFError@_VecMathTests@aos@shdfnd@physx@@3T__m128@@B 0000000180034ac0     ConvexMeshBuilder.obj
 0003:00000ad0       ?maxV4Error@_VecMathTests@aos@shdfnd@physx@@3T__m128@@B 0000000180034ad0     ConvexMeshBuilder.obj
 0003:00000ae0       ?minV4Error@_VecMathTests@aos@shdfnd@physx@@3T__m128@@B 0000000180034ae0     ConvexMeshBuilder.obj
 0003:00000af0       ?minV3Error@_VecMathTests@aos@shdfnd@physx@@3T__m128@@B 0000000180034af0     ConvexMeshBuilder.obj
 0003:00000b00       ?maxFError@_VecMathTests@aos@shdfnd@physx@@3T__m128@@B 0000000180034b00     ConvexMeshBuilder.obj
 0003:00000b10       ?maxV3Error@_VecMathTests@aos@shdfnd@physx@@3T__m128@@B 0000000180034b10     VolumeIntegration.obj
 0003:00000b20       ?minFError@_VecMathTests@aos@shdfnd@physx@@3T__m128@@B 0000000180034b20     VolumeIntegration.obj
 0003:00000b30       ?maxV4Error@_VecMathTests@aos@shdfnd@physx@@3T__m128@@B 0000000180034b30     VolumeIntegration.obj
 0003:00000b40       ?minV4Error@_VecMathTests@aos@shdfnd@physx@@3T__m128@@B 0000000180034b40     VolumeIntegration.obj
 0003:00000b50       ?minV3Error@_VecMathTests@aos@shdfnd@physx@@3T__m128@@B 0000000180034b50     VolumeIntegration.obj
 0003:00000b60       ?maxFError@_VecMathTests@aos@shdfnd@physx@@3T__m128@@B 0000000180034b60     VolumeIntegration.obj
 0003:00000b70       ?gCookingDelayLoadHook@@3PEBVPxDelayLoadHook@physx@@EB 0000000180034b70     WindowsCookingDelayLoadHook.obj
 0003:00000bd0       ?__proc_attached@@3HA      0000000180034bd0     MSVCRT:dll_dllmain.obj
 0003:00000c08       ?is_initialized_as_dll@@3_NA 0000000180034c08     MSVCRT:utility.obj
 0003:00000c09       ?module_local_atexit_table_initialized@@3_NA 0000000180034c09     MSVCRT:utility.obj
 0003:00000c10       ?module_local_atexit_table@@3U_onexit_table_t@@A 0000000180034c10     MSVCRT:utility.obj
 0003:00000c28       ?module_local_at_quick_exit_table@@3U_onexit_table_t@@A 0000000180034c28     MSVCRT:utility.obj
 0005:00000000       _2il0floatpacket$19        0000000180037000     MSVCRT:svml_ssinf4_sse2.obj
 0005:00002200       _vmlsSinHATab              0000000180039200     MSVCRT:svml_s_sin_cout.obj
 0006:000000a0       $R000000                   000000018003a0a0     PhysXCooking.res
 0006:000003d0       $R000330                   000000018003a3d0     PhysXCooking.res
