 NvCloth_x64

 Timestamp is 692ef366 (Tue Dec  2 23:10:46 2025)

 Preferred load address is 0000000180000000

 Start         Length     Name                   Class
 0001:00000000 000000b0H .text$di                CODE
 0001:000000b0 00066fc0H .text$mn                CODE
 0001:00067070 00000036H .text$mn$00             CODE
 0001:000670a6 00000092H .text$x                 CODE
 0002:00000000 000001b8H .idata$5                DATA
 0002:000001b8 00000038H .00cfg                  DATA
 0002:000001f0 00000008H .CRT$XCA                DATA
 0002:000001f8 00000020H .CRT$XCU                DATA
 0002:00000218 00000008H .CRT$XCZ                DATA
 0002:00000220 00000008H .CRT$XIA                DATA
 0002:00000228 00000008H .CRT$XIZ                DATA
 0002:00000230 00000008H .CRT$XPA                DATA
 0002:00000238 00000008H .CRT$XPZ                DATA
 0002:00000240 00000008H .CRT$XTA                DATA
 0002:00000248 00000018H .CRT$XTZ                DATA
 0002:00000250 00000000H .gehcont$y              DATA
 0002:00000250 00000000H .gfids$y                DATA
 0002:00000260 00006520H .rdata                  DATA
 0002:00006780 00000080H .rdata$CastGuardVftablesA DATA
 0002:00006800 00000080H .rdata$CastGuardVftablesC DATA
 0002:00006880 000001f4H .rdata$r                DATA
 0002:00006a74 00000100H .rdata$voltmd           DATA
 0002:00006b74 00000384H .rdata$zzzdbg           DATA
 0002:00006ef8 00000008H .rtc$IAA                DATA
 0002:00006f00 00000008H .rtc$IZZ                DATA
 0002:00006f08 00000008H .rtc$TAA                DATA
 0002:00006f10 00000008H .rtc$TZZ                DATA
 0002:00006f18 00007a40H .xdata                  DATA
 0002:0000e958 000000f8H .xdata$x                DATA
 0002:0000ea50 000008a0H .edata                  DATA
 0002:0000f2f0 00000078H .idata$2                DATA
 0002:0000f368 00000018H .idata$3                DATA
 0002:0000f380 000001b8H .idata$4                DATA
 0002:0000f538 0000046aH .idata$6                DATA
 0003:00000000 001d7b78H .data                   DATA
 0003:001d7b78 00000080H .data$r                 DATA
 0003:001d7bf8 00000028H .data$rs                DATA
 0003:001d7c20 000017e0H .bss                    DATA
 0004:00000000 000057d8H .pdata                  DATA
 0005:00000000 00000060H .rsrc$01                DATA
 0005:00000060 00000180H .rsrc$02                DATA

  Address         Publics by Value              Rva+Base               Lib:Object

 0000:00000000       __AbsoluteZero             0000000000000000     <absolute>
 0000:00000000       ___safe_se_handler_count   0000000000000000     <absolute>
 0000:00000000       ___safe_se_handler_table   0000000000000000     <absolute>
 0000:00000000       __arm64x_extra_rfe_table   0000000000000000     <absolute>
 0000:00000000       __arm64x_extra_rfe_table_size 0000000000000000     <absolute>
 0000:00000000       __arm64x_native_entrypoint 0000000000000000     <absolute>
 0000:00000000       __arm64x_redirection_metadata 0000000000000000     <absolute>
 0000:00000000       __arm64x_redirection_metadata_count 0000000000000000     <absolute>
 0000:00000000       __dynamic_value_reloc_table 0000000000000000     <absolute>
 0000:00000000       __enclave_config           0000000000000000     <absolute>
 0000:00000000       __guard_check_icall_a64n_fptr 0000000000000000     <absolute>
 0000:00000000       __guard_eh_cont_count      0000000000000000     <absolute>
 0000:00000000       __guard_eh_cont_table      0000000000000000     <absolute>
 0000:00000000       __guard_fids_count         0000000000000000     <absolute>
 0000:00000000       __guard_fids_table         0000000000000000     <absolute>
 0000:00000000       __guard_iat_count          0000000000000000     <absolute>
 0000:00000000       __guard_iat_table          0000000000000000     <absolute>
 0000:00000000       __guard_longjmp_count      0000000000000000     <absolute>
 0000:00000000       __guard_longjmp_table      0000000000000000     <absolute>
 0000:00000000       __hybrid_auxiliary_delayload_iat 0000000000000000     <absolute>
 0000:00000000       __hybrid_auxiliary_delayload_iat_copy 0000000000000000     <absolute>
 0000:00000000       __hybrid_auxiliary_iat     0000000000000000     <absolute>
 0000:00000000       __hybrid_auxiliary_iat_copy 0000000000000000     <absolute>
 0000:00000000       __hybrid_code_map          0000000000000000     <absolute>
 0000:00000000       __hybrid_code_map_count    0000000000000000     <absolute>
 0000:00000000       __hybrid_image_info_bitfield 0000000000000000     <absolute>
 0000:00000000       __x64_code_ranges_to_entry_points 0000000000000000     <absolute>
 0000:00000000       __x64_code_ranges_to_entry_points_count 0000000000000000     <absolute>
 0000:00000100       __guard_flags              0000000000000100     <absolute>
 0000:00000000       __ImageBase                0000000180000000     <linker-defined>
 0001:000000b0       ??2@YAPEAX_KPEAX@Z         00000001800010b0 f i CuCloth.obj
 0001:000000c0       ?selectMin@intrinsics@physx@@YAMMM@Z 00000001800010c0 f i CuCloth.obj
 0001:000000d0       ?selectMax@intrinsics@physx@@YAMMM@Z 00000001800010d0 f i CuCloth.obj
 0001:000000e0       ??0Allocator@ps@cloth@nv@@QEAA@PEBD@Z 00000001800010e0 f i CuCloth.obj
 0001:000000f0       ??4Allocator@ps@cloth@nv@@QEAAAEAV0123@AEBV0123@@Z 00000001800010f0 f i CuCloth.obj
 0001:00000100       ??4Allocator@ps@cloth@nv@@QEAAAEAV0123@$$QEAV0123@@Z 0000000180001100 f i CuCloth.obj
 0001:00000110       ??_FAllocator@ps@cloth@nv@@QEAAXXZ 0000000180001110 f i CuCloth.obj
 0001:00000120       ??0NonTrackingAllocator@ps@cloth@nv@@QEAA@PEBD@Z 0000000180001120 f i CuCloth.obj
 0001:00000130       ?allocate@NonTrackingAllocator@ps@cloth@nv@@QEAAPEAX_KPEBDH@Z 0000000180001130 f i CuCloth.obj
 0001:00000170       ?deallocate@NonTrackingAllocator@ps@cloth@nv@@QEAAXPEAX@Z 0000000180001170 f i CuCloth.obj
 0001:00000190       ??3UserAllocated@cloth@nv@@SAXPEAX@Z 0000000180001190 f i CuCloth.obj
 0001:000001b0       ??0MovingAverage@cloth@nv@@QEAA@I@Z 00000001800011b0 f i CuCloth.obj
 0001:00000200       ??4MovingAverage@cloth@nv@@QEAAAEAU012@AEBU012@@Z 0000000180001200 f i CuCloth.obj
 0001:00000290       ??1MovingAverage@cloth@nv@@QEAA@XZ 0000000180001290 f i CuCloth.obj
 0001:000002b0       ?size@MovingAverage@cloth@nv@@QEBAIXZ 00000001800012b0 f i CuCloth.obj
 0001:000002c0       ?resize@MovingAverage@cloth@nv@@QEAAXI@Z 00000001800012c0 f i CuCloth.obj
 0001:00000410       ?reset@MovingAverage@cloth@nv@@QEAAXXZ 0000000180001410 f i CuCloth.obj
 0001:00000420       ??0Simd4fScalarFactory@cloth@nv@@QEAA@AEBM@Z 0000000180001420 f i CuCloth.obj
 0001:00000430       ??0Simd4fTupleFactory@cloth@nv@@QEAA@IIII@Z 0000000180001430 f i CuCloth.obj
 0001:00000450       ?simd4f@cloth@nv@@YA?AUSimd4fScalarFactory@12@AEBM@Z 0000000180001450 f i CuCloth.obj
 0001:00000460       ??0Simd4iScalarFactory@cloth@nv@@QEAA@AEBH@Z 0000000180001460 f i CuCloth.obj
 0001:00000470       ?simd4i@cloth@nv@@YA?AUSimd4iScalarFactory@12@AEBH@Z 0000000180001470 f i CuCloth.obj
 0001:00000480       ??$PxMax@M@physx@@YAMMM@Z  0000000180001480 f i CuCloth.obj
 0001:00000490       ??$PxMin@M@physx@@YAMMM@Z  0000000180001490 f i CuCloth.obj
 0001:000004a0       ??0PxVec3@physx@@QEAA@XZ   00000001800014a0 f i CuCloth.obj
 0001:000004b0       ??0PxVec3@physx@@QEAA@W4PxZERO@1@@Z 00000001800014b0 f i CuCloth.obj
 0001:000004c0       ??0PxVec3@physx@@QEAA@M@Z  00000001800014c0 f i CuCloth.obj
 0001:000004e0       ??0PxVec3@physx@@QEAA@MMM@Z 00000001800014e0 f i CuCloth.obj
 0001:00000500       ??0PxVec3@physx@@QEAA@AEBV01@@Z 0000000180001500 f i CuCloth.obj
 0001:00000520       ??4PxVec3@physx@@QEAAAEAV01@AEBV01@@Z 0000000180001520 f i CuCloth.obj
 0001:00000540       ??8PxVec3@physx@@QEBA_NAEBV01@@Z 0000000180001540 f i CuCloth.obj
 0001:00000570       ?magnitudeSquared@PxVec3@physx@@QEBAMXZ 0000000180001570 f i CuCloth.obj
 0001:000005a0       ??GPxVec3@physx@@QEBA?AV01@AEBV01@@Z 00000001800015a0 f i CuCloth.obj
 0001:000005e0       ??YPxVec3@physx@@QEAAAEAV01@AEBV01@@Z 00000001800015e0 f i CuCloth.obj
 0001:00000610       ??0PxVec4@physx@@QEAA@XZ   0000000180001610 f i CuCloth.obj
 0001:00000620       ??0PxVec4@physx@@QEAA@M@Z  0000000180001620 f i CuCloth.obj
 0001:00000630       ??0PxVec4@physx@@QEAA@MMMM@Z 0000000180001630 f i CuCloth.obj
 0001:00000650       ??0PxVec4@physx@@QEAA@AEBV01@@Z 0000000180001650 f i CuCloth.obj
 0001:00000670       ??4PxVec4@physx@@QEAAAEAV01@AEBV01@@Z 0000000180001670 f i CuCloth.obj
 0001:00000690       ??GPxVec4@physx@@QEBA?AV01@XZ 0000000180001690 f i CuCloth.obj
 0001:000006b0       ??HPxVec4@physx@@QEBA?AV01@AEBV01@@Z 00000001800016b0 f i CuCloth.obj
 0001:000006d0       ??GPxVec4@physx@@QEBA?AV01@AEBV01@@Z 00000001800016d0 f i CuCloth.obj
 0001:000006f0       ??DPxVec4@physx@@QEBA?AV01@M@Z 00000001800016f0 f i CuCloth.obj
 0001:00000710       ?minimum@PxVec4@physx@@QEBA?AV12@AEBV12@@Z 0000000180001710 f i CuCloth.obj
 0001:00000760       ?maximum@PxVec4@physx@@QEBA?AV12@AEBV12@@Z 0000000180001760 f i CuCloth.obj
 0001:000007b0       ?array@cloth@nv@@YAAEAY03MAEAVPxVec4@physx@@@Z 00000001800017b0 f i CuCloth.obj
 0001:000007c0       ??0PxQuat@physx@@QEAA@XZ   00000001800017c0 f i CuCloth.obj
 0001:000007d0       ??0PxQuat@physx@@QEAA@W4PxIDENTITY@1@@Z 00000001800017d0 f i CuCloth.obj
 0001:000007f0       ??0PxQuat@physx@@QEAA@MMMM@Z 00000001800017f0 f i CuCloth.obj
 0001:00000810       ?magnitudeSquared@PxQuat@physx@@QEBAMXZ 0000000180001810 f i CuCloth.obj
 0001:00000840       ??4PxQuat@physx@@QEAAAEAV01@AEBV01@@Z 0000000180001840 f i CuCloth.obj
 0001:00000860       ??GPxQuat@physx@@QEBA?AV01@AEBV01@@Z 0000000180001860 f i CuCloth.obj
 0001:00000880       ??0PxTransform@physx@@QEAA@XZ 0000000180001880 f i CuCloth.obj
 0001:00000890       ??0PxTransform@physx@@QEAA@W4PxIDENTITY@1@@Z 0000000180001890 f i CuCloth.obj
 0001:000008b0       ??4PxTransform@physx@@QEAAAEAV01@$$QEAV01@@Z 00000001800018b0 f i CuCloth.obj
 0001:000008e0       ??0Cloth@cloth@nv@@IEAA@XZ 00000001800018e0 f i CuCloth.obj
 0001:000008f0       ??1Cloth@cloth@nv@@UEAA@XZ 00000001800018f0 f i CuCloth.obj
 0001:00000900       ??_ECloth@cloth@nv@@UEAAPEAXI@Z 0000000180001900 f i * CIL library *:* CIL module *
 0001:00000900       ??_GCloth@cloth@nv@@UEAAPEAXI@Z 0000000180001900 f i CuCloth.obj
 0001:00000950       ?incRefCount@Fabric@cloth@nv@@QEAAXXZ 0000000180001950 f i CuCloth.obj
 0001:00000960       ?decRefCount@Fabric@cloth@nv@@QEAA_NXZ 0000000180001960 f i CuCloth.obj
 0001:00000990       ?exp2@ps@cloth@nv@@YAMM@Z  0000000180001990 f i CuCloth.obj
 0001:000009a0       ?log2@ps@cloth@nv@@YAMM@Z  00000001800019a0 f i CuCloth.obj
 0001:000009c0       ?safeLog2@cloth@nv@@YAMM@Z 00000001800019c0 f i CuCloth.obj
 0001:000009f0       ?safeLog2@cloth@nv@@YA?AVPxVec3@physx@@AEBV34@@Z 00000001800019f0 f i CuCloth.obj
 0001:00000ac0       ?safeExp2@cloth@nv@@YAMM@Z 0000000180001ac0 f i CuCloth.obj
 0001:00000ae0       ?safeExp2@cloth@nv@@YA?AVPxVec3@physx@@AEBV34@@Z 0000000180001ae0 f i CuCloth.obj
 0001:00000ba0       ?updateIndex@cloth@nv@@YA_NAEAIIH@Z 0000000180001ba0 f i CuCloth.obj
 0001:00000bc0       ??0CuConstraints@cloth@nv@@QEAA@PEAUCUctx_st@@@Z 0000000180001bc0 f i CuCloth.obj
 0001:00000c00       ?pop@CuConstraints@cloth@nv@@QEAAXXZ 0000000180001c00 f i CuCloth.obj
 0001:00000c50       ??1?$CuHostVectorImpl@VPxVec4@physx@@$01@cloth@nv@@QEAA@XZ 0000000180001c50 f i CuCloth.obj
 0001:00000c90       ??4TripletSchedulerTestInterface@cloth@nv@@QEAAAEAU012@AEBU012@@Z 0000000180001c90 f i CuCloth.obj
 0001:00000ca0       ??_ECuCloth@cloth@nv@@UEAAPEAXI@Z 0000000180001ca0 f i * CIL library *:* CIL module *
 0001:00000ca0       ??_GCuCloth@cloth@nv@@UEAAPEAXI@Z 0000000180001ca0 f i CuCloth.obj
 0001:00000d00       ??1?$ClothImpl@VCuCloth@cloth@nv@@@cloth@nv@@UEAA@XZ 0000000180001d00 f i CuCloth.obj
 0001:00000d30       ??1CuConstraints@cloth@nv@@QEAA@XZ 0000000180001d30 f i CuCloth.obj
 0001:00000db0       ??1?$CuHostVectorImpl@UIndexPair@cloth@nv@@$01@cloth@nv@@QEAA@XZ 0000000180001db0 f i CuCloth.obj
 0001:00000df0       ??1?$CuHostVectorImpl@I$01@cloth@nv@@QEAA@XZ 0000000180001df0 f i CuCloth.obj
 0001:00000e30       ??1?$CuHostVectorImpl@VPxVec3@physx@@$01@cloth@nv@@QEAA@XZ 0000000180001e30 f i CuCloth.obj
 0001:00000e70       ??0CuConstraints@cloth@nv@@QEAA@AEBU012@@Z 0000000180001e70 f i CuCloth.obj
 0001:00000ec0       ??1TripletScheduler@cloth@nv@@QEAA@XZ 0000000180001ec0 f i CuCloth.obj
 0001:00000f40       ?__empty_global_delete@@YAXPEAX@Z 0000000180001f40 f i CuCloth.obj
 0001:00000f50       ?__empty_global_delete@@YAXPEAX_K@Z 0000000180001f50 f i CuCloth.obj
 0001:00000f60       ??$max@H@std@@YAAEBHAEBH0@Z 0000000180001f60 f i CuCloth.obj
 0001:00000f70       ??$min@I@std@@YAAEBIAEBI0@Z 0000000180001f70 f i CuCloth.obj
 0001:00000f80       ??$min@H@std@@YAAEBHAEBH0@Z 0000000180001f80 f i CuCloth.obj
 0001:00000f90       ??$PX_UNUSED@W4PxZERO@physx@@@@YAXAEBW4PxZERO@physx@@@Z 0000000180001f90 f i CuCloth.obj
 0001:00000fa0       ??$PX_UNUSED@W4PxIDENTITY@physx@@@@YAXAEBW4PxIDENTITY@physx@@@Z 0000000180001fa0 f i CuCloth.obj
 0001:00000fb0       ??$min@M@std@@YAAEBMAEBM0@Z 0000000180001fb0 f i CuCloth.obj
 0001:00000fc0       ??$initialize@VCuCloth@cloth@nv@@@cloth@nv@@YAXAEAVCuCloth@01@PEBVPxVec4@physx@@1@Z 0000000180001fc0 f i CuCloth.obj
 0001:000012c0       ??$copy@VCuCloth@cloth@nv@@V123@@cloth@nv@@YAXAEAVCuCloth@01@AEBV201@@Z 00000001800022c0 f i CuCloth.obj
 0001:000015a0       ??$max@I@std@@YAAEBIAEBI0@Z 00000001800025a0 f i CuCloth.obj
 0001:000015b0       ??$assign@PEAUCuPhaseConfig@cloth@nv@@@?$CuDeviceVector@UCuPhaseConfig@cloth@nv@@@cloth@nv@@QEAAXPEAUCuPhaseConfig@12@0@Z 00000001800025b0 f i CuCloth.obj
 0001:00001630       ??$min@PEBVPxVec3@physx@@@std@@YAAEBQEBVPxVec3@physx@@AEBQEBV12@0@Z 0000000180002630 f i CuCloth.obj
 0001:00001640       ??$getMappedParticles@VPxVec4@physx@@@?$ClothImpl@VCuCloth@cloth@nv@@@cloth@nv@@QEBA?AU?$MappedRange@VPxVec4@physx@@@12@PEAVPxVec4@physx@@@Z 0000000180002640 f i CuCloth.obj
 0001:000016c0       ??$getMappedParticles@$$CBVPxVec4@physx@@@?$ClothImpl@VCuCloth@cloth@nv@@@cloth@nv@@QEBA?AU?$MappedRange@$$CBVPxVec4@physx@@@12@PEBVPxVec4@physx@@@Z 00000001800026c0 f i CuCloth.obj
 0001:00001740       ??$assign@PEBI@?$CuDeviceVector@I@cloth@nv@@QEAAXPEBI0@Z 0000000180002740 f i CuCloth.obj
 0001:000017d0       ??$?0I@?$Vec4T@G@cloth@nv@@QEAA@AEBU?$Vec4T@I@12@@Z 00000001800027d0 f i CuCloth.obj
 0001:00001800       ??$?4VNonTrackingAllocator@ps@cloth@nv@@@?$CuDeviceVector@U?$Vec4T@G@cloth@nv@@@cloth@nv@@QEAAAEAV012@AEBV?$Array@U?$Vec4T@G@cloth@nv@@VNonTrackingAllocator@ps@23@@ps@12@@Z 0000000180002800 f i CuCloth.obj
 0001:00001870       ??$?4VNonTrackingAllocator@ps@cloth@nv@@@?$CuDeviceVector@I@cloth@nv@@QEAAAEAV012@AEBV?$Array@IVNonTrackingAllocator@ps@cloth@nv@@@ps@12@@Z 0000000180002870 f i CuCloth.obj
 0001:000018b0       ??$?4VNonTrackingAllocator@ps@cloth@nv@@@?$CuDeviceVector@VPxVec4@physx@@@cloth@nv@@QEAAAEAV012@AEBV?$Array@VPxVec4@physx@@VNonTrackingAllocator@ps@cloth@nv@@@ps@12@@Z 00000001800028b0 f i CuCloth.obj
 0001:000018e0       ??0?$Range@$$CBUPhaseConfig@cloth@nv@@@cloth@nv@@QEAA@PEBUPhaseConfig@12@0@Z 00000001800028e0 f i CuCloth.obj
 0001:000018f0       ?size@?$Range@$$CBUPhaseConfig@cloth@nv@@@cloth@nv@@QEBAIXZ 00000001800028f0 f i CuCloth.obj
 0001:00001910       ?empty@?$Range@$$CBUPhaseConfig@cloth@nv@@@cloth@nv@@QEBA_NXZ 0000000180002910 f i CuCloth.obj
 0001:00001920       ?popFront@?$Range@$$CBUPhaseConfig@cloth@nv@@@cloth@nv@@QEAAXXZ 0000000180002920 f i CuCloth.obj
 0001:00001930       ?begin@?$Range@$$CBUPhaseConfig@cloth@nv@@@cloth@nv@@QEBAPEBUPhaseConfig@23@XZ 0000000180002930 f i CuCloth.obj
 0001:00001940       ?end@?$Range@$$CBUPhaseConfig@cloth@nv@@@cloth@nv@@QEBAPEBUPhaseConfig@23@XZ 0000000180002940 f i CuCloth.obj
 0001:00001950       ?front@?$Range@$$CBUPhaseConfig@cloth@nv@@@cloth@nv@@QEBAAEBUPhaseConfig@23@XZ 0000000180002950 f i CuCloth.obj
 0001:00001960       ?size@?$Range@$$CBVPxVec4@physx@@@cloth@nv@@QEBAIXZ 0000000180002960 f i CuCloth.obj
 0001:00001970       ?begin@?$Range@$$CBVPxVec4@physx@@@cloth@nv@@QEBAPEBVPxVec4@physx@@XZ 0000000180002970 f i CuCloth.obj
 0001:00001980       ?end@?$Range@$$CBVPxVec4@physx@@@cloth@nv@@QEBAPEBVPxVec4@physx@@XZ 0000000180002980 f i CuCloth.obj
 0001:00001990       ?begin@?$Range@$$CBI@cloth@nv@@QEBAPEBIXZ 0000000180002990 f i CuCloth.obj
 0001:000019a0       ?end@?$Range@$$CBI@cloth@nv@@QEBAPEBIXZ 00000001800029a0 f i CuCloth.obj
 0001:000019b0       ??0?$Range@$$CBVPxVec3@physx@@@cloth@nv@@QEAA@PEBVPxVec3@physx@@0@Z 00000001800029b0 f i CuCloth.obj
 0001:000019c0       ?size@?$Range@$$CBVPxVec3@physx@@@cloth@nv@@QEBAIXZ 00000001800029c0 f i CuCloth.obj
 0001:000019e0       ?empty@?$Range@$$CBVPxVec3@physx@@@cloth@nv@@QEBA_NXZ 00000001800029e0 f i CuCloth.obj
 0001:000019f0       ?popFront@?$Range@$$CBVPxVec3@physx@@@cloth@nv@@QEAAXXZ 00000001800029f0 f i CuCloth.obj
 0001:00001a00       ?begin@?$Range@$$CBVPxVec3@physx@@@cloth@nv@@QEBAPEBVPxVec3@physx@@XZ 0000000180002a00 f i CuCloth.obj
 0001:00001a10       ?end@?$Range@$$CBVPxVec3@physx@@@cloth@nv@@QEBAPEBVPxVec3@physx@@XZ 0000000180002a10 f i CuCloth.obj
 0001:00001a20       ?front@?$Range@$$CBVPxVec3@physx@@@cloth@nv@@QEBAAEBVPxVec3@physx@@XZ 0000000180002a20 f i CuCloth.obj
 0001:00001a30       ?size@?$Range@$$BY03$$CBI@cloth@nv@@QEBAIXZ 0000000180002a30 f i CuCloth.obj
 0001:00001a40       ??0?$Range@VPxVec4@physx@@@cloth@nv@@QEAA@PEAVPxVec4@physx@@0@Z 0000000180002a40 f i CuCloth.obj
 0001:00001a50       ?resizeUninitialized@?$Array@VPxVec4@physx@@V?$CuHostAllocator@VPxVec4@physx@@$01@cloth@nv@@@ps@cloth@nv@@QEAAXI@Z 0000000180002a50 f i CuCloth.obj
 0001:00001a90       ?getFabric@?$ClothImpl@VCuCloth@cloth@nv@@@cloth@nv@@UEBAAEAVFabric@23@XZ 0000000180002a90 f i CuCloth.obj
 0001:00001aa0       ?getFactory@?$ClothImpl@VCuCloth@cloth@nv@@@cloth@nv@@UEBAAEAVFactory@23@XZ 0000000180002aa0 f i CuCloth.obj
 0001:00001ab0       ?setTranslation@?$ClothImpl@VCuCloth@cloth@nv@@@cloth@nv@@UEAAXAEBVPxVec3@physx@@@Z 0000000180002ab0 f i CuCloth.obj
 0001:00001b00       ?setRotation@?$ClothImpl@VCuCloth@cloth@nv@@@cloth@nv@@UEAAXAEBVPxQuat@physx@@@Z 0000000180002b00 f i CuCloth.obj
 0001:00001b90       ?getTranslation@?$ClothImpl@VCuCloth@cloth@nv@@@cloth@nv@@UEBAAEBVPxVec3@physx@@XZ 0000000180002b90 f i CuCloth.obj
 0001:00001ba0       ?getRotation@?$ClothImpl@VCuCloth@cloth@nv@@@cloth@nv@@UEBAAEBVPxQuat@physx@@XZ 0000000180002ba0 f i CuCloth.obj
 0001:00001bb0       ?clearInertia@?$ClothImpl@VCuCloth@cloth@nv@@@cloth@nv@@UEAAXXZ 0000000180002bb0 f i CuCloth.obj
 0001:00001c30       ?teleport@?$ClothImpl@VCuCloth@cloth@nv@@@cloth@nv@@UEAAXAEBVPxVec3@physx@@@Z 0000000180002c30 f i CuCloth.obj
 0001:00001cb0       ?teleportToLocation@?$ClothImpl@VCuCloth@cloth@nv@@@cloth@nv@@UEAAXAEBVPxVec3@physx@@AEBVPxQuat@5@@Z 0000000180002cb0 f i CuCloth.obj
 0001:00001d30       ?ignoreVelocityDiscontinuity@?$ClothImpl@VCuCloth@cloth@nv@@@cloth@nv@@UEAAXXZ 0000000180002d30 f i CuCloth.obj
 0001:00001d40       ?getPreviousIterationDt@?$ClothImpl@VCuCloth@cloth@nv@@@cloth@nv@@UEBAMXZ 0000000180002d40 f i CuCloth.obj
 0001:00001d50       ?setGravity@?$ClothImpl@VCuCloth@cloth@nv@@@cloth@nv@@UEAAXAEBVPxVec3@physx@@@Z 0000000180002d50 f i CuCloth.obj
 0001:00001d90       ?getGravity@?$ClothImpl@VCuCloth@cloth@nv@@@cloth@nv@@UEBA?AVPxVec3@physx@@XZ 0000000180002d90 f i CuCloth.obj
 0001:00001db0       ?setDamping@?$ClothImpl@VCuCloth@cloth@nv@@@cloth@nv@@UEAAXAEBVPxVec3@physx@@@Z 0000000180002db0 f i CuCloth.obj
 0001:00001eb0       ?getDamping@?$ClothImpl@VCuCloth@cloth@nv@@@cloth@nv@@UEBA?AVPxVec3@physx@@XZ 0000000180002eb0 f i CuCloth.obj
 0001:00001f00       ?setLinearDrag@?$ClothImpl@VCuCloth@cloth@nv@@@cloth@nv@@UEAAXAEBVPxVec3@physx@@@Z 0000000180002f00 f i CuCloth.obj
 0001:00002000       ?getLinearDrag@?$ClothImpl@VCuCloth@cloth@nv@@@cloth@nv@@UEBA?AVPxVec3@physx@@XZ 0000000180003000 f i CuCloth.obj
 0001:00002050       ?setAngularDrag@?$ClothImpl@VCuCloth@cloth@nv@@@cloth@nv@@UEAAXAEBVPxVec3@physx@@@Z 0000000180003050 f i CuCloth.obj
 0001:00002150       ?getAngularDrag@?$ClothImpl@VCuCloth@cloth@nv@@@cloth@nv@@UEBA?AVPxVec3@physx@@XZ 0000000180003150 f i CuCloth.obj
 0001:000021a0       ?setLinearInertia@?$ClothImpl@VCuCloth@cloth@nv@@@cloth@nv@@UEAAXAEBVPxVec3@physx@@@Z 00000001800031a0 f i CuCloth.obj
 0001:000021e0       ?getLinearInertia@?$ClothImpl@VCuCloth@cloth@nv@@@cloth@nv@@UEBA?AVPxVec3@physx@@XZ 00000001800031e0 f i CuCloth.obj
 0001:00002200       ?setAngularInertia@?$ClothImpl@VCuCloth@cloth@nv@@@cloth@nv@@UEAAXAEBVPxVec3@physx@@@Z 0000000180003200 f i CuCloth.obj
 0001:00002240       ?getAngularInertia@?$ClothImpl@VCuCloth@cloth@nv@@@cloth@nv@@UEBA?AVPxVec3@physx@@XZ 0000000180003240 f i CuCloth.obj
 0001:00002260       ?setCentrifugalInertia@?$ClothImpl@VCuCloth@cloth@nv@@@cloth@nv@@UEAAXAEBVPxVec3@physx@@@Z 0000000180003260 f i CuCloth.obj
 0001:000022a0       ?getCentrifugalInertia@?$ClothImpl@VCuCloth@cloth@nv@@@cloth@nv@@UEBA?AVPxVec3@physx@@XZ 00000001800032a0 f i CuCloth.obj
 0001:000022c0       ?setSolverFrequency@?$ClothImpl@VCuCloth@cloth@nv@@@cloth@nv@@UEAAXM@Z 00000001800032c0 f i CuCloth.obj
 0001:000022f0       ?getSolverFrequency@?$ClothImpl@VCuCloth@cloth@nv@@@cloth@nv@@UEBAMXZ 00000001800032f0 f i CuCloth.obj
 0001:00002300       ?setStiffnessFrequency@?$ClothImpl@VCuCloth@cloth@nv@@@cloth@nv@@UEAAXM@Z 0000000180003300 f i CuCloth.obj
 0001:00002320       ?getStiffnessFrequency@?$ClothImpl@VCuCloth@cloth@nv@@@cloth@nv@@UEBAMXZ 0000000180003320 f i CuCloth.obj
 0001:00002330       ?setAcceleationFilterWidth@?$ClothImpl@VCuCloth@cloth@nv@@@cloth@nv@@UEAAXI@Z 0000000180003330 f i CuCloth.obj
 0001:00002340       ?getAccelerationFilterWidth@?$ClothImpl@VCuCloth@cloth@nv@@@cloth@nv@@UEBAIXZ 0000000180003340 f i CuCloth.obj
 0001:00002350       ?setSpheres@?$ClothImpl@VCuCloth@cloth@nv@@@cloth@nv@@UEAAXU?$Range@$$CBVPxVec4@physx@@@23@0@Z 0000000180003350 f i CuCloth.obj
 0001:000024f0       ?setSpheres@?$ClothImpl@VCuCloth@cloth@nv@@@cloth@nv@@UEAAXU?$Range@$$CBVPxVec4@physx@@@23@II@Z 00000001800034f0 f i CuCloth.obj
 0001:00002b40       ?getNumSpheres@?$ClothImpl@VCuCloth@cloth@nv@@@cloth@nv@@UEBAIXZ 0000000180003b40 f i CuCloth.obj
 0001:00002b50       ?setCapsules@?$ClothImpl@VCuCloth@cloth@nv@@@cloth@nv@@UEAAXU?$Range@$$CBI@23@II@Z 0000000180003b50 f i CuCloth.obj
 0001:00002da0       ?getNumCapsules@?$ClothImpl@VCuCloth@cloth@nv@@@cloth@nv@@UEBAIXZ 0000000180003da0 f i CuCloth.obj
 0001:00002db0       ?setPlanes@?$ClothImpl@VCuCloth@cloth@nv@@@cloth@nv@@UEAAXU?$Range@$$CBVPxVec4@physx@@@23@0@Z 0000000180003db0 f i CuCloth.obj
 0001:00002f50       ?setPlanes@?$ClothImpl@VCuCloth@cloth@nv@@@cloth@nv@@UEAAXU?$Range@$$CBVPxVec4@physx@@@23@II@Z 0000000180003f50 f i CuCloth.obj
 0001:00003590       ?getNumPlanes@?$ClothImpl@VCuCloth@cloth@nv@@@cloth@nv@@UEBAIXZ 0000000180004590 f i CuCloth.obj
 0001:000035a0       ?setConvexes@?$ClothImpl@VCuCloth@cloth@nv@@@cloth@nv@@UEAAXU?$Range@$$CBI@23@II@Z 00000001800045a0 f i CuCloth.obj
 0001:00003750       ?getNumConvexes@?$ClothImpl@VCuCloth@cloth@nv@@@cloth@nv@@UEBAIXZ 0000000180004750 f i CuCloth.obj
 0001:00003760       ?setTriangles@?$ClothImpl@VCuCloth@cloth@nv@@@cloth@nv@@UEAAXU?$Range@$$CBVPxVec3@physx@@@23@0I@Z 0000000180004760 f i CuCloth.obj
 0001:00003a40       ?setTriangles@?$ClothImpl@VCuCloth@cloth@nv@@@cloth@nv@@UEAAXU?$Range@$$CBVPxVec3@physx@@@23@II@Z 0000000180004a40 f i CuCloth.obj
 0001:00003f00       ?getNumTriangles@?$ClothImpl@VCuCloth@cloth@nv@@@cloth@nv@@UEBAIXZ 0000000180004f00 f i CuCloth.obj
 0001:00003f10       ?isContinuousCollisionEnabled@?$ClothImpl@VCuCloth@cloth@nv@@@cloth@nv@@UEBA_NXZ 0000000180004f10 f i CuCloth.obj
 0001:00003f20       ?enableContinuousCollision@?$ClothImpl@VCuCloth@cloth@nv@@@cloth@nv@@UEAAX_N@Z 0000000180004f20 f i CuCloth.obj
 0001:00003f40       ?getCollisionMassScale@?$ClothImpl@VCuCloth@cloth@nv@@@cloth@nv@@UEBAMXZ 0000000180004f40 f i CuCloth.obj
 0001:00003f50       ?setCollisionMassScale@?$ClothImpl@VCuCloth@cloth@nv@@@cloth@nv@@UEAAXM@Z 0000000180004f50 f i CuCloth.obj
 0001:00003f80       ?setFriction@?$ClothImpl@VCuCloth@cloth@nv@@@cloth@nv@@UEAAXM@Z 0000000180004f80 f i CuCloth.obj
 0001:00003f90       ?getFriction@?$ClothImpl@VCuCloth@cloth@nv@@@cloth@nv@@UEBAMXZ 0000000180004f90 f i CuCloth.obj
 0001:00003fa0       ?getNumVirtualParticleWeights@?$ClothImpl@VCuCloth@cloth@nv@@@cloth@nv@@UEBAIXZ 0000000180004fa0 f i CuCloth.obj
 0001:00003fc0       ?setTetherConstraintScale@?$ClothImpl@VCuCloth@cloth@nv@@@cloth@nv@@UEAAXM@Z 0000000180004fc0 f i CuCloth.obj
 0001:00003ff0       ?getTetherConstraintScale@?$ClothImpl@VCuCloth@cloth@nv@@@cloth@nv@@UEBAMXZ 0000000180004ff0 f i CuCloth.obj
 0001:00004000       ?setTetherConstraintStiffness@?$ClothImpl@VCuCloth@cloth@nv@@@cloth@nv@@UEAAXM@Z 0000000180005000 f i CuCloth.obj
 0001:00004070       ?getTetherConstraintStiffness@?$ClothImpl@VCuCloth@cloth@nv@@@cloth@nv@@UEBAMXZ 0000000180005070 f i CuCloth.obj
 0001:000040c0       ?getMotionConstraints@?$ClothImpl@VCuCloth@cloth@nv@@@cloth@nv@@UEAA?AU?$Range@VPxVec4@physx@@@23@XZ 00000001800050c0 f i CuCloth.obj
 0001:00004100       ?clearMotionConstraints@?$ClothImpl@VCuCloth@cloth@nv@@@cloth@nv@@UEAAXXZ 0000000180005100 f i CuCloth.obj
 0001:00004130       ?getNumMotionConstraints@?$ClothImpl@VCuCloth@cloth@nv@@@cloth@nv@@UEBAIXZ 0000000180005130 f i CuCloth.obj
 0001:00004150       ?setMotionConstraintScaleBias@?$ClothImpl@VCuCloth@cloth@nv@@@cloth@nv@@UEAAXMM@Z 0000000180005150 f i CuCloth.obj
 0001:00004190       ?getMotionConstraintScale@?$ClothImpl@VCuCloth@cloth@nv@@@cloth@nv@@UEBAMXZ 0000000180005190 f i CuCloth.obj
 0001:000041a0       ?getMotionConstraintBias@?$ClothImpl@VCuCloth@cloth@nv@@@cloth@nv@@UEBAMXZ 00000001800051a0 f i CuCloth.obj
 0001:000041b0       ?setMotionConstraintStiffness@?$ClothImpl@VCuCloth@cloth@nv@@@cloth@nv@@UEAAXM@Z 00000001800051b0 f i CuCloth.obj
 0001:00004220       ?getMotionConstraintStiffness@?$ClothImpl@VCuCloth@cloth@nv@@@cloth@nv@@UEBAMXZ 0000000180005220 f i CuCloth.obj
 0001:00004270       ?getSeparationConstraints@?$ClothImpl@VCuCloth@cloth@nv@@@cloth@nv@@UEAA?AU?$Range@VPxVec4@physx@@@23@XZ 0000000180005270 f i CuCloth.obj
 0001:000042b0       ?clearSeparationConstraints@?$ClothImpl@VCuCloth@cloth@nv@@@cloth@nv@@UEAAXXZ 00000001800052b0 f i CuCloth.obj
 0001:000042e0       ?getNumSeparationConstraints@?$ClothImpl@VCuCloth@cloth@nv@@@cloth@nv@@UEBAIXZ 00000001800052e0 f i CuCloth.obj
 0001:00004300       ?clearInterpolation@?$ClothImpl@VCuCloth@cloth@nv@@@cloth@nv@@UEAAXXZ 0000000180005300 f i CuCloth.obj
 0001:000044c0       ?getNumParticleAccelerations@?$ClothImpl@VCuCloth@cloth@nv@@@cloth@nv@@UEBAIXZ 00000001800054c0 f i CuCloth.obj
 0001:000044e0       ?setWindVelocity@?$ClothImpl@VCuCloth@cloth@nv@@@cloth@nv@@UEAAXVPxVec3@physx@@@Z 00000001800054e0 f i CuCloth.obj
 0001:00004540       ?getWindVelocity@?$ClothImpl@VCuCloth@cloth@nv@@@cloth@nv@@UEBA?AVPxVec3@physx@@XZ 0000000180005540 f i CuCloth.obj
 0001:00004560       ?setDragCoefficient@?$ClothImpl@VCuCloth@cloth@nv@@@cloth@nv@@UEAAXM@Z 0000000180005560 f i CuCloth.obj
 0001:000045d0       ?getDragCoefficient@?$ClothImpl@VCuCloth@cloth@nv@@@cloth@nv@@UEBAMXZ 00000001800055d0 f i CuCloth.obj
 0001:00004620       ?setLiftCoefficient@?$ClothImpl@VCuCloth@cloth@nv@@@cloth@nv@@UEAAXM@Z 0000000180005620 f i CuCloth.obj
 0001:00004690       ?getLiftCoefficient@?$ClothImpl@VCuCloth@cloth@nv@@@cloth@nv@@UEBAMXZ 0000000180005690 f i CuCloth.obj
 0001:000046e0       ?setFluidDensity@?$ClothImpl@VCuCloth@cloth@nv@@@cloth@nv@@UEAAXM@Z 00000001800056e0 f i CuCloth.obj
 0001:00004710       ?getFluidDensity@?$ClothImpl@VCuCloth@cloth@nv@@@cloth@nv@@UEBAMXZ 0000000180005710 f i CuCloth.obj
 0001:00004720       ?setSelfCollisionDistance@?$ClothImpl@VCuCloth@cloth@nv@@@cloth@nv@@UEAAXM@Z 0000000180005720 f i CuCloth.obj
 0001:00004750       ?getSelfCollisionDistance@?$ClothImpl@VCuCloth@cloth@nv@@@cloth@nv@@UEBAMXZ 0000000180005750 f i CuCloth.obj
 0001:00004760       ?setSelfCollisionStiffness@?$ClothImpl@VCuCloth@cloth@nv@@@cloth@nv@@UEAAXM@Z 0000000180005760 f i CuCloth.obj
 0001:000047d0       ?getSelfCollisionStiffness@?$ClothImpl@VCuCloth@cloth@nv@@@cloth@nv@@UEBAMXZ 00000001800057d0 f i CuCloth.obj
 0001:00004820       ?getNumSelfCollisionIndices@?$ClothImpl@VCuCloth@cloth@nv@@@cloth@nv@@UEBAIXZ 0000000180005820 f i CuCloth.obj
 0001:00004840       ?setRestPositions@?$ClothImpl@VCuCloth@cloth@nv@@@cloth@nv@@UEAAXU?$Range@$$CBVPxVec4@physx@@@23@@Z 0000000180005840 f i CuCloth.obj
 0001:000048c0       ?getNumRestPositions@?$ClothImpl@VCuCloth@cloth@nv@@@cloth@nv@@UEBAIXZ 00000001800058c0 f i CuCloth.obj
 0001:000048e0       ?getBoundingBoxCenter@?$ClothImpl@VCuCloth@cloth@nv@@@cloth@nv@@UEBAAEBVPxVec3@physx@@XZ 00000001800058e0 f i CuCloth.obj
 0001:000048f0       ?getBoundingBoxScale@?$ClothImpl@VCuCloth@cloth@nv@@@cloth@nv@@UEBAAEBVPxVec3@physx@@XZ 00000001800058f0 f i CuCloth.obj
 0001:00004900       ?setSleepThreshold@?$ClothImpl@VCuCloth@cloth@nv@@@cloth@nv@@UEAAXM@Z 0000000180005900 f i CuCloth.obj
 0001:00004930       ?getSleepThreshold@?$ClothImpl@VCuCloth@cloth@nv@@@cloth@nv@@UEBAMXZ 0000000180005930 f i CuCloth.obj
 0001:00004940       ?setSleepTestInterval@?$ClothImpl@VCuCloth@cloth@nv@@@cloth@nv@@UEAAXI@Z 0000000180005940 f i CuCloth.obj
 0001:00004960       ?getSleepTestInterval@?$ClothImpl@VCuCloth@cloth@nv@@@cloth@nv@@UEBAIXZ 0000000180005960 f i CuCloth.obj
 0001:00004970       ?setSleepAfterCount@?$ClothImpl@VCuCloth@cloth@nv@@@cloth@nv@@UEAAXI@Z 0000000180005970 f i CuCloth.obj
 0001:00004990       ?getSleepAfterCount@?$ClothImpl@VCuCloth@cloth@nv@@@cloth@nv@@UEBAIXZ 0000000180005990 f i CuCloth.obj
 0001:000049a0       ?getSleepPassCount@?$ClothImpl@VCuCloth@cloth@nv@@@cloth@nv@@UEBAIXZ 00000001800059a0 f i CuCloth.obj
 0001:000049b0       ?isAsleep@?$ClothImpl@VCuCloth@cloth@nv@@@cloth@nv@@UEBA_NXZ 00000001800059b0 f i CuCloth.obj
 0001:000049c0       ?putToSleep@?$ClothImpl@VCuCloth@cloth@nv@@@cloth@nv@@UEAAXXZ 00000001800059c0 f i CuCloth.obj
 0001:000049d0       ?isSleeping@?$ClothImpl@VCuCloth@cloth@nv@@@cloth@nv@@UEBA_NXZ 00000001800059d0 f i CuCloth.obj
 0001:000049e0       ?wakeUp@?$ClothImpl@VCuCloth@cloth@nv@@@cloth@nv@@UEAAXXZ 00000001800059e0 f i CuCloth.obj
 0001:000049f0       ?setUserData@?$ClothImpl@VCuCloth@cloth@nv@@@cloth@nv@@UEAAXPEAX@Z 00000001800059f0 f i CuCloth.obj
 0001:00004a00       ?getUserData@?$ClothImpl@VCuCloth@cloth@nv@@@cloth@nv@@UEBAPEAXXZ 0000000180005a00 f i CuCloth.obj
 0001:00004a10       ?reserve@?$Array@VPxVec4@physx@@VNonTrackingAllocator@ps@cloth@nv@@@ps@cloth@nv@@QEAAXI@Z 0000000180005a10 f i CuCloth.obj
 0001:00004a20       ?pushBack@?$Array@VPxVec4@physx@@VNonTrackingAllocator@ps@cloth@nv@@@ps@cloth@nv@@QEAAAEAVPxVec4@physx@@AEBV56@@Z 0000000180005a20 f i CuCloth.obj
 0001:00004a80       ??1?$Array@VPxVec4@physx@@VNonTrackingAllocator@ps@cloth@nv@@@ps@cloth@nv@@QEAA@XZ 0000000180005a80 f i CuCloth.obj
 0001:00004ab0       ??0?$Array@VPxVec4@physx@@VNonTrackingAllocator@ps@cloth@nv@@@ps@cloth@nv@@QEAA@AEBVNonTrackingAllocator@123@@Z 0000000180005ab0 f i CuCloth.obj
 0001:00004ac0       ?reserve@?$Array@UCuPhaseConfig@cloth@nv@@VNonTrackingAllocator@ps@23@@ps@cloth@nv@@QEAAXI@Z 0000000180005ac0 f i CuCloth.obj
 0001:00004ad0       ?pushBack@?$Array@UCuPhaseConfig@cloth@nv@@VNonTrackingAllocator@ps@23@@ps@cloth@nv@@QEAAAEAUCuPhaseConfig@34@AEBU534@@Z 0000000180005ad0 f i CuCloth.obj
 0001:00004b30       ?end@?$Array@UCuPhaseConfig@cloth@nv@@VNonTrackingAllocator@ps@23@@ps@cloth@nv@@QEAAPEAUCuPhaseConfig@34@XZ 0000000180005b30 f i CuCloth.obj
 0001:00004b40       ?begin@?$Array@UCuPhaseConfig@cloth@nv@@VNonTrackingAllocator@ps@23@@ps@cloth@nv@@QEAAPEAUCuPhaseConfig@34@XZ 0000000180005b40 f i CuCloth.obj
 0001:00004b50       ??1?$Array@UCuPhaseConfig@cloth@nv@@VNonTrackingAllocator@ps@23@@ps@cloth@nv@@QEAA@XZ 0000000180005b50 f i CuCloth.obj
 0001:00004b80       ??0?$Array@UCuPhaseConfig@cloth@nv@@VNonTrackingAllocator@ps@23@@ps@cloth@nv@@QEAA@AEBVNonTrackingAllocator@123@@Z 0000000180005b80 f i CuCloth.obj
 0001:00004b90       ?reserve@?$Array@U?$Vec4T@G@cloth@nv@@VNonTrackingAllocator@ps@23@@ps@cloth@nv@@QEAAXI@Z 0000000180005b90 f i CuCloth.obj
 0001:00004ba0       ?pushBack@?$Array@U?$Vec4T@G@cloth@nv@@VNonTrackingAllocator@ps@23@@ps@cloth@nv@@QEAAAEAU?$Vec4T@G@34@AEBU534@@Z 0000000180005ba0 f i CuCloth.obj
 0001:00004be0       ??1?$Array@U?$Vec4T@G@cloth@nv@@VNonTrackingAllocator@ps@23@@ps@cloth@nv@@QEAA@XZ 0000000180005be0 f i CuCloth.obj
 0001:00004c10       ??0?$Array@U?$Vec4T@G@cloth@nv@@VNonTrackingAllocator@ps@23@@ps@cloth@nv@@QEAA@AEBVNonTrackingAllocator@123@@Z 0000000180005c10 f i CuCloth.obj
 0001:00004c20       ?end@?$Array@U?$Vec4T@I@cloth@nv@@VNonTrackingAllocator@ps@23@@ps@cloth@nv@@QEAAPEAU?$Vec4T@I@34@XZ 0000000180005c20 f i CuCloth.obj
 0001:00004c30       ?begin@?$Array@U?$Vec4T@I@cloth@nv@@VNonTrackingAllocator@ps@23@@ps@cloth@nv@@QEAAPEAU?$Vec4T@I@34@XZ 0000000180005c30 f i CuCloth.obj
 0001:00004c40       ??1?$Array@U?$Vec4T@I@cloth@nv@@VNonTrackingAllocator@ps@23@@ps@cloth@nv@@QEAA@XZ 0000000180005c40 f i CuCloth.obj
 0001:00004c70       ??A?$Array@V?$CuDevicePointer@$$CBG@cloth@nv@@VNonTrackingAllocator@ps@23@@ps@cloth@nv@@QEAAAEAV?$CuDevicePointer@$$CBG@23@I@Z 0000000180005c70 f i CuCloth.obj
 0001:00004c80       ??A?$Array@V?$CuDevicePointer@$$CBM@cloth@nv@@VNonTrackingAllocator@ps@23@@ps@cloth@nv@@QEAAAEAV?$CuDevicePointer@$$CBM@23@I@Z 0000000180005c80 f i CuCloth.obj
 0001:00004c90       ?get@?$CuDevicePointer@$$CBG@cloth@nv@@QEBAPEBGXZ 0000000180005c90 f i CuCloth.obj
 0001:00004ca0       ?get@?$CuDevicePointer@$$CBM@cloth@nv@@QEBAPEBMXZ 0000000180005ca0 f i CuCloth.obj
 0001:00004cb0       ??H?$CuDevicePointer@M@cloth@nv@@QEBA?AV012@AEB_J@Z 0000000180005cb0 f i CuCloth.obj
 0001:00004cd0       ?dev@?$CuDevicePointer@M@cloth@nv@@QEBA_KXZ 0000000180005cd0 f i CuCloth.obj
 0001:00004ce0       ?resize@?$CuDeviceVector@M@cloth@nv@@QEAAX_K@Z 0000000180005ce0 f i CuCloth.obj
 0001:00004e00       ?begin@?$CuDeviceVector@M@cloth@nv@@QEAA?AV?$CuDevicePointer@M@23@XZ 0000000180005e00 f i CuCloth.obj
 0001:00004e10       ?empty@?$CuDeviceVector@M@cloth@nv@@QEBA_NXZ 0000000180005e10 f i CuCloth.obj
 0001:00004e20       ??1?$CuDeviceVector@M@cloth@nv@@QEAA@XZ 0000000180005e20 f i CuCloth.obj
 0001:00004e50       ??0?$CuDeviceVector@M@cloth@nv@@QEAA@PEAUCUctx_st@@@Z 0000000180005e50 f i CuCloth.obj
 0001:00004e70       ?assign@?$Array@IVNonTrackingAllocator@ps@cloth@nv@@@ps@cloth@nv@@QEAAXPEBI0@Z 0000000180005e70 f i CuCloth.obj
 0001:00004ec0       ??A?$Array@IVNonTrackingAllocator@ps@cloth@nv@@@ps@cloth@nv@@QEAAAEAII@Z 0000000180005ec0 f i CuCloth.obj
 0001:00004ed0       ??1?$Array@IVNonTrackingAllocator@ps@cloth@nv@@@ps@cloth@nv@@QEAA@XZ 0000000180005ed0 f i CuCloth.obj
 0001:00004f00       ??0?$Array@IVNonTrackingAllocator@ps@cloth@nv@@@ps@cloth@nv@@QEAA@AEBVNonTrackingAllocator@123@@Z 0000000180005f00 f i CuCloth.obj
 0001:00004f10       ?size@?$CuDeviceVector@U?$Vec4T@G@cloth@nv@@@cloth@nv@@QEBA_KXZ 0000000180005f10 f i CuCloth.obj
 0001:00004f20       ??1?$CuDeviceVector@U?$Vec4T@G@cloth@nv@@@cloth@nv@@QEAA@XZ 0000000180005f20 f i CuCloth.obj
 0001:00004f50       ??0?$CuDeviceVector@U?$Vec4T@G@cloth@nv@@@cloth@nv@@QEAA@AEBV012@@Z 0000000180005f50 f i CuCloth.obj
 0001:00004fc0       ??0?$CuDeviceVector@U?$Vec4T@G@cloth@nv@@@cloth@nv@@QEAA@PEAUCUctx_st@@@Z 0000000180005fc0 f i CuCloth.obj
 0001:00004fe0       ?size@?$CuDeviceVector@I@cloth@nv@@QEBA_KXZ 0000000180005fe0 f i CuCloth.obj
 0001:00004ff0       ?empty@?$CuDeviceVector@I@cloth@nv@@QEBA_NXZ 0000000180005ff0 f i CuCloth.obj
 0001:00005000       ??1?$CuDeviceVector@I@cloth@nv@@QEAA@XZ 0000000180006000 f i CuCloth.obj
 0001:00005030       ??0?$CuDeviceVector@I@cloth@nv@@QEAA@AEBV012@@Z 0000000180006030 f i CuCloth.obj
 0001:000050c0       ??0?$CuDeviceVector@I@cloth@nv@@QEAA@PEAUCUctx_st@@@Z 00000001800060c0 f i CuCloth.obj
 0001:000050e0       ?size@?$Array@VPxVec3@physx@@V?$CuHostAllocator@VPxVec3@physx@@$01@cloth@nv@@@ps@cloth@nv@@QEBAIXZ 00000001800060e0 f i CuCloth.obj
 0001:000050f0       ??1?$Array@VPxVec3@physx@@V?$CuHostAllocator@VPxVec3@physx@@$01@cloth@nv@@@ps@cloth@nv@@QEAA@XZ 00000001800060f0 f i CuCloth.obj
 0001:00005130       ??0?$CuHostAllocator@VPxVec3@physx@@$01@cloth@nv@@QEAA@PEAUCUctx_st@@@Z 0000000180006130 f i CuCloth.obj
 0001:00005140       ?size@?$Array@IV?$CuHostAllocator@I$01@cloth@nv@@@ps@cloth@nv@@QEBAIXZ 0000000180006140 f i CuCloth.obj
 0001:00005150       ??1?$Array@IV?$CuHostAllocator@I$01@cloth@nv@@@ps@cloth@nv@@QEAA@XZ 0000000180006150 f i CuCloth.obj
 0001:00005190       ??0?$CuHostAllocator@I$01@cloth@nv@@QEAA@PEAUCUctx_st@@@Z 0000000180006190 f i CuCloth.obj
 0001:000051a0       ?size@?$Array@UIndexPair@cloth@nv@@V?$CuHostAllocator@UIndexPair@cloth@nv@@$01@23@@ps@cloth@nv@@QEBAIXZ 00000001800061a0 f i CuCloth.obj
 0001:000051b0       ??1?$Array@UIndexPair@cloth@nv@@V?$CuHostAllocator@UIndexPair@cloth@nv@@$01@23@@ps@cloth@nv@@QEAA@XZ 00000001800061b0 f i CuCloth.obj
 0001:000051f0       ??0?$CuHostAllocator@UIndexPair@cloth@nv@@$01@cloth@nv@@QEAA@PEAUCUctx_st@@@Z 00000001800061f0 f i CuCloth.obj
 0001:00005200       ?assign@?$Array@UPhaseConfig@cloth@nv@@VNonTrackingAllocator@ps@23@@ps@cloth@nv@@QEAAXPEBUPhaseConfig@34@0@Z 0000000180006200 f i CuCloth.obj
 0001:00005270       ?reserve@?$Array@UPhaseConfig@cloth@nv@@VNonTrackingAllocator@ps@23@@ps@cloth@nv@@QEAAXI@Z 0000000180006270 f i CuCloth.obj
 0001:00005280       ?pushBack@?$Array@UPhaseConfig@cloth@nv@@VNonTrackingAllocator@ps@23@@ps@cloth@nv@@QEAAAEAUPhaseConfig@34@AEBU534@@Z 0000000180006280 f i CuCloth.obj
 0001:000052d0       ?end@?$Array@UPhaseConfig@cloth@nv@@VNonTrackingAllocator@ps@23@@ps@cloth@nv@@QEAAPEAUPhaseConfig@34@XZ 00000001800062d0 f i CuCloth.obj
 0001:000052e0       ?begin@?$Array@UPhaseConfig@cloth@nv@@VNonTrackingAllocator@ps@23@@ps@cloth@nv@@QEAAPEAUPhaseConfig@34@XZ 00000001800062e0 f i CuCloth.obj
 0001:000052f0       ??1?$Array@UPhaseConfig@cloth@nv@@VNonTrackingAllocator@ps@23@@ps@cloth@nv@@QEAA@XZ 00000001800062f0 f i CuCloth.obj
 0001:00005320       ??0?$Array@UPhaseConfig@cloth@nv@@VNonTrackingAllocator@ps@23@@ps@cloth@nv@@QEAA@AEBV0123@AEBVNonTrackingAllocator@123@@Z 0000000180006320 f i CuCloth.obj
 0001:00005340       ??0?$Array@UPhaseConfig@cloth@nv@@VNonTrackingAllocator@ps@23@@ps@cloth@nv@@QEAA@AEBVNonTrackingAllocator@123@@Z 0000000180006340 f i CuCloth.obj
 0001:00005350       ?size@?$CuDeviceVector@UCuPhaseConfig@cloth@nv@@@cloth@nv@@QEBA_KXZ 0000000180006350 f i CuCloth.obj
 0001:00005370       ??1?$CuDeviceVector@UCuPhaseConfig@cloth@nv@@@cloth@nv@@QEAA@XZ 0000000180006370 f i CuCloth.obj
 0001:000053a0       ??0?$CuDeviceVector@UCuPhaseConfig@cloth@nv@@@cloth@nv@@QEAA@AEBV012@@Z 00000001800063a0 f i CuCloth.obj
 0001:00005440       ??0?$CuDeviceVector@UCuPhaseConfig@cloth@nv@@@cloth@nv@@QEAA@PEAUCUctx_st@@@Z 0000000180006440 f i CuCloth.obj
 0001:00005460       ??0?$CuHostVectorImpl@I$01@cloth@nv@@QEAA@AEBV?$CuHostAllocator@I$01@12@@Z 0000000180006460 f i CuCloth.obj
 0001:00005480       ??0?$CuHostVectorImpl@UIndexPair@cloth@nv@@$01@cloth@nv@@QEAA@AEBV012@AEBV?$CuHostAllocator@UIndexPair@cloth@nv@@$01@12@@Z 0000000180006480 f i CuCloth.obj
 0001:000054a0       ??0?$CuHostVectorImpl@UIndexPair@cloth@nv@@$01@cloth@nv@@QEAA@AEBV?$CuHostAllocator@UIndexPair@cloth@nv@@$01@12@@Z 00000001800064a0 f i CuCloth.obj
 0001:000054c0       ??0?$CuHostVectorImpl@VPxVec3@physx@@$01@cloth@nv@@QEAA@AEBV012@AEBV?$CuHostAllocator@VPxVec3@physx@@$01@12@@Z 00000001800064c0 f i CuCloth.obj
 0001:000054e0       ??0?$CuHostVectorImpl@VPxVec3@physx@@$01@cloth@nv@@QEAA@AEBV?$CuHostAllocator@VPxVec3@physx@@$01@12@@Z 00000001800064e0 f i CuCloth.obj
 0001:00005500       ??0?$ClothImpl@VCuCloth@cloth@nv@@@cloth@nv@@QEAA@XZ 0000000180006500 f i CuCloth.obj
 0001:00005560       ?capacity@?$Array@VPxVec4@physx@@V?$CuHostAllocator@VPxVec4@physx@@$01@cloth@nv@@@ps@cloth@nv@@QEBAIXZ 0000000180006560 f i CuCloth.obj
 0001:00005570       ?reserve@?$Array@VPxVec4@physx@@V?$CuHostAllocator@VPxVec4@physx@@$01@cloth@nv@@@ps@cloth@nv@@QEAAXI@Z 0000000180006570 f i CuCloth.obj
 0001:00005580       ?empty@?$Array@VPxVec4@physx@@V?$CuHostAllocator@VPxVec4@physx@@$01@cloth@nv@@@ps@cloth@nv@@QEBA_NXZ 0000000180006580 f i CuCloth.obj
 0001:00005590       ?size@?$Array@VPxVec4@physx@@V?$CuHostAllocator@VPxVec4@physx@@$01@cloth@nv@@@ps@cloth@nv@@QEBAIXZ 0000000180006590 f i CuCloth.obj
 0001:000055a0       ?front@?$Array@VPxVec4@physx@@V?$CuHostAllocator@VPxVec4@physx@@$01@cloth@nv@@@ps@cloth@nv@@QEAAAEAVPxVec4@physx@@XZ 00000001800065a0 f i CuCloth.obj
 0001:000055b0       ?end@?$Array@VPxVec4@physx@@V?$CuHostAllocator@VPxVec4@physx@@$01@cloth@nv@@@ps@cloth@nv@@QEAAPEAVPxVec4@physx@@XZ 00000001800065b0 f i CuCloth.obj
 0001:000055c0       ?begin@?$Array@VPxVec4@physx@@V?$CuHostAllocator@VPxVec4@physx@@$01@cloth@nv@@@ps@cloth@nv@@QEAAPEAVPxVec4@physx@@XZ 00000001800065c0 f i CuCloth.obj
 0001:000055d0       ?begin@?$Array@VPxVec4@physx@@V?$CuHostAllocator@VPxVec4@physx@@$01@cloth@nv@@@ps@cloth@nv@@QEBAPEBVPxVec4@physx@@XZ 00000001800065d0 f i CuCloth.obj
 0001:000055e0       ??1?$Array@VPxVec4@physx@@V?$CuHostAllocator@VPxVec4@physx@@$01@cloth@nv@@@ps@cloth@nv@@QEAA@XZ 00000001800065e0 f i CuCloth.obj
 0001:00005620       ??0?$CuHostAllocator@VPxVec4@physx@@$01@cloth@nv@@QEAA@PEAUCUctx_st@@@Z 0000000180006620 f i CuCloth.obj
 0001:00005630       ?swap@?$CuHostVectorImpl@VPxVec4@physx@@$01@cloth@nv@@QEAAXAEAV123@@Z 0000000180006630 f i CuCloth.obj
 0001:00005670       ??0?$CuHostVectorImpl@VPxVec4@physx@@$01@cloth@nv@@QEAA@AEBV012@AEBV?$CuHostAllocator@VPxVec4@physx@@$01@12@@Z 0000000180006670 f i CuCloth.obj
 0001:00005690       ??0?$CuHostVectorImpl@VPxVec4@physx@@$01@cloth@nv@@QEAA@AEBV?$CuHostAllocator@VPxVec4@physx@@$01@12@@Z 0000000180006690 f i CuCloth.obj
 0001:000056b0       ?dev@?$CuDevicePointer@VPxVec4@physx@@@cloth@nv@@QEBA_KXZ 00000001800066b0 f i CuCloth.obj
 0001:000056c0       ?get@?$CuDevicePointer@VPxVec4@physx@@@cloth@nv@@QEBAPEAVPxVec4@physx@@XZ 00000001800066c0 f i CuCloth.obj
 0001:000056d0       ?swap@?$CuDeviceVector@VPxVec4@physx@@@cloth@nv@@QEAAXAEAV123@@Z 00000001800066d0 f i CuCloth.obj
 0001:00005710       ?resize@?$CuDeviceVector@VPxVec4@physx@@@cloth@nv@@QEAAX_K@Z 0000000180006710 f i CuCloth.obj
 0001:00005760       ?reserve@?$CuDeviceVector@VPxVec4@physx@@@cloth@nv@@QEAAX_K@Z 0000000180006760 f i CuCloth.obj
 0001:00005840       ?push_back@?$CuDeviceVector@VPxVec4@physx@@@cloth@nv@@QEAAXPEBVPxVec4@physx@@0@Z 0000000180006840 f i CuCloth.obj
 0001:00005900       ?begin@?$CuDeviceVector@VPxVec4@physx@@@cloth@nv@@QEAA?AV?$CuDevicePointer@VPxVec4@physx@@@23@XZ 0000000180006900 f i CuCloth.obj
 0001:00005910       ?capacity@?$CuDeviceVector@VPxVec4@physx@@@cloth@nv@@QEBA_KXZ 0000000180006910 f i CuCloth.obj
 0001:00005920       ?empty@?$CuDeviceVector@VPxVec4@physx@@@cloth@nv@@QEBA_NXZ 0000000180006920 f i CuCloth.obj
 0001:00005930       ??1?$CuDeviceVector@VPxVec4@physx@@@cloth@nv@@QEAA@XZ 0000000180006930 f i CuCloth.obj
 0001:00005960       ??0?$CuDeviceVector@VPxVec4@physx@@@cloth@nv@@QEAA@AEBV012@@Z 0000000180006960 f i CuCloth.obj
 0001:000059f0       ??0?$CuDeviceVector@VPxVec4@physx@@@cloth@nv@@QEAA@PEAUCUctx_st@@@Z 00000001800069f0 f i CuCloth.obj
 0001:00005a10       ??1?$MappedRange@$$CBVPxVec4@physx@@@cloth@nv@@QEAA@XZ 0000000180006a10 f i CuCloth.obj
 0001:00005a30       ??1?$MappedRange@VPxVec4@physx@@@cloth@nv@@QEAA@XZ 0000000180006a30 f i CuCloth.obj
 0001:00005a50       ??4PxTransform@physx@@QEAAAEAV01@AEBV01@@Z 0000000180006a50 f i CuCloth.obj
 0001:00005a80       ??_E?$ClothImpl@VCuCloth@cloth@nv@@@cloth@nv@@UEAAPEAXI@Z 0000000180006a80 f i * CIL library *:* CIL module *
 0001:00005a80       ??_G?$ClothImpl@VCuCloth@cloth@nv@@@cloth@nv@@UEAAPEAXI@Z 0000000180006a80 f i CuCloth.obj
 0001:00005b00       ??$assign@PEBU?$Vec4T@G@cloth@nv@@@?$CuDeviceVector@U?$Vec4T@G@cloth@nv@@@cloth@nv@@QEAAXPEBU?$Vec4T@G@12@0@Z 0000000180006b00 f i CuCloth.obj
 0001:00005b70       ??$assign@PEBVPxVec4@physx@@@?$CuDeviceVector@VPxVec4@physx@@@cloth@nv@@QEAAXPEBVPxVec4@physx@@0@Z 0000000180006b70 f i CuCloth.obj
 0001:00005c00       ??$min@PEBVPxVec4@physx@@@std@@YAAEBQEBVPxVec4@physx@@AEBQEBV12@0@Z 0000000180006c00 f i CuCloth.obj
 0001:00005c10       ??$move@PEAVPxVec4@physx@@@cloth@nv@@YAXPEAVPxVec4@physx@@III@Z 0000000180006c10 f i CuCloth.obj
 0001:00005df0       ??$move@PEAUIndexPair@cloth@nv@@@cloth@nv@@YAXPEAUIndexPair@01@III@Z 0000000180006df0 f i CuCloth.obj
 0001:00005e60       ??$move@PEAI@cloth@nv@@YAXPEAIIII@Z 0000000180006e60 f i CuCloth.obj
 0001:00005ee0       ??$move@PEAVPxVec3@physx@@@cloth@nv@@YAXPEAVPxVec3@physx@@III@Z 0000000180006ee0 f i CuCloth.obj
 0001:00006070       ??$swap@VPxVec4@physx@@$01@ps@cloth@nv@@YAXAEAV?$CuHostVectorImpl@VPxVec4@physx@@$01@12@0@Z 0000000180007070 f i CuCloth.obj
 0001:000060b0       ??$?0M@?$CuDevicePointer@M@cloth@nv@@QEAA@PEAM@Z 00000001800070b0 f i CuCloth.obj
 0001:000060c0       ??$max@_K@std@@YAAEB_KAEB_K0@Z 00000001800070c0 f i CuCloth.obj
 0001:000060d0       ??$?8M@?$CuDevicePointer@M@cloth@nv@@QEBA_NAEBV012@@Z 00000001800070d0 f i CuCloth.obj
 0001:000060e0       ??$?8I@?$CuDevicePointer@I@cloth@nv@@QEBA_NAEBV012@@Z 00000001800070e0 f i CuCloth.obj
 0001:000060f0       ??$copy@VNonTrackingAllocator@ps@cloth@nv@@@?$Array@UPhaseConfig@cloth@nv@@VNonTrackingAllocator@ps@23@@ps@cloth@nv@@IEAAXAEBV0123@@Z 00000001800070f0 f i CuCloth.obj
 0001:000061a0       ??$swap@_K@ps@cloth@nv@@YAXAEA_K0@Z 00000001800071a0 f i CuCloth.obj
 0001:000061b0       ??$swap@V?$CuDevicePointer@VPxVec4@physx@@@cloth@nv@@$0A@@std@@YAXAEAV?$CuDevicePointer@VPxVec4@physx@@@cloth@nv@@0@Z 00000001800071b0 f i CuCloth.obj
 0001:000061c0       ??$?0VPxVec4@physx@@@?$CuDevicePointer@VPxVec4@physx@@@cloth@nv@@QEAA@PEAVPxVec4@physx@@@Z 00000001800071c0 f i CuCloth.obj
 0001:000061d0       ??$?8VPxVec4@physx@@@?$CuDevicePointer@VPxVec4@physx@@@cloth@nv@@QEBA_NAEBV012@@Z 00000001800071d0 f i CuCloth.obj
 0001:000061e0       ??0?$Range@$$CBVPxVec4@physx@@@cloth@nv@@QEAA@PEBVPxVec4@physx@@0@Z 00000001800071e0 f i CuCloth.obj
 0001:000061f0       ??A?$Range@$$CBVPxVec4@physx@@@cloth@nv@@QEBAAEBVPxVec4@physx@@I@Z 00000001800071f0 f i CuCloth.obj
 0001:00006200       ?size@?$Range@$$CBI@cloth@nv@@QEBAIXZ 0000000180007200 f i CuCloth.obj
 0001:00006210       ??A?$Range@$$CBI@cloth@nv@@QEBAAEBII@Z 0000000180007210 f i CuCloth.obj
 0001:00006220       ??A?$Range@$$CBVPxVec3@physx@@@cloth@nv@@QEBAAEBVPxVec3@physx@@I@Z 0000000180007220 f i CuCloth.obj
 0001:00006230       ?resize@?$Array@VPxVec4@physx@@V?$CuHostAllocator@VPxVec4@physx@@$01@cloth@nv@@@ps@cloth@nv@@QEAAXIAEBVPxVec4@physx@@@Z 0000000180007230 f i CuCloth.obj
 0001:00006340       ?resizeUninitialized@?$Array@UPhaseConfig@cloth@nv@@VNonTrackingAllocator@ps@23@@ps@cloth@nv@@QEAAXI@Z 0000000180007340 f i CuCloth.obj
 0001:00006380       ?growAndPushBack@?$Array@UPhaseConfig@cloth@nv@@VNonTrackingAllocator@ps@23@@ps@cloth@nv@@IEAAAEAUPhaseConfig@34@AEBU534@@Z 0000000180007380 f i CuCloth.obj
 0001:00006490       ?resize@?$Array@UIndexPair@cloth@nv@@V?$CuHostAllocator@UIndexPair@cloth@nv@@$01@23@@ps@cloth@nv@@QEAAXIAEBUIndexPair@34@@Z 0000000180007490 f i CuCloth.obj
 0001:00006550       ?resize@?$Array@IV?$CuHostAllocator@I$01@cloth@nv@@@ps@cloth@nv@@QEAAXIAEBI@Z 0000000180007550 f i CuCloth.obj
 0001:00006610       ?resize@?$Array@VPxVec3@physx@@V?$CuHostAllocator@VPxVec3@physx@@$01@cloth@nv@@@ps@cloth@nv@@QEAAXIAEBVPxVec3@physx@@@Z 0000000180007610 f i CuCloth.obj
 0001:00006700       ?resizeUninitialized@?$Array@IVNonTrackingAllocator@ps@cloth@nv@@@ps@cloth@nv@@QEAAXI@Z 0000000180007700 f i CuCloth.obj
 0001:00006740       ?growAndPushBack@?$Array@U?$Vec4T@G@cloth@nv@@VNonTrackingAllocator@ps@23@@ps@cloth@nv@@IEAAAEAU?$Vec4T@G@34@AEBU534@@Z 0000000180007740 f i CuCloth.obj
 0001:00006830       ?growAndPushBack@?$Array@UCuPhaseConfig@cloth@nv@@VNonTrackingAllocator@ps@23@@ps@cloth@nv@@IEAAAEAUCuPhaseConfig@34@AEBU534@@Z 0000000180007830 f i CuCloth.obj
 0001:00006960       ?growAndPushBack@?$Array@VPxVec4@physx@@VNonTrackingAllocator@ps@cloth@nv@@@ps@cloth@nv@@IEAAAEAVPxVec4@physx@@AEBV56@@Z 0000000180007960 f i CuCloth.obj
 0001:00006a50       ?grow@?$Array@VPxVec4@physx@@VNonTrackingAllocator@ps@cloth@nv@@@ps@cloth@nv@@IEAAXI@Z 0000000180007a50 f i CuCloth.obj
 0001:00006a60       ?destroy@?$Array@VPxVec4@physx@@VNonTrackingAllocator@ps@cloth@nv@@@ps@cloth@nv@@KAXPEAVPxVec4@physx@@0@Z 0000000180007a60 f i CuCloth.obj
 0001:00006a70       ?deallocate@?$Array@VPxVec4@physx@@VNonTrackingAllocator@ps@cloth@nv@@@ps@cloth@nv@@IEAAXPEAX@Z 0000000180007a70 f i CuCloth.obj
 0001:00006a90       ?isInUserMemory@?$Array@VPxVec4@physx@@VNonTrackingAllocator@ps@cloth@nv@@@ps@cloth@nv@@QEBAIXZ 0000000180007a90 f i CuCloth.obj
 0001:00006aa0       ?capacity@?$Array@VPxVec4@physx@@VNonTrackingAllocator@ps@cloth@nv@@@ps@cloth@nv@@QEBAIXZ 0000000180007aa0 f i CuCloth.obj
 0001:00006ab0       ?empty@?$Array@VPxVec4@physx@@VNonTrackingAllocator@ps@cloth@nv@@@ps@cloth@nv@@QEBA_NXZ 0000000180007ab0 f i CuCloth.obj
 0001:00006ac0       ?size@?$Array@VPxVec4@physx@@VNonTrackingAllocator@ps@cloth@nv@@@ps@cloth@nv@@QEBAIXZ 0000000180007ac0 f i CuCloth.obj
 0001:00006ad0       ?front@?$Array@VPxVec4@physx@@VNonTrackingAllocator@ps@cloth@nv@@@ps@cloth@nv@@QEBAAEBVPxVec4@physx@@XZ 0000000180007ad0 f i CuCloth.obj
 0001:00006ae0       ?grow@?$Array@UCuPhaseConfig@cloth@nv@@VNonTrackingAllocator@ps@23@@ps@cloth@nv@@IEAAXI@Z 0000000180007ae0 f i CuCloth.obj
 0001:00006af0       ?destroy@?$Array@UCuPhaseConfig@cloth@nv@@VNonTrackingAllocator@ps@23@@ps@cloth@nv@@KAXPEAUCuPhaseConfig@34@0@Z 0000000180007af0 f i CuCloth.obj
 0001:00006b00       ?deallocate@?$Array@UCuPhaseConfig@cloth@nv@@VNonTrackingAllocator@ps@23@@ps@cloth@nv@@IEAAXPEAX@Z 0000000180007b00 f i CuCloth.obj
 0001:00006b20       ?isInUserMemory@?$Array@UCuPhaseConfig@cloth@nv@@VNonTrackingAllocator@ps@23@@ps@cloth@nv@@QEBAIXZ 0000000180007b20 f i CuCloth.obj
 0001:00006b30       ?capacity@?$Array@UCuPhaseConfig@cloth@nv@@VNonTrackingAllocator@ps@23@@ps@cloth@nv@@QEBAIXZ 0000000180007b30 f i CuCloth.obj
 0001:00006b40       ?grow@?$Array@U?$Vec4T@G@cloth@nv@@VNonTrackingAllocator@ps@23@@ps@cloth@nv@@IEAAXI@Z 0000000180007b40 f i CuCloth.obj
 0001:00006b50       ?destroy@?$Array@U?$Vec4T@G@cloth@nv@@VNonTrackingAllocator@ps@23@@ps@cloth@nv@@KAXPEAU?$Vec4T@G@34@0@Z 0000000180007b50 f i CuCloth.obj
 0001:00006b60       ?deallocate@?$Array@U?$Vec4T@G@cloth@nv@@VNonTrackingAllocator@ps@23@@ps@cloth@nv@@IEAAXPEAX@Z 0000000180007b60 f i CuCloth.obj
 0001:00006b80       ?isInUserMemory@?$Array@U?$Vec4T@G@cloth@nv@@VNonTrackingAllocator@ps@23@@ps@cloth@nv@@QEBAIXZ 0000000180007b80 f i CuCloth.obj
 0001:00006b90       ?capacity@?$Array@U?$Vec4T@G@cloth@nv@@VNonTrackingAllocator@ps@23@@ps@cloth@nv@@QEBAIXZ 0000000180007b90 f i CuCloth.obj
 0001:00006ba0       ?empty@?$Array@U?$Vec4T@G@cloth@nv@@VNonTrackingAllocator@ps@23@@ps@cloth@nv@@QEBA_NXZ 0000000180007ba0 f i CuCloth.obj
 0001:00006bb0       ?size@?$Array@U?$Vec4T@G@cloth@nv@@VNonTrackingAllocator@ps@23@@ps@cloth@nv@@QEBAIXZ 0000000180007bb0 f i CuCloth.obj
 0001:00006bc0       ?front@?$Array@U?$Vec4T@G@cloth@nv@@VNonTrackingAllocator@ps@23@@ps@cloth@nv@@QEBAAEBU?$Vec4T@G@34@XZ 0000000180007bc0 f i CuCloth.obj
 0001:00006bd0       ?destroy@?$Array@U?$Vec4T@I@cloth@nv@@VNonTrackingAllocator@ps@23@@ps@cloth@nv@@KAXPEAU?$Vec4T@I@34@0@Z 0000000180007bd0 f i CuCloth.obj
 0001:00006be0       ?deallocate@?$Array@U?$Vec4T@I@cloth@nv@@VNonTrackingAllocator@ps@23@@ps@cloth@nv@@IEAAXPEAX@Z 0000000180007be0 f i CuCloth.obj
 0001:00006c00       ?isInUserMemory@?$Array@U?$Vec4T@I@cloth@nv@@VNonTrackingAllocator@ps@23@@ps@cloth@nv@@QEBAIXZ 0000000180007c00 f i CuCloth.obj
 0001:00006c10       ?capacity@?$Array@U?$Vec4T@I@cloth@nv@@VNonTrackingAllocator@ps@23@@ps@cloth@nv@@QEBAIXZ 0000000180007c10 f i CuCloth.obj
 0001:00006c20       ??0?$CuDevicePointer@M@cloth@nv@@QEAA@AEBV012@@Z 0000000180007c20 f i CuCloth.obj
 0001:00006c30       ??0?$CuDevicePointer@M@cloth@nv@@QEAA@XZ 0000000180007c30 f i CuCloth.obj
 0001:00006c40       ?reserve@?$CuDeviceVector@M@cloth@nv@@QEAAX_K@Z 0000000180007c40 f i CuCloth.obj
 0001:00006d20       ?capacity@?$CuDeviceVector@M@cloth@nv@@QEBA_KXZ 0000000180007d20 f i CuCloth.obj
 0001:00006d30       ?destroy@?$Array@IVNonTrackingAllocator@ps@cloth@nv@@@ps@cloth@nv@@KAXPEAI0@Z 0000000180007d30 f i CuCloth.obj
 0001:00006d40       ?copy@?$Array@IVNonTrackingAllocator@ps@cloth@nv@@@ps@cloth@nv@@KAXPEAI0PEBI@Z 0000000180007d40 f i CuCloth.obj
 0001:00006d60       ?deallocate@?$Array@IVNonTrackingAllocator@ps@cloth@nv@@@ps@cloth@nv@@IEAAXPEAX@Z 0000000180007d60 f i CuCloth.obj
 0001:00006d80       ?isInUserMemory@?$Array@IVNonTrackingAllocator@ps@cloth@nv@@@ps@cloth@nv@@QEBAIXZ 0000000180007d80 f i CuCloth.obj
 0001:00006d90       ?capacity@?$Array@IVNonTrackingAllocator@ps@cloth@nv@@@ps@cloth@nv@@QEBAIXZ 0000000180007d90 f i CuCloth.obj
 0001:00006da0       ?empty@?$Array@IVNonTrackingAllocator@ps@cloth@nv@@@ps@cloth@nv@@QEBA_NXZ 0000000180007da0 f i CuCloth.obj
 0001:00006db0       ?size@?$Array@IVNonTrackingAllocator@ps@cloth@nv@@@ps@cloth@nv@@QEBAIXZ 0000000180007db0 f i CuCloth.obj
 0001:00006dc0       ?front@?$Array@IVNonTrackingAllocator@ps@cloth@nv@@@ps@cloth@nv@@QEBAAEBIXZ 0000000180007dc0 f i CuCloth.obj
 0001:00006dd0       ?end@?$Array@IVNonTrackingAllocator@ps@cloth@nv@@@ps@cloth@nv@@QEAAPEAIXZ 0000000180007dd0 f i CuCloth.obj
 0001:00006de0       ?begin@?$Array@IVNonTrackingAllocator@ps@cloth@nv@@@ps@cloth@nv@@QEAAPEAIXZ 0000000180007de0 f i CuCloth.obj
 0001:00006df0       ??G?$CuDevicePointer@U?$Vec4T@G@cloth@nv@@@cloth@nv@@QEBA_JAEBV012@@Z 0000000180007df0 f i CuCloth.obj
 0001:00006e00       ?dev@?$CuDevicePointer@U?$Vec4T@G@cloth@nv@@@cloth@nv@@QEBA_KXZ 0000000180007e00 f i CuCloth.obj
 0001:00006e10       ??0?$CuDevicePointer@U?$Vec4T@G@cloth@nv@@@cloth@nv@@QEAA@XZ 0000000180007e10 f i CuCloth.obj
 0001:00006e20       ??4?$CuDeviceVector@U?$Vec4T@G@cloth@nv@@@cloth@nv@@QEAAAEAV012@AEBV012@@Z 0000000180007e20 f i CuCloth.obj
 0001:00006e80       ??G?$CuDevicePointer@I@cloth@nv@@QEBA_JAEBV012@@Z 0000000180007e80 f i CuCloth.obj
 0001:00006e90       ?dev@?$CuDevicePointer@I@cloth@nv@@QEBA_KXZ 0000000180007e90 f i CuCloth.obj
 0001:00006ea0       ??0?$CuDevicePointer@I@cloth@nv@@QEAA@XZ 0000000180007ea0 f i CuCloth.obj
 0001:00006eb0       ?resize@?$CuDeviceVector@I@cloth@nv@@QEAAX_K@Z 0000000180007eb0 f i CuCloth.obj
 0001:00006f00       ??4?$CuDeviceVector@I@cloth@nv@@QEAAAEAV012@AEBV012@@Z 0000000180007f00 f i CuCloth.obj
 0001:00006f90       ?destroy@?$Array@VPxVec3@physx@@V?$CuHostAllocator@VPxVec3@physx@@$01@cloth@nv@@@ps@cloth@nv@@KAXPEAVPxVec3@physx@@0@Z 0000000180007f90 f i CuCloth.obj
 0001:00006fa0       ?deallocate@?$Array@VPxVec3@physx@@V?$CuHostAllocator@VPxVec3@physx@@$01@cloth@nv@@@ps@cloth@nv@@IEAAXPEAX@Z 0000000180007fa0 f i CuCloth.obj
 0001:00006fd0       ?isInUserMemory@?$Array@VPxVec3@physx@@V?$CuHostAllocator@VPxVec3@physx@@$01@cloth@nv@@@ps@cloth@nv@@QEBAIXZ 0000000180007fd0 f i CuCloth.obj
 0001:00006fe0       ?assign@?$Array@VPxVec3@physx@@V?$CuHostAllocator@VPxVec3@physx@@$01@cloth@nv@@@ps@cloth@nv@@QEAAXPEBVPxVec3@physx@@0@Z 0000000180007fe0 f i CuCloth.obj
 0001:00007030       ?capacity@?$Array@VPxVec3@physx@@V?$CuHostAllocator@VPxVec3@physx@@$01@cloth@nv@@@ps@cloth@nv@@QEBAIXZ 0000000180008030 f i CuCloth.obj
 0001:00007040       ?reserve@?$Array@VPxVec3@physx@@V?$CuHostAllocator@VPxVec3@physx@@$01@cloth@nv@@@ps@cloth@nv@@QEAAXI@Z 0000000180008040 f i CuCloth.obj
 0001:00007050       ?pushBack@?$Array@VPxVec3@physx@@V?$CuHostAllocator@VPxVec3@physx@@$01@cloth@nv@@@ps@cloth@nv@@QEAAAEAVPxVec3@physx@@AEBV56@@Z 0000000180008050 f i CuCloth.obj
 0001:000070b0       ?begin@?$Array@VPxVec3@physx@@V?$CuHostAllocator@VPxVec3@physx@@$01@cloth@nv@@@ps@cloth@nv@@QEAAPEAVPxVec3@physx@@XZ 00000001800080b0 f i CuCloth.obj
 0001:000070c0       ??A?$Array@VPxVec3@physx@@V?$CuHostAllocator@VPxVec3@physx@@$01@cloth@nv@@@ps@cloth@nv@@QEAAAEAVPxVec3@physx@@I@Z 00000001800080c0 f i CuCloth.obj
 0001:000070d0       ??0?$Array@VPxVec3@physx@@V?$CuHostAllocator@VPxVec3@physx@@$01@cloth@nv@@@ps@cloth@nv@@QEAA@AEBV0123@AEBV?$CuHostAllocator@VPxVec3@physx@@$01@23@@Z 00000001800080d0 f i CuCloth.obj
 0001:000070f0       ??0?$Array@VPxVec3@physx@@V?$CuHostAllocator@VPxVec3@physx@@$01@cloth@nv@@@ps@cloth@nv@@QEAA@AEBV?$CuHostAllocator@VPxVec3@physx@@$01@23@@Z 00000001800080f0 f i CuCloth.obj
 0001:00007110       ?destroy@?$Array@IV?$CuHostAllocator@I$01@cloth@nv@@@ps@cloth@nv@@KAXPEAI0@Z 0000000180008110 f i CuCloth.obj
 0001:00007120       ?deallocate@?$Array@IV?$CuHostAllocator@I$01@cloth@nv@@@ps@cloth@nv@@IEAAXPEAX@Z 0000000180008120 f i CuCloth.obj
 0001:00007150       ?isInUserMemory@?$Array@IV?$CuHostAllocator@I$01@cloth@nv@@@ps@cloth@nv@@QEBAIXZ 0000000180008150 f i CuCloth.obj
 0001:00007160       ?capacity@?$Array@IV?$CuHostAllocator@I$01@cloth@nv@@@ps@cloth@nv@@QEBAIXZ 0000000180008160 f i CuCloth.obj
 0001:00007170       ?reserve@?$Array@IV?$CuHostAllocator@I$01@cloth@nv@@@ps@cloth@nv@@QEAAXI@Z 0000000180008170 f i CuCloth.obj
 0001:00007180       ?replaceWithLast@?$Array@IV?$CuHostAllocator@I$01@cloth@nv@@@ps@cloth@nv@@QEAAXPEAI@Z 0000000180008180 f i CuCloth.obj
 0001:000071a0       ?end@?$Array@IV?$CuHostAllocator@I$01@cloth@nv@@@ps@cloth@nv@@QEAAPEAIXZ 00000001800081a0 f i CuCloth.obj
 0001:000071b0       ?begin@?$Array@IV?$CuHostAllocator@I$01@cloth@nv@@@ps@cloth@nv@@QEAAPEAIXZ 00000001800081b0 f i CuCloth.obj
 0001:000071c0       ??A?$Array@IV?$CuHostAllocator@I$01@cloth@nv@@@ps@cloth@nv@@QEAAAEAII@Z 00000001800081c0 f i CuCloth.obj
 0001:000071d0       ??0?$Array@IV?$CuHostAllocator@I$01@cloth@nv@@@ps@cloth@nv@@QEAA@AEBV?$CuHostAllocator@I$01@23@@Z 00000001800081d0 f i CuCloth.obj
 0001:000071f0       ?destroy@?$Array@UIndexPair@cloth@nv@@V?$CuHostAllocator@UIndexPair@cloth@nv@@$01@23@@ps@cloth@nv@@KAXPEAUIndexPair@34@0@Z 00000001800081f0 f i CuCloth.obj
 0001:00007200       ?deallocate@?$Array@UIndexPair@cloth@nv@@V?$CuHostAllocator@UIndexPair@cloth@nv@@$01@23@@ps@cloth@nv@@IEAAXPEAX@Z 0000000180008200 f i CuCloth.obj
 0001:00007230       ?isInUserMemory@?$Array@UIndexPair@cloth@nv@@V?$CuHostAllocator@UIndexPair@cloth@nv@@$01@23@@ps@cloth@nv@@QEBAIXZ 0000000180008230 f i CuCloth.obj
 0001:00007240       ?capacity@?$Array@UIndexPair@cloth@nv@@V?$CuHostAllocator@UIndexPair@cloth@nv@@$01@23@@ps@cloth@nv@@QEBAIXZ 0000000180008240 f i CuCloth.obj
 0001:00007250       ?reserve@?$Array@UIndexPair@cloth@nv@@V?$CuHostAllocator@UIndexPair@cloth@nv@@$01@23@@ps@cloth@nv@@QEAAXI@Z 0000000180008250 f i CuCloth.obj
 0001:00007260       ?replaceWithLast@?$Array@UIndexPair@cloth@nv@@V?$CuHostAllocator@UIndexPair@cloth@nv@@$01@23@@ps@cloth@nv@@QEAAXPEAUIndexPair@34@@Z 0000000180008260 f i CuCloth.obj
 0001:00007280       ?end@?$Array@UIndexPair@cloth@nv@@V?$CuHostAllocator@UIndexPair@cloth@nv@@$01@23@@ps@cloth@nv@@QEAAPEAUIndexPair@34@XZ 0000000180008280 f i CuCloth.obj
 0001:00007290       ?begin@?$Array@UIndexPair@cloth@nv@@V?$CuHostAllocator@UIndexPair@cloth@nv@@$01@23@@ps@cloth@nv@@QEAAPEAUIndexPair@34@XZ 0000000180008290 f i CuCloth.obj
 0001:000072a0       ??A?$Array@UIndexPair@cloth@nv@@V?$CuHostAllocator@UIndexPair@cloth@nv@@$01@23@@ps@cloth@nv@@QEAAAEAUIndexPair@23@I@Z 00000001800082a0 f i CuCloth.obj
 0001:000072b0       ??0?$Array@UIndexPair@cloth@nv@@V?$CuHostAllocator@UIndexPair@cloth@nv@@$01@23@@ps@cloth@nv@@QEAA@AEBV0123@AEBV?$CuHostAllocator@UIndexPair@cloth@nv@@$01@23@@Z 00000001800082b0 f i CuCloth.obj
 0001:000072d0       ??0?$Array@UIndexPair@cloth@nv@@V?$CuHostAllocator@UIndexPair@cloth@nv@@$01@23@@ps@cloth@nv@@QEAA@AEBV?$CuHostAllocator@UIndexPair@cloth@nv@@$01@23@@Z 00000001800082d0 f i CuCloth.obj
 0001:000072f0       ?grow@?$Array@UPhaseConfig@cloth@nv@@VNonTrackingAllocator@ps@23@@ps@cloth@nv@@IEAAXI@Z 00000001800082f0 f i CuCloth.obj
 0001:00007300       ?destroy@?$Array@UPhaseConfig@cloth@nv@@VNonTrackingAllocator@ps@23@@ps@cloth@nv@@KAXPEAUPhaseConfig@34@0@Z 0000000180008300 f i CuCloth.obj
 0001:00007310       ?copy@?$Array@UPhaseConfig@cloth@nv@@VNonTrackingAllocator@ps@23@@ps@cloth@nv@@KAXPEAUPhaseConfig@34@0PEBU534@@Z 0000000180008310 f i CuCloth.obj
 0001:00007340       ?deallocate@?$Array@UPhaseConfig@cloth@nv@@VNonTrackingAllocator@ps@23@@ps@cloth@nv@@IEAAXPEAX@Z 0000000180008340 f i CuCloth.obj
 0001:00007360       ?isInUserMemory@?$Array@UPhaseConfig@cloth@nv@@VNonTrackingAllocator@ps@23@@ps@cloth@nv@@QEBAIXZ 0000000180008360 f i CuCloth.obj
 0001:00007370       ?capacity@?$Array@UPhaseConfig@cloth@nv@@VNonTrackingAllocator@ps@23@@ps@cloth@nv@@QEBAIXZ 0000000180008370 f i CuCloth.obj
 0001:00007380       ??G?$CuDevicePointer@UCuPhaseConfig@cloth@nv@@@cloth@nv@@QEBA_JAEBV012@@Z 0000000180008380 f i CuCloth.obj
 0001:000073a0       ?dev@?$CuDevicePointer@UCuPhaseConfig@cloth@nv@@@cloth@nv@@QEBA_KXZ 00000001800083a0 f i CuCloth.obj
 0001:000073b0       ??0?$CuDevicePointer@UCuPhaseConfig@cloth@nv@@@cloth@nv@@QEAA@XZ 00000001800083b0 f i CuCloth.obj
 0001:000073c0       ?resize@?$CuDeviceVector@UCuPhaseConfig@cloth@nv@@@cloth@nv@@QEAAX_K@Z 00000001800083c0 f i CuCloth.obj
 0001:000074e0       ??4?$CuDeviceVector@UCuPhaseConfig@cloth@nv@@@cloth@nv@@QEAAAEAV012@AEBV012@@Z 00000001800084e0 f i CuCloth.obj
 0001:00007560       ?getChildCloth@?$ClothImpl@VCuCloth@cloth@nv@@@cloth@nv@@QEBAPEBVCuCloth@23@XZ 0000000180008560 f i CuCloth.obj
 0001:00007570       ?getChildCloth@?$ClothImpl@VCuCloth@cloth@nv@@@cloth@nv@@QEAAPEAVCuCloth@23@XZ 0000000180008570 f i CuCloth.obj
 0001:00007580       ?grow@?$Array@VPxVec4@physx@@V?$CuHostAllocator@VPxVec4@physx@@$01@cloth@nv@@@ps@cloth@nv@@IEAAXI@Z 0000000180008580 f i CuCloth.obj
 0001:00007590       ?destroy@?$Array@VPxVec4@physx@@V?$CuHostAllocator@VPxVec4@physx@@$01@cloth@nv@@@ps@cloth@nv@@KAXPEAVPxVec4@physx@@0@Z 0000000180008590 f i CuCloth.obj
 0001:000075a0       ?deallocate@?$Array@VPxVec4@physx@@V?$CuHostAllocator@VPxVec4@physx@@$01@cloth@nv@@@ps@cloth@nv@@IEAAXPEAX@Z 00000001800085a0 f i CuCloth.obj
 0001:000075d0       ?isInUserMemory@?$Array@VPxVec4@physx@@V?$CuHostAllocator@VPxVec4@physx@@$01@cloth@nv@@@ps@cloth@nv@@QEBAIXZ 00000001800085d0 f i CuCloth.obj
 0001:000075e0       ?assign@?$Array@VPxVec4@physx@@V?$CuHostAllocator@VPxVec4@physx@@$01@cloth@nv@@@ps@cloth@nv@@QEAAXPEBVPxVec4@physx@@0@Z 00000001800085e0 f i CuCloth.obj
 0001:00007620       ?swap@?$Array@VPxVec4@physx@@V?$CuHostAllocator@VPxVec4@physx@@$01@cloth@nv@@@ps@cloth@nv@@QEAAXAEAV1234@@Z 0000000180008620 f i CuCloth.obj
 0001:00007650       ?pushBack@?$Array@VPxVec4@physx@@V?$CuHostAllocator@VPxVec4@physx@@$01@cloth@nv@@@ps@cloth@nv@@QEAAAEAVPxVec4@physx@@AEBV56@@Z 0000000180008650 f i CuCloth.obj
 0001:000076b0       ??A?$Array@VPxVec4@physx@@V?$CuHostAllocator@VPxVec4@physx@@$01@cloth@nv@@@ps@cloth@nv@@QEAAAEAVPxVec4@physx@@I@Z 00000001800086b0 f i CuCloth.obj
 0001:000076c0       ??0?$Array@VPxVec4@physx@@V?$CuHostAllocator@VPxVec4@physx@@$01@cloth@nv@@@ps@cloth@nv@@QEAA@AEBV0123@AEBV?$CuHostAllocator@VPxVec4@physx@@$01@23@@Z 00000001800086c0 f i CuCloth.obj
 0001:000076e0       ??0?$Array@VPxVec4@physx@@V?$CuHostAllocator@VPxVec4@physx@@$01@cloth@nv@@@ps@cloth@nv@@QEAA@AEBV?$CuHostAllocator@VPxVec4@physx@@$01@23@@Z 00000001800086e0 f i CuCloth.obj
 0001:00007700       ??G?$CuDevicePointer@VPxVec4@physx@@@cloth@nv@@QEBA_JAEBV012@@Z 0000000180008700 f i CuCloth.obj
 0001:00007710       ??Y?$CuDevicePointer@VPxVec4@physx@@@cloth@nv@@QEAAAEAV012@_J@Z 0000000180008710 f i CuCloth.obj
 0001:00007720       ??H?$CuDevicePointer@VPxVec4@physx@@@cloth@nv@@QEBA?AV012@AEB_J@Z 0000000180008720 f i CuCloth.obj
 0001:00007740       ??0?$CuDevicePointer@VPxVec4@physx@@@cloth@nv@@QEAA@AEBV012@@Z 0000000180008740 f i CuCloth.obj
 0001:00007750       ??0?$CuDevicePointer@VPxVec4@physx@@@cloth@nv@@QEAA@XZ 0000000180008750 f i CuCloth.obj
 0001:00007760       ?size@?$CuDeviceVector@VPxVec4@physx@@@cloth@nv@@QEBA_KXZ 0000000180008760 f i CuCloth.obj
 0001:00007770       ??4?$CuDeviceVector@VPxVec4@physx@@@cloth@nv@@QEAAAEAV012@AEBV012@@Z 0000000180008770 f i CuCloth.obj
 0001:00007800       ??0?$MappedRange@$$CBVPxVec4@physx@@@cloth@nv@@QEAA@PEBVPxVec4@physx@@0AEBVCloth@12@P8512@EBAXXZ2@Z 0000000180008800 f i CuCloth.obj
 0001:00007830       ??0?$MappedRange@VPxVec4@physx@@@cloth@nv@@QEAA@PEAVPxVec4@physx@@0AEBVCloth@12@P8512@EBAXXZ2@Z 0000000180008830 f i CuCloth.obj
 0001:00007860       ??$move@AEAV?$CuDevicePointer@VPxVec4@physx@@@cloth@nv@@@std@@YA$$QEAV?$CuDevicePointer@VPxVec4@physx@@@cloth@nv@@AEAV123@@Z 0000000180008860 f i CuCloth.obj
 0001:00007870       ??$copy@V?$CuHostAllocator@VPxVec3@physx@@$01@cloth@nv@@@?$Array@VPxVec3@physx@@V?$CuHostAllocator@VPxVec3@physx@@$01@cloth@nv@@@ps@cloth@nv@@IEAAXAEBV0123@@Z 0000000180008870 f i CuCloth.obj
 0001:000078d0       ??$copy@V?$CuHostAllocator@UIndexPair@cloth@nv@@$01@cloth@nv@@@?$Array@UIndexPair@cloth@nv@@V?$CuHostAllocator@UIndexPair@cloth@nv@@$01@23@@ps@cloth@nv@@IEAAXAEBV0123@@Z 00000001800088d0 f i CuCloth.obj
 0001:00007950       ??$swap@PEAVPxVec4@physx@@@ps@cloth@nv@@YAXAEAPEAVPxVec4@physx@@0@Z 0000000180008950 f i CuCloth.obj
 0001:00007960       ??$swap@I@ps@cloth@nv@@YAXAEAI0@Z 0000000180008960 f i CuCloth.obj
 0001:00007970       ??$copy@V?$CuHostAllocator@VPxVec4@physx@@$01@cloth@nv@@@?$Array@VPxVec4@physx@@V?$CuHostAllocator@VPxVec4@physx@@$01@cloth@nv@@@ps@cloth@nv@@IEAAXAEBV0123@@Z 0000000180008970 f i CuCloth.obj
 0001:000079d0       ?growAndPushBack@?$Array@VPxVec4@physx@@V?$CuHostAllocator@VPxVec4@physx@@$01@cloth@nv@@@ps@cloth@nv@@IEAAAEAVPxVec4@physx@@AEBV56@@Z 00000001800089d0 f i CuCloth.obj
 0001:00007aa0       ?recreate@?$Array@VPxVec4@physx@@V?$CuHostAllocator@VPxVec4@physx@@$01@cloth@nv@@@ps@cloth@nv@@IEAAXI@Z 0000000180008aa0 f i CuCloth.obj
 0001:00007b10       ?recreate@?$Array@UPhaseConfig@cloth@nv@@VNonTrackingAllocator@ps@23@@ps@cloth@nv@@IEAAXI@Z 0000000180008b10 f i CuCloth.obj
 0001:00007bd0       ?resizeUninitialized@?$Array@VPxVec3@physx@@V?$CuHostAllocator@VPxVec3@physx@@$01@cloth@nv@@@ps@cloth@nv@@QEAAXI@Z 0000000180008bd0 f i CuCloth.obj
 0001:00007c10       ?growAndPushBack@?$Array@VPxVec3@physx@@V?$CuHostAllocator@VPxVec3@physx@@$01@cloth@nv@@@ps@cloth@nv@@IEAAAEAVPxVec3@physx@@AEBV56@@Z 0000000180008c10 f i CuCloth.obj
 0001:00007cd0       ?recreate@?$Array@U?$Vec4T@G@cloth@nv@@VNonTrackingAllocator@ps@23@@ps@cloth@nv@@IEAAXI@Z 0000000180008cd0 f i CuCloth.obj
 0001:00007d80       ?recreate@?$Array@UCuPhaseConfig@cloth@nv@@VNonTrackingAllocator@ps@23@@ps@cloth@nv@@IEAAXI@Z 0000000180008d80 f i CuCloth.obj
 0001:00007e50       ?recreate@?$Array@VPxVec4@physx@@VNonTrackingAllocator@ps@cloth@nv@@@ps@cloth@nv@@IEAAXI@Z 0000000180008e50 f i CuCloth.obj
 0001:00007ef0       ?capacityIncrement@?$Array@VPxVec4@physx@@VNonTrackingAllocator@ps@cloth@nv@@@ps@cloth@nv@@IEBAIXZ 0000000180008ef0 f i CuCloth.obj
 0001:00007f10       ?copy@?$Array@VPxVec4@physx@@VNonTrackingAllocator@ps@cloth@nv@@@ps@cloth@nv@@KAXPEAVPxVec4@physx@@0PEBV56@@Z 0000000180008f10 f i CuCloth.obj
 0001:00008000       ?allocate@?$Array@VPxVec4@physx@@VNonTrackingAllocator@ps@cloth@nv@@@ps@cloth@nv@@IEAAPEAVPxVec4@physx@@I@Z 0000000180009000 f i CuCloth.obj
 0001:00008050       ?capacityIncrement@?$Array@UCuPhaseConfig@cloth@nv@@VNonTrackingAllocator@ps@23@@ps@cloth@nv@@IEBAIXZ 0000000180009050 f i CuCloth.obj
 0001:00008070       ?copy@?$Array@UCuPhaseConfig@cloth@nv@@VNonTrackingAllocator@ps@23@@ps@cloth@nv@@KAXPEAUCuPhaseConfig@34@0PEBU534@@Z 0000000180009070 f i CuCloth.obj
 0001:000080b0       ?allocate@?$Array@UCuPhaseConfig@cloth@nv@@VNonTrackingAllocator@ps@23@@ps@cloth@nv@@IEAAPEAUCuPhaseConfig@34@I@Z 00000001800090b0 f i CuCloth.obj
 0001:00008100       ?capacityIncrement@?$Array@U?$Vec4T@G@cloth@nv@@VNonTrackingAllocator@ps@23@@ps@cloth@nv@@IEBAIXZ 0000000180009100 f i CuCloth.obj
 0001:00008120       ?copy@?$Array@U?$Vec4T@G@cloth@nv@@VNonTrackingAllocator@ps@23@@ps@cloth@nv@@KAXPEAU?$Vec4T@G@34@0PEBU534@@Z 0000000180009120 f i CuCloth.obj
 0001:00008150       ?allocate@?$Array@U?$Vec4T@G@cloth@nv@@VNonTrackingAllocator@ps@23@@ps@cloth@nv@@IEAAPEAU?$Vec4T@G@34@I@Z 0000000180009150 f i CuCloth.obj
 0001:000081a0       ??G?$CuDevicePointer@M@cloth@nv@@QEBA_JAEBV012@@Z 00000001800091a0 f i CuCloth.obj
 0001:000081b0       ?get@?$CuDevicePointer@M@cloth@nv@@QEBAPEAMXZ 00000001800091b0 f i CuCloth.obj
 0001:000081c0       ?size@?$CuDeviceVector@M@cloth@nv@@QEBA_KXZ 00000001800091c0 f i CuCloth.obj
 0001:000081d0       ?reserve@?$Array@IVNonTrackingAllocator@ps@cloth@nv@@@ps@cloth@nv@@QEAAXI@Z 00000001800091d0 f i CuCloth.obj
 0001:000081e0       ?resize@?$CuDeviceVector@U?$Vec4T@G@cloth@nv@@@cloth@nv@@QEAAX_K@Z 00000001800091e0 f i CuCloth.obj
 0001:00008300       ??H?$CuDevicePointer@I@cloth@nv@@QEBA?AV012@AEB_J@Z 0000000180009300 f i CuCloth.obj
 0001:00008320       ?reserve@?$CuDeviceVector@I@cloth@nv@@QEAAX_K@Z 0000000180009320 f i CuCloth.obj
 0001:00008400       ?capacity@?$CuDeviceVector@I@cloth@nv@@QEBA_KXZ 0000000180009400 f i CuCloth.obj
 0001:00008410       ?grow@?$Array@VPxVec3@physx@@V?$CuHostAllocator@VPxVec3@physx@@$01@cloth@nv@@@ps@cloth@nv@@IEAAXI@Z 0000000180009410 f i CuCloth.obj
 0001:00008420       ?copy@?$Array@VPxVec3@physx@@V?$CuHostAllocator@VPxVec3@physx@@$01@cloth@nv@@@ps@cloth@nv@@KAXPEAVPxVec3@physx@@0PEBV56@@Z 0000000180009420 f i CuCloth.obj
 0001:000084e0       ?create@?$Array@VPxVec3@physx@@V?$CuHostAllocator@VPxVec3@physx@@$01@cloth@nv@@@ps@cloth@nv@@KAXPEAVPxVec3@physx@@0AEBV56@@Z 00000001800094e0 f i CuCloth.obj
 0001:00008580       ?end@?$Array@VPxVec3@physx@@V?$CuHostAllocator@VPxVec3@physx@@$01@cloth@nv@@@ps@cloth@nv@@QEAAPEAVPxVec3@physx@@XZ 0000000180009580 f i CuCloth.obj
 0001:00008590       ?deallocate@?$CuHostAllocator@VPxVec3@physx@@$01@cloth@nv@@QEAAXPEAX@Z 0000000180009590 f i CuCloth.obj
 0001:000085c0       ?grow@?$Array@IV?$CuHostAllocator@I$01@cloth@nv@@@ps@cloth@nv@@IEAAXI@Z 00000001800095c0 f i CuCloth.obj
 0001:000085d0       ?create@?$Array@IV?$CuHostAllocator@I$01@cloth@nv@@@ps@cloth@nv@@KAXPEAI0AEBI@Z 00000001800095d0 f i CuCloth.obj
 0001:00008660       ?replaceWithLast@?$Array@IV?$CuHostAllocator@I$01@cloth@nv@@@ps@cloth@nv@@QEAAXI@Z 0000000180009660 f i CuCloth.obj
 0001:00008680       ?deallocate@?$CuHostAllocator@I$01@cloth@nv@@QEAAXPEAX@Z 0000000180009680 f i CuCloth.obj
 0001:000086b0       ?grow@?$Array@UIndexPair@cloth@nv@@V?$CuHostAllocator@UIndexPair@cloth@nv@@$01@23@@ps@cloth@nv@@IEAAXI@Z 00000001800096b0 f i CuCloth.obj
 0001:000086c0       ?create@?$Array@UIndexPair@cloth@nv@@V?$CuHostAllocator@UIndexPair@cloth@nv@@$01@23@@ps@cloth@nv@@KAXPEAUIndexPair@34@0AEBU534@@Z 00000001800096c0 f i CuCloth.obj
 0001:00008750       ?replaceWithLast@?$Array@UIndexPair@cloth@nv@@V?$CuHostAllocator@UIndexPair@cloth@nv@@$01@23@@ps@cloth@nv@@QEAAXI@Z 0000000180009750 f i CuCloth.obj
 0001:00008770       ?deallocate@?$CuHostAllocator@UIndexPair@cloth@nv@@$01@cloth@nv@@QEAAXPEAX@Z 0000000180009770 f i CuCloth.obj
 0001:000087a0       ?capacityIncrement@?$Array@UPhaseConfig@cloth@nv@@VNonTrackingAllocator@ps@23@@ps@cloth@nv@@IEBAIXZ 00000001800097a0 f i CuCloth.obj
 0001:000087c0       ?allocate@?$Array@UPhaseConfig@cloth@nv@@VNonTrackingAllocator@ps@23@@ps@cloth@nv@@IEAAPEAUPhaseConfig@34@I@Z 00000001800097c0 f i CuCloth.obj
 0001:00008810       ?empty@?$Array@UPhaseConfig@cloth@nv@@VNonTrackingAllocator@ps@23@@ps@cloth@nv@@QEBA_NXZ 0000000180009810 f i CuCloth.obj
 0001:00008820       ?size@?$Array@UPhaseConfig@cloth@nv@@VNonTrackingAllocator@ps@23@@ps@cloth@nv@@QEBAIXZ 0000000180009820 f i CuCloth.obj
 0001:00008830       ?begin@?$Array@UPhaseConfig@cloth@nv@@VNonTrackingAllocator@ps@23@@ps@cloth@nv@@QEBAPEBUPhaseConfig@34@XZ 0000000180009830 f i CuCloth.obj
 0001:00008840       ??H?$CuDevicePointer@UCuPhaseConfig@cloth@nv@@@cloth@nv@@QEBA?AV012@AEB_J@Z 0000000180009840 f i CuCloth.obj
 0001:00008860       ?reserve@?$CuDeviceVector@UCuPhaseConfig@cloth@nv@@@cloth@nv@@QEAAX_K@Z 0000000180009860 f i CuCloth.obj
 0001:00008970       ?capacity@?$CuDeviceVector@UCuPhaseConfig@cloth@nv@@@cloth@nv@@QEBA_KXZ 0000000180009970 f i CuCloth.obj
 0001:00008990       ?copy@?$Array@VPxVec4@physx@@V?$CuHostAllocator@VPxVec4@physx@@$01@cloth@nv@@@ps@cloth@nv@@KAXPEAVPxVec4@physx@@0PEBV56@@Z 0000000180009990 f i CuCloth.obj
 0001:00008a80       ?create@?$Array@VPxVec4@physx@@V?$CuHostAllocator@VPxVec4@physx@@$01@cloth@nv@@@ps@cloth@nv@@KAXPEAVPxVec4@physx@@0AEBV56@@Z 0000000180009a80 f i CuCloth.obj
 0001:00008b60       ?deallocate@?$CuHostAllocator@VPxVec4@physx@@$01@cloth@nv@@QEAAXPEAX@Z 0000000180009b60 f i CuCloth.obj
 0001:00008b90       ??$?0I@?$CuDevicePointer@I@cloth@nv@@QEAA@PEAI@Z 0000000180009b90 f i CuCloth.obj
 0001:00008ba0       ??$?0UCuPhaseConfig@cloth@nv@@@?$CuDevicePointer@UCuPhaseConfig@cloth@nv@@@cloth@nv@@QEAA@PEAUCuPhaseConfig@12@@Z 0000000180009ba0 f i CuCloth.obj
 0001:00008bb0       ?recreate@?$Array@UIndexPair@cloth@nv@@V?$CuHostAllocator@UIndexPair@cloth@nv@@$01@23@@ps@cloth@nv@@IEAAXI@Z 0000000180009bb0 f i CuCloth.obj
 0001:00008c30       ?recreate@?$Array@IV?$CuHostAllocator@I$01@cloth@nv@@@ps@cloth@nv@@IEAAXI@Z 0000000180009c30 f i CuCloth.obj
 0001:00008d10       ?recreate@?$Array@VPxVec3@physx@@V?$CuHostAllocator@VPxVec3@physx@@$01@cloth@nv@@@ps@cloth@nv@@IEAAXI@Z 0000000180009d10 f i CuCloth.obj
 0001:00008d80       ?grow@?$Array@IVNonTrackingAllocator@ps@cloth@nv@@@ps@cloth@nv@@IEAAXI@Z 0000000180009d80 f i CuCloth.obj
 0001:00008d90       ??H?$CuDevicePointer@U?$Vec4T@G@cloth@nv@@@cloth@nv@@QEBA?AV012@AEB_J@Z 0000000180009d90 f i CuCloth.obj
 0001:00008db0       ?reserve@?$CuDeviceVector@U?$Vec4T@G@cloth@nv@@@cloth@nv@@QEAAX_K@Z 0000000180009db0 f i CuCloth.obj
 0001:00008e90       ?capacity@?$CuDeviceVector@U?$Vec4T@G@cloth@nv@@@cloth@nv@@QEBA_KXZ 0000000180009e90 f i CuCloth.obj
 0001:00008ea0       ?capacityIncrement@?$Array@VPxVec3@physx@@V?$CuHostAllocator@VPxVec3@physx@@$01@cloth@nv@@@ps@cloth@nv@@IEBAIXZ 0000000180009ea0 f i CuCloth.obj
 0001:00008ec0       ?allocate@?$Array@VPxVec3@physx@@V?$CuHostAllocator@VPxVec3@physx@@$01@cloth@nv@@@ps@cloth@nv@@IEAAPEAVPxVec3@physx@@I@Z 0000000180009ec0 f i CuCloth.obj
 0001:00008f40       ?empty@?$Array@VPxVec3@physx@@V?$CuHostAllocator@VPxVec3@physx@@$01@cloth@nv@@@ps@cloth@nv@@QEBA_NXZ 0000000180009f40 f i CuCloth.obj
 0001:00008f50       ?begin@?$Array@VPxVec3@physx@@V?$CuHostAllocator@VPxVec3@physx@@$01@cloth@nv@@@ps@cloth@nv@@QEBAPEBVPxVec3@physx@@XZ 0000000180009f50 f i CuCloth.obj
 0001:00008f60       ?copy@?$Array@UIndexPair@cloth@nv@@V?$CuHostAllocator@UIndexPair@cloth@nv@@$01@23@@ps@cloth@nv@@KAXPEAUIndexPair@34@0PEBU534@@Z 0000000180009f60 f i CuCloth.obj
 0001:00008f90       ?allocate@?$Array@UIndexPair@cloth@nv@@V?$CuHostAllocator@UIndexPair@cloth@nv@@$01@23@@ps@cloth@nv@@IEAAPEAUIndexPair@34@I@Z 0000000180009f90 f i CuCloth.obj
 0001:00009010       ?empty@?$Array@UIndexPair@cloth@nv@@V?$CuHostAllocator@UIndexPair@cloth@nv@@$01@23@@ps@cloth@nv@@QEBA_NXZ 000000018000a010 f i CuCloth.obj
 0001:00009020       ?begin@?$Array@UIndexPair@cloth@nv@@V?$CuHostAllocator@UIndexPair@cloth@nv@@$01@23@@ps@cloth@nv@@QEBAPEBUIndexPair@34@XZ 000000018000a020 f i CuCloth.obj
 0001:00009030       ?capacityIncrement@?$Array@VPxVec4@physx@@V?$CuHostAllocator@VPxVec4@physx@@$01@cloth@nv@@@ps@cloth@nv@@IEBAIXZ 000000018000a030 f i CuCloth.obj
 0001:00009050       ?allocate@?$Array@VPxVec4@physx@@V?$CuHostAllocator@VPxVec4@physx@@$01@cloth@nv@@@ps@cloth@nv@@IEAAPEAVPxVec4@physx@@I@Z 000000018000a050 f i CuCloth.obj
 0001:000090d0       ??$?0U?$Vec4T@G@cloth@nv@@@?$CuDevicePointer@U?$Vec4T@G@cloth@nv@@@cloth@nv@@QEAA@PEAU?$Vec4T@G@12@@Z 000000018000a0d0 f i CuCloth.obj
 0001:000090e0       ?recreate@?$Array@IVNonTrackingAllocator@ps@cloth@nv@@@ps@cloth@nv@@IEAAXI@Z 000000018000a0e0 f i CuCloth.obj
 0001:00009190       ?allocate@?$CuHostAllocator@VPxVec3@physx@@$01@cloth@nv@@QEAAPEAVPxVec3@physx@@_KPEBDH@Z 000000018000a190 f i CuCloth.obj
 0001:00009210       ?copy@?$Array@IV?$CuHostAllocator@I$01@cloth@nv@@@ps@cloth@nv@@KAXPEAI0PEBI@Z 000000018000a210 f i CuCloth.obj
 0001:00009230       ?allocate@?$Array@IV?$CuHostAllocator@I$01@cloth@nv@@@ps@cloth@nv@@IEAAPEAII@Z 000000018000a230 f i CuCloth.obj
 0001:000092b0       ?allocate@?$CuHostAllocator@UIndexPair@cloth@nv@@$01@cloth@nv@@QEAAPEAUIndexPair@23@_KPEBDH@Z 000000018000a2b0 f i CuCloth.obj
 0001:00009330       ?allocate@?$CuHostAllocator@VPxVec4@physx@@$01@cloth@nv@@QEAAPEAVPxVec4@physx@@_KPEBDH@Z 000000018000a330 f i CuCloth.obj
 0001:000093a0       ?allocate@?$Array@IVNonTrackingAllocator@ps@cloth@nv@@@ps@cloth@nv@@IEAAPEAII@Z 000000018000a3a0 f i CuCloth.obj
 0001:000093f0       ?allocate@?$CuHostAllocator@I$01@cloth@nv@@QEAAPEAI_KPEBDH@Z 000000018000a3f0 f i CuCloth.obj
 0001:00009464       ??_9Cloth@cloth@nv@@$BDA@AA 000000018000a464 f i CuCloth.obj
 0001:0000946c       ??_9Cloth@cloth@nv@@$BCI@AA 000000018000a46c f i CuCloth.obj
 0001:00009480       ??2UserAllocated@cloth@nv@@SAPEAX_KPEBDHUNvClothOverload@12@@Z 000000018000a480 f i CuClothClone.obj
 0001:000094b0       ??0SwContextLock@cloth@nv@@QEAA@AEBVSwFactory@12@@Z 000000018000a4b0 f i CuClothClone.obj
 0001:000094c0       ?getPhaseConfigs@cloth@nv@@YA?AU?$Range@$$CBUPhaseConfig@cloth@nv@@@12@AEBVSwCloth@12@@Z 000000018000a4c0 f i CuClothClone.obj
 0001:00009500       ?setPhaseConfigs@cloth@nv@@YAXAEAVSwCloth@12@U?$Range@$$CBUPhaseConfig@cloth@nv@@@12@@Z 000000018000a500 f i CuClothClone.obj
 0001:00009580       ?getParticleAccelerations@cloth@nv@@YA?AU?$Range@$$CBVPxVec4@physx@@@12@AEBVSwCloth@12@@Z 000000018000a580 f i CuClothClone.obj
 0001:000095c0       ?getSelfCollisionIndices@cloth@nv@@YA?AU?$Range@$$CBI@12@AEBVSwCloth@12@@Z 000000018000a5c0 f i CuClothClone.obj
 0001:00009600       ??$PX_UNUSED@UNvClothOverload@cloth@nv@@@@YAXAEBUNvClothOverload@cloth@nv@@@Z 000000018000a600 f i CuClothClone.obj
 0001:00009610       ??$makeRange@UPhaseConfig@cloth@nv@@VNonTrackingAllocator@ps@23@@cloth@nv@@YA?AU?$Range@$$CBUPhaseConfig@cloth@nv@@@01@AEBV?$Array@UPhaseConfig@cloth@nv@@VNonTrackingAllocator@ps@23@@ps@01@@Z 000000018000a610 f i CuClothClone.obj
 0001:00009650       ??$makeRange@VPxVec4@physx@@VNonTrackingAllocator@ps@cloth@nv@@@cloth@nv@@YA?AU?$Range@$$CBVPxVec4@physx@@@01@AEBV?$Array@VPxVec4@physx@@VNonTrackingAllocator@ps@cloth@nv@@@ps@01@@Z 000000018000a650 f i CuClothClone.obj
 0001:00009680       ??$makeRange@IVNonTrackingAllocator@ps@cloth@nv@@@cloth@nv@@YA?AU?$Range@$$CBI@01@AEBV?$Array@IVNonTrackingAllocator@ps@cloth@nv@@@ps@01@@Z 000000018000a680 f i CuClothClone.obj
 0001:000096b0       ??$makeRange@VPxVec4@physx@@V?$CuHostAllocator@VPxVec4@physx@@$01@cloth@nv@@@cloth@nv@@YA?AU?$Range@$$CBVPxVec4@physx@@@01@AEBV?$Array@VPxVec4@physx@@V?$CuHostAllocator@VPxVec4@physx@@$01@cloth@nv@@@ps@01@@Z 000000018000a6b0 f i CuClothClone.obj
 0001:000096f0       ??$convertCloth@VSwFactory@cloth@nv@@VCuCloth@23@@cloth@nv@@YAPEAVSwCloth@01@AEAVSwFactory@01@AEBVCuCloth@01@@Z 000000018000a6f0 f i CuClothClone.obj
 0001:00009f00       ??$convertCloth@VCuFactory@cloth@nv@@VCuCloth@23@@cloth@nv@@YAPEAVCuCloth@01@AEAVCuFactory@01@AEBV201@@Z 000000018000af00 f i CuClothClone.obj
 0001:0000a720       ??$convertCloth@VCuFactory@cloth@nv@@VSwCloth@23@@cloth@nv@@YAPEAVCuCloth@01@AEAVCuFactory@01@AEBVSwCloth@01@@Z 000000018000b720 f i CuClothClone.obj
 0001:0000af00       ?resize@?$Array@VPxVec4@physx@@VNonTrackingAllocator@ps@cloth@nv@@@ps@cloth@nv@@QEAAXIAEBVPxVec4@physx@@@Z 000000018000bf00 f i CuClothClone.obj
[...]
 0002:0000e388       $unwind$NvClothCreateFabricCooker 0000000180077388     ClothFabricCooker.obj
 0002:0000e390       $unwind$?save@FabricCookerImpl@cloth@nv@@UEBAXAEAVPxOutputStream@physx@@_N@Z 0000000180077390     ClothFabricCooker.obj
 0002:0000e39c       $unwind$?getDescriptor@FabricCookerImpl@cloth@nv@@UEBA?AVClothFabricDesc@23@XZ 000000018007739c     ClothFabricCooker.obj
 0002:0000e3b0       $unwind$?cook@FabricCookerImpl@cloth@nv@@UEAA_NAEBVClothMeshDesc@23@VPxVec3@physx@@_N@Z 00000001800773b0     ClothFabricCooker.obj
 0002:0000e3c0       $chain$3$?cook@FabricCookerImpl@cloth@nv@@UEAA_NAEBVClothMeshDesc@23@VPxVec3@physx@@_N@Z 00000001800773c0     ClothFabricCooker.obj
 0002:0000e3e0       $chain$6$?cook@FabricCookerImpl@cloth@nv@@UEAA_NAEBVClothMeshDesc@23@VPxVec3@physx@@_N@Z 00000001800773e0     ClothFabricCooker.obj
 0002:0000e3fc       $chain$7$?cook@FabricCookerImpl@cloth@nv@@UEAA_NAEBVClothMeshDesc@23@VPxVec3@physx@@_N@Z 00000001800773fc     ClothFabricCooker.obj
 0002:0000e410       $chain$13$?cook@FabricCookerImpl@cloth@nv@@UEAA_NAEBVClothMeshDesc@23@VPxVec3@physx@@_N@Z 0000000180077410     ClothFabricCooker.obj
 0002:0000e438       $chain$14$?cook@FabricCookerImpl@cloth@nv@@UEAA_NAEBVClothMeshDesc@23@VPxVec3@physx@@_N@Z 0000000180077438     ClothFabricCooker.obj
 0002:0000e448       $chain$15$?cook@FabricCookerImpl@cloth@nv@@UEAA_NAEBVClothMeshDesc@23@VPxVec3@physx@@_N@Z 0000000180077448     ClothFabricCooker.obj
 0002:0000e458       $chain$16$?cook@FabricCookerImpl@cloth@nv@@UEAA_NAEBVClothMeshDesc@23@VPxVec3@physx@@_N@Z 0000000180077458     ClothFabricCooker.obj
 0002:0000e46c       $chain$17$?cook@FabricCookerImpl@cloth@nv@@UEAA_NAEBVClothMeshDesc@23@VPxVec3@physx@@_N@Z 000000018007746c     ClothFabricCooker.obj
 0002:0000e47c       $unwind$?classify@Edge@?A0xdb074bf4@cloth@nv@@QEAAXAEBVPxVec4@physx@@00@Z 000000018007747c     ClothFabricCooker.obj
 0002:0000e4a4       $unwind$?allocate@?$Array@UVertexDistanceCount@?A0xbeaf5c32@cloth@nv@@VNonTrackingAllocator@ps@34@@ps@cloth@nv@@IEAAPEAUVertexDistanceCount@?A0xbeaf5c32@34@I@Z 00000001800774a4     ClothGeodesicTetherCooker.obj
 0002:0000e4ac       $unwind$?allocate@?$Array@UMeshEdge@?A0xbeaf5c32@cloth@nv@@VNonTrackingAllocator@ps@34@@ps@cloth@nv@@IEAAPEAUMeshEdge@?A0xbeaf5c32@34@I@Z 00000001800774ac     ClothGeodesicTetherCooker.obj
 0002:0000e4b4       $unwind$?allocate@?$Array@UVertTriangle@?A0xbeaf5c32@cloth@nv@@VNonTrackingAllocator@ps@34@@ps@cloth@nv@@IEAAPEAUVertTriangle@?A0xbeaf5c32@34@I@Z 00000001800774b4     ClothGeodesicTetherCooker.obj
 0002:0000e4bc       $unwind$?computeGeodesicDistance@ClothGeodesicTetherCooker@cloth@nv@@IEAAMIIAEAH@Z 00000001800774bc     ClothGeodesicTetherCooker.obj
 0002:0000e4cc       $chain$0$?computeGeodesicDistance@ClothGeodesicTetherCooker@cloth@nv@@IEAAMIIAEAH@Z 00000001800774cc     ClothGeodesicTetherCooker.obj
 0002:0000e4e0       $chain$1$?computeGeodesicDistance@ClothGeodesicTetherCooker@cloth@nv@@IEAAMIIAEAH@Z 00000001800774e0     ClothGeodesicTetherCooker.obj
 0002:0000e4f4       $chain$2$?computeGeodesicDistance@ClothGeodesicTetherCooker@cloth@nv@@IEAAMIIAEAH@Z 00000001800774f4     ClothGeodesicTetherCooker.obj
 0002:0000e504       $chain$4$?computeGeodesicDistance@ClothGeodesicTetherCooker@cloth@nv@@IEAAMIIAEAH@Z 0000000180077504     ClothGeodesicTetherCooker.obj
 0002:0000e51c       $unwind$?computeEdgeIntersection@ClothGeodesicTetherCooker@cloth@nv@@IEAAHIIMAEAUPathIntersection@?A0xbeaf5c32@23@@Z 000000018007751c     ClothGeodesicTetherCooker.obj
 0002:0000e548       $chain$4$?computeEdgeIntersection@ClothGeodesicTetherCooker@cloth@nv@@IEAAHIIMAEAUPathIntersection@?A0xbeaf5c32@23@@Z 0000000180077548     ClothGeodesicTetherCooker.obj
 0002:0000e56c       $chain$5$?computeEdgeIntersection@ClothGeodesicTetherCooker@cloth@nv@@IEAAHIIMAEAUPathIntersection@?A0xbeaf5c32@23@@Z 000000018007756c     ClothGeodesicTetherCooker.obj
 0002:0000e57c       $unwind$?computeVertexIntersection@ClothGeodesicTetherCooker@cloth@nv@@IEAAHIIAEAUPathIntersection@?A0xbeaf5c32@23@@Z 000000018007757c     ClothGeodesicTetherCooker.obj
 0002:0000e5a4       $chain$13$?computeVertexIntersection@ClothGeodesicTetherCooker@cloth@nv@@IEAAHIIAEAUPathIntersection@?A0xbeaf5c32@23@@Z 00000001800775a4     ClothGeodesicTetherCooker.obj
 0002:0000e5d4       $unwind$?findVertTriNeighbors@ClothGeodesicTetherCooker@cloth@nv@@IEAAXXZ 00000001800775d4     ClothGeodesicTetherCooker.obj
 0002:0000e5e0       $chain$4$?findVertTriNeighbors@ClothGeodesicTetherCooker@cloth@nv@@IEAAXXZ 00000001800775e0     ClothGeodesicTetherCooker.obj
 0002:0000e604       $chain$5$?findVertTriNeighbors@ClothGeodesicTetherCooker@cloth@nv@@IEAAXXZ 0000000180077604     ClothGeodesicTetherCooker.obj
 0002:0000e614       $unwind$?findTriNeighbors@ClothGeodesicTetherCooker@cloth@nv@@IEAAIXZ 0000000180077614     ClothGeodesicTetherCooker.obj
 0002:0000e624       $chain$3$?findTriNeighbors@ClothGeodesicTetherCooker@cloth@nv@@IEAAIXZ 0000000180077624     ClothGeodesicTetherCooker.obj
 0002:0000e644       $chain$4$?findTriNeighbors@ClothGeodesicTetherCooker@cloth@nv@@IEAAIXZ 0000000180077644     ClothGeodesicTetherCooker.obj
 0002:0000e654       $chain$5$?findTriNeighbors@ClothGeodesicTetherCooker@cloth@nv@@IEAAIXZ 0000000180077654     ClothGeodesicTetherCooker.obj
 0002:0000e674       $unwind$?getTetherData@ClothGeodesicTetherCooker@cloth@nv@@UEBAXPEAIPEAM@Z 0000000180077674     ClothGeodesicTetherCooker.obj
 0002:0000e680       $unwind$?createTetherData@ClothGeodesicTetherCooker@cloth@nv@@IEAAXAEBVClothMeshDesc@23@@Z 0000000180077680     ClothGeodesicTetherCooker.obj
 0002:0000e690       $chain$5$?createTetherData@ClothGeodesicTetherCooker@cloth@nv@@IEAAXAEBVClothMeshDesc@23@@Z 0000000180077690     ClothGeodesicTetherCooker.obj
 0002:0000e6b8       $chain$7$?createTetherData@ClothGeodesicTetherCooker@cloth@nv@@IEAAXAEBVClothMeshDesc@23@@Z 00000001800776b8     ClothGeodesicTetherCooker.obj
 0002:0000e6d0       $chain$8$?createTetherData@ClothGeodesicTetherCooker@cloth@nv@@IEAAXAEBVClothMeshDesc@23@@Z 00000001800776d0     ClothGeodesicTetherCooker.obj
 0002:0000e6e0       $chain$9$?createTetherData@ClothGeodesicTetherCooker@cloth@nv@@IEAAXAEBVClothMeshDesc@23@@Z 00000001800776e0     ClothGeodesicTetherCooker.obj
 0002:0000e6f0       $unwind$?cook@ClothGeodesicTetherCooker@cloth@nv@@UEAA_NAEBVClothMeshDesc@23@@Z 00000001800776f0     ClothGeodesicTetherCooker.obj
 0002:0000e6f8       $unwind$?intersectRayEdge@?A0xbeaf5c32@cloth@nv@@YA_NAEBVPxVec3@physx@@000AEAM1@Z 00000001800776f8     ClothGeodesicTetherCooker.obj
 0002:0000e724       $unwind$NvClothCreateGeodesicTetherCooker 0000000180077724     ClothGeodesicTetherCooker.obj
 0002:0000e72c       $unwind$?allocate@?$Array@UUniqueEdge@?A0x6ede9fd3@cloth@nv@@VNonTrackingAllocator@ps@34@@ps@cloth@nv@@IEAAPEAUUniqueEdge@?A0x6ede9fd3@34@I@Z 000000018007772c     ClothMeshQuadifier.obj
 0002:0000e734       $unwind$NvClothCreateMeshQuadifier 0000000180077734     ClothMeshQuadifier.obj
 0002:0000e73c       $unwind$?quadify@ClothMeshQuadifierImpl@cloth@nv@@UEAA_NAEBVClothMeshDesc@23@@Z 000000018007773c     ClothMeshQuadifier.obj
 0002:0000e750       $unwind$?quadifyTriangles@?A0x6ede9fd3@cloth@nv@@YAXAEBV?$Array@UUniqueEdge@?A0x6ede9fd3@cloth@nv@@VNonTrackingAllocator@ps@34@@ps@23@AEAV?$Array@IVNonTrackingAllocator@ps@cloth@nv@@@523@1@Z 0000000180077750     ClothMeshQuadifier.obj
 0002:0000e768       $unwind$?refineUniqueEdges@?A0x6ede9fd3@cloth@nv@@YAXAEAV?$Array@UUniqueEdge@?A0x6ede9fd3@cloth@nv@@VNonTrackingAllocator@ps@34@@ps@23@PEBVPxVec3@physx@@@Z 0000000180077768     ClothMeshQuadifier.obj
 0002:0000e774       $chain$5$?refineUniqueEdges@?A0x6ede9fd3@cloth@nv@@YAXAEAV?$Array@UUniqueEdge@?A0x6ede9fd3@cloth@nv@@VNonTrackingAllocator@ps@34@@ps@23@PEBVPxVec3@physx@@@Z 0000000180077774     ClothMeshQuadifier.obj
 0002:0000e79c       $chain$12$?refineUniqueEdges@?A0x6ede9fd3@cloth@nv@@YAXAEAV?$Array@UUniqueEdge@?A0x6ede9fd3@cloth@nv@@VNonTrackingAllocator@ps@34@@ps@23@PEBVPxVec3@physx@@@Z 000000018007779c     ClothMeshQuadifier.obj
 0002:0000e7c8       $chain$13$?refineUniqueEdges@?A0x6ede9fd3@cloth@nv@@YAXAEAV?$Array@UUniqueEdge@?A0x6ede9fd3@cloth@nv@@VNonTrackingAllocator@ps@34@@ps@23@PEBVPxVec3@physx@@@Z 00000001800777c8     ClothMeshQuadifier.obj
 0002:0000e7d8       $chain$14$?refineUniqueEdges@?A0x6ede9fd3@cloth@nv@@YAXAEAV?$Array@UUniqueEdge@?A0x6ede9fd3@cloth@nv@@VNonTrackingAllocator@ps@34@@ps@23@PEBVPxVec3@physx@@@Z 00000001800777d8     ClothMeshQuadifier.obj
 0002:0000e7ec       $chain$15$?refineUniqueEdges@?A0x6ede9fd3@cloth@nv@@YAXAEAV?$Array@UUniqueEdge@?A0x6ede9fd3@cloth@nv@@VNonTrackingAllocator@ps@34@@ps@23@PEBVPxVec3@physx@@@Z 00000001800777ec     ClothMeshQuadifier.obj
 0002:0000e7fc       $chain$16$?refineUniqueEdges@?A0x6ede9fd3@cloth@nv@@YAXAEAV?$Array@UUniqueEdge@?A0x6ede9fd3@cloth@nv@@VNonTrackingAllocator@ps@34@@ps@23@PEBVPxVec3@physx@@@Z 00000001800777fc     ClothMeshQuadifier.obj
 0002:0000e80c       $unwind$?findUniqueEdge@?A0x6ede9fd3@cloth@nv@@YAIAEBV?$Array@UUniqueEdge@?A0x6ede9fd3@cloth@nv@@VNonTrackingAllocator@ps@34@@ps@23@II@Z 000000018007780c     ClothMeshQuadifier.obj
 0002:0000e814       $unwind$?computeUniqueEdges@?A0x6ede9fd3@cloth@nv@@YAXAEAV?$Array@UUniqueEdge@?A0x6ede9fd3@cloth@nv@@VNonTrackingAllocator@ps@34@@ps@23@PEBVPxVec3@physx@@AEBV?$Array@IVNonTrackingAllocator@ps@cloth@nv@@@523@@Z 0000000180077814     ClothMeshQuadifier.obj
 0002:0000e82c       $chain$0$?computeUniqueEdges@?A0x6ede9fd3@cloth@nv@@YAXAEAV?$Array@UUniqueEdge@?A0x6ede9fd3@cloth@nv@@VNonTrackingAllocator@ps@34@@ps@23@PEBVPxVec3@physx@@AEBV?$Array@IVNonTrackingAllocator@ps@cloth@nv@@@523@@Z 000000018007782c     ClothMeshQuadifier.obj
 0002:0000e840       $chain$11$?computeUniqueEdges@?A0x6ede9fd3@cloth@nv@@YAXAEAV?$Array@UUniqueEdge@?A0x6ede9fd3@cloth@nv@@VNonTrackingAllocator@ps@34@@ps@23@PEBVPxVec3@physx@@AEBV?$Array@IVNonTrackingAllocator@ps@cloth@nv@@@523@@Z 0000000180077840     ClothMeshQuadifier.obj
 0002:0000e87c       $chain$12$?computeUniqueEdges@?A0x6ede9fd3@cloth@nv@@YAXAEAV?$Array@UUniqueEdge@?A0x6ede9fd3@cloth@nv@@VNonTrackingAllocator@ps@34@@ps@23@PEBVPxVec3@physx@@AEBV?$Array@IVNonTrackingAllocator@ps@cloth@nv@@@523@@Z 000000018007787c     ClothMeshQuadifier.obj
 0002:0000e88c       $chain$13$?computeUniqueEdges@?A0x6ede9fd3@cloth@nv@@YAXAEAV?$Array@UUniqueEdge@?A0x6ede9fd3@cloth@nv@@VNonTrackingAllocator@ps@34@@ps@23@PEBVPxVec3@physx@@AEBV?$Array@IVNonTrackingAllocator@ps@cloth@nv@@@523@@Z 000000018007788c     ClothMeshQuadifier.obj
 0002:0000e89c       $unwind$?getTetherData@ClothSimpleTetherCooker@cloth@nv@@UEBAXPEAIPEAM@Z 000000018007789c     ClothSimpleTetherCooker.obj
 0002:0000e8a8       $unwind$?createTetherData@ClothSimpleTetherCooker@cloth@nv@@IEAAXAEBVClothMeshDesc@23@@Z 00000001800778a8     ClothSimpleTetherCooker.obj
 0002:0000e8b8       $chain$0$?createTetherData@ClothSimpleTetherCooker@cloth@nv@@IEAAXAEBVClothMeshDesc@23@@Z 00000001800778b8     ClothSimpleTetherCooker.obj
 0002:0000e8cc       $chain$4$?createTetherData@ClothSimpleTetherCooker@cloth@nv@@IEAAXAEBVClothMeshDesc@23@@Z 00000001800778cc     ClothSimpleTetherCooker.obj
 0002:0000e8ec       $chain$5$?createTetherData@ClothSimpleTetherCooker@cloth@nv@@IEAAXAEBVClothMeshDesc@23@@Z 00000001800778ec     ClothSimpleTetherCooker.obj
 0002:0000e900       $chain$6$?createTetherData@ClothSimpleTetherCooker@cloth@nv@@IEAAXAEBVClothMeshDesc@23@@Z 0000000180077900     ClothSimpleTetherCooker.obj
 0002:0000e910       $chain$7$?createTetherData@ClothSimpleTetherCooker@cloth@nv@@IEAAXAEBVClothMeshDesc@23@@Z 0000000180077910     ClothSimpleTetherCooker.obj
 0002:0000e924       $chain$8$?createTetherData@ClothSimpleTetherCooker@cloth@nv@@IEAAXAEBVClothMeshDesc@23@@Z 0000000180077924     ClothSimpleTetherCooker.obj
 0002:0000e934       $chain$9$?createTetherData@ClothSimpleTetherCooker@cloth@nv@@IEAAXAEBVClothMeshDesc@23@@Z 0000000180077934     ClothSimpleTetherCooker.obj
 0002:0000e944       $unwind$?cook@ClothSimpleTetherCooker@cloth@nv@@UEAA_NAEBVClothMeshDesc@23@@Z 0000000180077944     ClothSimpleTetherCooker.obj
 0002:0000e94c       $unwind$NvClothCreateSimpleTetherCooker 000000018007794c     ClothSimpleTetherCooker.obj
 0002:0000ea50       .edata                     0000000180077a50     NvCloth_x64.exp
 0002:0000ea78       rgpv                       0000000180077a78     NvCloth_x64.exp
 0002:0000eb20       rgszName                   0000000180077b20     NvCloth_x64.exp
 0002:0000ebc8       rgwOrd                     0000000180077bc8     NvCloth_x64.exp
 0002:0000ec1c       szName                     0000000180077c1c     NvCloth_x64.exp
 0002:0000ec2c       $N00001                    0000000180077c2c     NvCloth_x64.exp
 0002:0000ec52       $N00002                    0000000180077c52     NvCloth_x64.exp
 0002:0000ec81       $N00003                    0000000180077c81     NvCloth_x64.exp
 0002:0000eca8       $N00004                    0000000180077ca8     NvCloth_x64.exp
 0002:0000ecf3       $N00005                    0000000180077cf3     NvCloth_x64.exp
 0002:0000ed1a       $N00006                    0000000180077d1a     NvCloth_x64.exp
 0002:0000ed4d       $N00007                    0000000180077d4d     NvCloth_x64.exp
 0002:0000ed82       $N00008                    0000000180077d82     NvCloth_x64.exp
 0002:0000edb5       $N00009                    0000000180077db5     NvCloth_x64.exp
 0002:0000edeb       $N00010                    0000000180077deb     NvCloth_x64.exp
 0002:0000ee1d       $N00011                    0000000180077e1d     NvCloth_x64.exp
 0002:0000ee5f       $N00012                    0000000180077e5f     NvCloth_x64.exp
 0002:0000ee83       $N00013                    0000000180077e83     NvCloth_x64.exp
 0002:0000eea6       $N00014                    0000000180077ea6     NvCloth_x64.exp
 0002:0000eef6       $N00015                    0000000180077ef6     NvCloth_x64.exp
 0002:0000ef46       $N00016                    0000000180077f46     NvCloth_x64.exp
 0002:0000ef79       $N00017                    0000000180077f79     NvCloth_x64.exp
 0002:0000ef9c       $N00018                    0000000180077f9c     NvCloth_x64.exp
 0002:0000efcc       $N00019                    0000000180077fcc     NvCloth_x64.exp
 0002:0000f00c       $N00020                    000000018007800c     NvCloth_x64.exp
 0002:0000f034       $N00021                    0000000180078034     NvCloth_x64.exp
 0002:0000f05c       $N00022                    000000018007805c     NvCloth_x64.exp
 0002:0000f084       $N00023                    0000000180078084     NvCloth_x64.exp
 0002:0000f0a7       $N00024                    00000001800780a7     NvCloth_x64.exp
 0002:0000f0d6       $N00025                    00000001800780d6     NvCloth_x64.exp
 0002:0000f10e       $N00026                    000000018007810e     NvCloth_x64.exp
 0002:0000f146       $N00027                    0000000180078146     NvCloth_x64.exp
 0002:0000f15a       $N00028                    000000018007815a     NvCloth_x64.exp
 0002:0000f172       $N00029                    0000000180078172     NvCloth_x64.exp
 0002:0000f184       $N00030                    0000000180078184     NvCloth_x64.exp
 0002:0000f1a3       $N00031                    00000001800781a3     NvCloth_x64.exp
 0002:0000f1c0       $N00032                    00000001800781c0     NvCloth_x64.exp
 0002:0000f1da       $N00033                    00000001800781da     NvCloth_x64.exp
 0002:0000f1f4       $N00034                    00000001800781f4     NvCloth_x64.exp
 0002:0000f20c       $N00035                    000000018007820c     NvCloth_x64.exp
 0002:0000f225       $N00036                    0000000180078225     NvCloth_x64.exp
 0002:0000f23e       $N00037                    000000018007823e     NvCloth_x64.exp
 0002:0000f260       $N00038                    0000000180078260     NvCloth_x64.exp
 0002:0000f27b       $N00039                    000000018007827b     NvCloth_x64.exp
 0002:0000f29b       $N00040                    000000018007829b     NvCloth_x64.exp
 0002:0000f2b9       $N00041                    00000001800782b9     NvCloth_x64.exp
 0002:0000f2cf       $N00042                    00000001800782cf     NvCloth_x64.exp
 0002:0000f572       .idata$6                   0000000180078572     kernel32:KERNEL32.dll
 0002:0000f64a       .idata$6                   000000018007864a     vcruntime:VCRUNTIME140.dll
 0002:0000f78a       .idata$6                   000000018007878a     ucrt:api-ms-win-crt-stdio-l1-1-0.dll
 0002:0000f7aa       .idata$6                   00000001800787aa     ucrt:api-ms-win-crt-heap-l1-1-0.dll
 0002:0000f7ca       .idata$6                   00000001800787ca     ucrt:api-ms-win-crt-runtime-l1-1-0.dll
 0002:0000f982       .idata$6                   0000000180078982     ucrt:api-ms-win-crt-math-l1-1-0.dll
 0003:001d7a48       ?sGridLength@?A0xcd7a60c0@@3USimd4fScalarFactory@cloth@nv@@B 0000000180250a48     SwCollision.obj
 0003:001d7a4c       ?sGridExpand@?A0xcd7a60c0@@3USimd4fScalarFactory@cloth@nv@@B 0000000180250a4c     SwCollision.obj
 0003:001d7a50       ?gSimd4fOneXYZ@?A0xcd7a60c0@@3USimd4fTupleFactory@cloth@nv@@B 0000000180250a50     SwCollision.obj
 0003:001d7a60       ?sMaskZ@?A0xcd7a60c0@@3USimd4fTupleFactory@cloth@nv@@B 0000000180250a60     SwCollision.obj
 0003:001d7a70       ?sMinusFloatMaxXYZ@?A0xcd7a60c0@@3USimd4fTupleFactory@cloth@nv@@B 0000000180250a70     SwCollision.obj
 0003:001d7a80       ?sMaskX@?A0xcd7a60c0@@3USimd4fTupleFactory@cloth@nv@@B 0000000180250a80     SwCollision.obj
 0003:001d7a90       ?sMaskW@?A0xcd7a60c0@@3USimd4fTupleFactory@cloth@nv@@B 0000000180250a90     SwCollision.obj
 0003:001d7aa0       ?sZeroW@?A0x04d9b14f@@3USimd4fTupleFactory@cloth@nv@@B 0000000180250aa0     SwInterCollision.obj
 0003:001d7ab0       ?sMaskXYZ@?A0x04d9b14f@@3USimd4fTupleFactory@cloth@nv@@B 0000000180250ab0     SwInterCollision.obj
 0003:001d7ac0       ?sEpsilon@?A0x04d9b14f@@3USimd4fScalarFactory@cloth@nv@@B 0000000180250ac0     SwInterCollision.obj
 0003:001d7ad0       ?sMaskW@?A0x04d9b14f@@3USimd4fTupleFactory@cloth@nv@@B 0000000180250ad0     SwInterCollision.obj
 0003:001d7ae0       ?sMaskYZW@?A0x08d47aad@@3USimd4fTupleFactory@cloth@nv@@B 0000000180250ae0     SwSolverKernel.obj
 0003:001d7af0       ?sMaskXY@?A0x08d47aad@@3USimd4fTupleFactory@cloth@nv@@B 0000000180250af0     SwSolverKernel.obj
 0003:001d7b00       ?sFloatMaxW@?A0x08d47aad@@3USimd4fTupleFactory@cloth@nv@@B 0000000180250b00     SwSolverKernel.obj
 0003:001d7b10       ?sMinusFloatMaxXYZ@?A0x08d47aad@@3USimd4fTupleFactory@cloth@nv@@B 0000000180250b10     SwSolverKernel.obj
 0003:001d7b20       ?sMaskXYZ@?A0x08d47aad@@3USimd4fTupleFactory@cloth@nv@@B 0000000180250b20     SwSolverKernel.obj
 0003:001d7b30       ?sMinusOneXYZOneW@?A0x08d47aad@@3USimd4fTupleFactory@cloth@nv@@B 0000000180250b30     SwSolverKernel.obj
 0003:001d7b40       ?sMaskW@?A0x08d47aad@@3USimd4fTupleFactory@cloth@nv@@B 0000000180250b40     SwSolverKernel.obj
 0003:001d7c20       loader_init_control        0000000180250c20     cuda:cuda_driverloader_driverLoaderCore.obj
 0003:001d7c28       ?__proc_attached@@3HA      0000000180250c28     MSVCRT:dll_dllmain.obj
 0003:001d7c58       ?is_initialized_as_dll@@3_NA 0000000180250c58     MSVCRT:utility.obj
 0003:001d7c59       ?module_local_atexit_table_initialized@@3_NA 0000000180250c59     MSVCRT:utility.obj
 0003:001d7c60       ?module_local_atexit_table@@3U_onexit_table_t@@A 0000000180250c60     MSVCRT:utility.obj
 0003:001d7c78       ?module_local_at_quick_exit_table@@3U_onexit_table_t@@A 0000000180250c78     MSVCRT:utility.obj
 0003:001d7d60       ?sAvxSupport@?A0x08d47aad@@3IB 0000000180250d60     SwSolverKernel.obj
 0003:001d7d68       ?sContext@cloth@nv@@3UNvClothContext@12@A 0000000180250d68     Callbacks.obj
 0003:001d7d90       ?sNextFabricId@?1??getNextFabricId@cloth@nv@@YAIXZ@4IA 0000000180250d90     Factory.obj
 0005:00000060       $R000000                   0000000180259060     * linker generated manifest res *
